Archive member included to satisfy reference by file (symbol)

c:/direct/st/stm32cubeide_1.9.0/stm32cubeide/plugins/com.st.stm32cube.ide.mcu.externaltools.gnu-tools-for-stm32.10.3-2021.10.win32_1.0.0.202111181127/tools/bin/../lib/gcc/arm-none-eabi/10.3.1/../../../../arm-none-eabi/lib/thumb/v7-m/nofp\libc.a(lib_a-errno.o)
                              ./Src/syscalls.o (__errno)
c:/direct/st/stm32cubeide_1.9.0/stm32cubeide/plugins/com.st.stm32cube.ide.mcu.externaltools.gnu-tools-for-stm32.10.3-2021.10.win32_1.0.0.202111181127/tools/bin/../lib/gcc/arm-none-eabi/10.3.1/../../../../arm-none-eabi/lib/thumb/v7-m/nofp\libc.a(lib_a-exit.o)
                              c:/direct/st/stm32cubeide_1.9.0/stm32cubeide/plugins/com.st.stm32cube.ide.mcu.externaltools.gnu-tools-for-stm32.10.3-2021.10.win32_1.0.0.202111181127/tools/bin/../lib/gcc/arm-none-eabi/10.3.1/../../../../arm-none-eabi/lib/thumb/v7-m/nofp/crt0.o (exit)
c:/direct/st/stm32cubeide_1.9.0/stm32cubeide/plugins/com.st.stm32cube.ide.mcu.externaltools.gnu-tools-for-stm32.10.3-2021.10.win32_1.0.0.202111181127/tools/bin/../lib/gcc/arm-none-eabi/10.3.1/../../../../arm-none-eabi/lib/thumb/v7-m/nofp\libc.a(lib_a-impure.o)
                              c:/direct/st/stm32cubeide_1.9.0/stm32cubeide/plugins/com.st.stm32cube.ide.mcu.externaltools.gnu-tools-for-stm32.10.3-2021.10.win32_1.0.0.202111181127/tools/bin/../lib/gcc/arm-none-eabi/10.3.1/../../../../arm-none-eabi/lib/thumb/v7-m/nofp\libc.a(lib_a-exit.o) (_global_impure_ptr)
c:/direct/st/stm32cubeide_1.9.0/stm32cubeide/plugins/com.st.stm32cube.ide.mcu.externaltools.gnu-tools-for-stm32.10.3-2021.10.win32_1.0.0.202111181127/tools/bin/../lib/gcc/arm-none-eabi/10.3.1/../../../../arm-none-eabi/lib/thumb/v7-m/nofp\libc.a(lib_a-init.o)
                              c:/direct/st/stm32cubeide_1.9.0/stm32cubeide/plugins/com.st.stm32cube.ide.mcu.externaltools.gnu-tools-for-stm32.10.3-2021.10.win32_1.0.0.202111181127/tools/bin/../lib/gcc/arm-none-eabi/10.3.1/../../../../arm-none-eabi/lib/thumb/v7-m/nofp/crt0.o (__libc_init_array)
c:/direct/st/stm32cubeide_1.9.0/stm32cubeide/plugins/com.st.stm32cube.ide.mcu.externaltools.gnu-tools-for-stm32.10.3-2021.10.win32_1.0.0.202111181127/tools/bin/../lib/gcc/arm-none-eabi/10.3.1/../../../../arm-none-eabi/lib/thumb/v7-m/nofp\libc.a(lib_a-malloc.o)
                              ./Src/App/settings.o (malloc)
c:/direct/st/stm32cubeide_1.9.0/stm32cubeide/plugins/com.st.stm32cube.ide.mcu.externaltools.gnu-tools-for-stm32.10.3-2021.10.win32_1.0.0.202111181127/tools/bin/../lib/gcc/arm-none-eabi/10.3.1/../../../../arm-none-eabi/lib/thumb/v7-m/nofp\libc.a(lib_a-mallocr.o)
                              c:/direct/st/stm32cubeide_1.9.0/stm32cubeide/plugins/com.st.stm32cube.ide.mcu.externaltools.gnu-tools-for-stm32.10.3-2021.10.win32_1.0.0.202111181127/tools/bin/../lib/gcc/arm-none-eabi/10.3.1/../../../../arm-none-eabi/lib/thumb/v7-m/nofp\libc.a(lib_a-malloc.o) (_malloc_r)
c:/direct/st/stm32cubeide_1.9.0/stm32cubeide/plugins/com.st.stm32cube.ide.mcu.externaltools.gnu-tools-for-stm32.10.3-2021.10.win32_1.0.0.202111181127/tools/bin/../lib/gcc/arm-none-eabi/10.3.1/../../../../arm-none-eabi/lib/thumb/v7-m/nofp\libc.a(lib_a-memcpy-stub.o)
                              ./Src/App/Device/general.o (memcpy)
c:/direct/st/stm32cubeide_1.9.0/stm32cubeide/plugins/com.st.stm32cube.ide.mcu.externaltools.gnu-tools-for-stm32.10.3-2021.10.win32_1.0.0.202111181127/tools/bin/../lib/gcc/arm-none-eabi/10.3.1/../../../../arm-none-eabi/lib/thumb/v7-m/nofp\libc.a(lib_a-memset.o)
                              c:/direct/st/stm32cubeide_1.9.0/stm32cubeide/plugins/com.st.stm32cube.ide.mcu.externaltools.gnu-tools-for-stm32.10.3-2021.10.win32_1.0.0.202111181127/tools/bin/../lib/gcc/arm-none-eabi/10.3.1/../../../../arm-none-eabi/lib/thumb/v7-m/nofp/crt0.o (memset)
c:/direct/st/stm32cubeide_1.9.0/stm32cubeide/plugins/com.st.stm32cube.ide.mcu.externaltools.gnu-tools-for-stm32.10.3-2021.10.win32_1.0.0.202111181127/tools/bin/../lib/gcc/arm-none-eabi/10.3.1/../../../../arm-none-eabi/lib/thumb/v7-m/nofp\libc.a(lib_a-mlock.o)
                              c:/direct/st/stm32cubeide_1.9.0/stm32cubeide/plugins/com.st.stm32cube.ide.mcu.externaltools.gnu-tools-for-stm32.10.3-2021.10.win32_1.0.0.202111181127/tools/bin/../lib/gcc/arm-none-eabi/10.3.1/../../../../arm-none-eabi/lib/thumb/v7-m/nofp\libc.a(lib_a-mallocr.o) (__malloc_lock)
c:/direct/st/stm32cubeide_1.9.0/stm32cubeide/plugins/com.st.stm32cube.ide.mcu.externaltools.gnu-tools-for-stm32.10.3-2021.10.win32_1.0.0.202111181127/tools/bin/../lib/gcc/arm-none-eabi/10.3.1/../../../../arm-none-eabi/lib/thumb/v7-m/nofp\libc.a(lib_a-sbrkr.o)
                              c:/direct/st/stm32cubeide_1.9.0/stm32cubeide/plugins/com.st.stm32cube.ide.mcu.externaltools.gnu-tools-for-stm32.10.3-2021.10.win32_1.0.0.202111181127/tools/bin/../lib/gcc/arm-none-eabi/10.3.1/../../../../arm-none-eabi/lib/thumb/v7-m/nofp\libc.a(lib_a-mallocr.o) (_sbrk_r)
[...]
Memory Configuration

Name             Origin             Length             Attributes
RAM              0x0000000020000000 0x0000000000005000 xrw
FLASH            0x0000000008000000 0x0000000000010000 xr
*default*        0x0000000000000000 0xffffffffffffffff

Linker script and memory map

LOAD c:/direct/st/stm32cubeide_1.9.0/stm32cubeide/plugins/com.st.stm32cube.ide.mcu.externaltools.gnu-tools-for-stm32.10.3-2021.10.win32_1.0.0.202111181127/tools/bin/../lib/gcc/arm-none-eabi/10.3.1/thumb/v7-m/nofp/crti.o
LOAD c:/direct/st/stm32cubeide_1.9.0/stm32cubeide/plugins/com.st.stm32cube.ide.mcu.externaltools.gnu-tools-for-stm32.10.3-2021.10.win32_1.0.0.202111181127/tools/bin/../lib/gcc/arm-none-eabi/10.3.1/thumb/v7-m/nofp/crtbegin.o
LOAD c:/direct/st/stm32cubeide_1.9.0/stm32cubeide/plugins/com.st.stm32cube.ide.mcu.externaltools.gnu-tools-for-stm32.10.3-2021.10.win32_1.0.0.202111181127/tools/bin/../lib/gcc/arm-none-eabi/10.3.1/../../../../arm-none-eabi/lib/thumb/v7-m/nofp/crt0.o
LOAD ./Drivers/STM32F1xx_HAL_Driver/Src/stm32f1xx_hal.o
LOAD ./Drivers/STM32F1xx_HAL_Driver/Src/stm32f1xx_hal_cortex.o
LOAD ./Drivers/STM32F1xx_HAL_Driver/Src/stm32f1xx_hal_crc.o
LOAD ./Drivers/STM32F1xx_HAL_Driver/Src/stm32f1xx_hal_dma.o
LOAD ./Drivers/STM32F1xx_HAL_Driver/Src/stm32f1xx_hal_exti.o
LOAD ./Drivers/STM32F1xx_HAL_Driver/Src/stm32f1xx_hal_flash.o
LOAD ./Drivers/STM32F1xx_HAL_Driver/Src/stm32f1xx_hal_flash_ex.o
LOAD ./Drivers/STM32F1xx_HAL_Driver/Src/stm32f1xx_hal_gpio.o
LOAD ./Drivers/STM32F1xx_HAL_Driver/Src/stm32f1xx_hal_gpio_ex.o
LOAD ./Drivers/STM32F1xx_HAL_Driver/Src/stm32f1xx_hal_pwr.o
LOAD ./Drivers/STM32F1xx_HAL_Driver/Src/stm32f1xx_hal_rcc.o
LOAD ./Drivers/STM32F1xx_HAL_Driver/Src/stm32f1xx_hal_rcc_ex.o
LOAD ./Drivers/STM32F1xx_HAL_Driver/Src/stm32f1xx_hal_tim.o
LOAD ./Drivers/STM32F1xx_HAL_Driver/Src/stm32f1xx_hal_tim_ex.o
LOAD ./Drivers/STM32F1xx_HAL_Driver/Src/stm32f1xx_hal_uart.o
LOAD ./Src/App/Device/bluetooth.o
LOAD ./Src/App/Device/button.o
LOAD ./Src/App/Device/flash.o
LOAD ./Src/App/Device/general.o
LOAD ./Src/App/Device/interrupts.o
LOAD ./Src/App/Device/led.o
LOAD ./Src/App/Device/servo.o
LOAD ./Src/App/anim_data.o
LOAD ./Src/App/animation.o
LOAD ./Src/App/app.o
LOAD ./Src/App/parser.o
LOAD ./Src/App/settings.o
LOAD ./Src/main.o
LOAD ./Src/stm32f1xx_hal_msp.o
LOAD ./Src/stm32f1xx_it.o
LOAD ./Src/syscalls.o
LOAD ./Src/sysmem.o
LOAD ./Src/system_stm32f1xx.o
LOAD ./Startup/startup_stm32f103c8tx.o
START GROUP
LOAD c:/direct/st/stm32cubeide_1.9.0/stm32cubeide/plugins/com.st.stm32cube.ide.mcu.externaltools.gnu-tools-for-stm32.10.3-2021.10.win32_1.0.0.202111181127/tools/bin/../lib/gcc/arm-none-eabi/10.3.1/../../../../arm-none-eabi/lib/thumb/v7-m/nofp\libc.a
LOAD c:/direct/st/stm32cubeide_1.9.0/stm32cubeide/plugins/com.st.stm32cube.ide.mcu.externaltools.gnu-tools-for-stm32.10.3-2021.10.win32_1.0.0.202111181127/tools/bin/../lib/gcc/arm-none-eabi/10.3.1/../../../../arm-none-eabi/lib/thumb/v7-m/nofp\libm.a
END GROUP
START GROUP
LOAD c:/direct/st/stm32cubeide_1.9.0/stm32cubeide/plugins/com.st.stm32cube.ide.mcu.externaltools.gnu-tools-for-stm32.10.3-2021.10.win32_1.0.0.202111181127/tools/bin/../lib/gcc/arm-none-eabi/10.3.1/thumb/v7-m/nofp\libgcc.a
LOAD c:/direct/st/stm32cubeide_1.9.0/stm32cubeide/plugins/com.st.stm32cube.ide.mcu.externaltools.gnu-tools-for-stm32.10.3-2021.10.win32_1.0.0.202111181127/tools/bin/../lib/gcc/arm-none-eabi/10.3.1/../../../../arm-none-eabi/lib/thumb/v7-m/nofp\libc.a
END GROUP
START GROUP
LOAD c:/direct/st/stm32cubeide_1.9.0/stm32cubeide/plugins/com.st.stm32cube.ide.mcu.externaltools.gnu-tools-for-stm32.10.3-2021.10.win32_1.0.0.202111181127/tools/bin/../lib/gcc/arm-none-eabi/10.3.1/thumb/v7-m/nofp\libgcc.a
LOAD c:/direct/st/stm32cubeide_1.9.0/stm32cubeide/plugins/com.st.stm32cube.ide.mcu.externaltools.gnu-tools-for-stm32.10.3-2021.10.win32_1.0.0.202111181127/tools/bin/../lib/gcc/arm-none-eabi/10.3.1/../../../../arm-none-eabi/lib/thumb/v7-m/nofp\libc.a
LOAD c:/direct/st/stm32cubeide_1.9.0/stm32cubeide/plugins/com.st.stm32cube.ide.mcu.externaltools.gnu-tools-for-stm32.10.3-2021.10.win32_1.0.0.202111181127/tools/bin/../lib/gcc/arm-none-eabi/10.3.1/../../../../arm-none-eabi/lib/thumb/v7-m/nofp\libnosys.a
END GROUP
LOAD c:/direct/st/stm32cubeide_1.9.0/stm32cubeide/plugins/com.st.stm32cube.ide.mcu.externaltools.gnu-tools-for-stm32.10.3-2021.10.win32_1.0.0.202111181127/tools/bin/../lib/gcc/arm-none-eabi/10.3.1/thumb/v7-m/nofp/crtend.o
LOAD c:/direct/st/stm32cubeide_1.9.0/stm32cubeide/plugins/com.st.stm32cube.ide.mcu.externaltools.gnu-tools-for-stm32.10.3-2021.10.win32_1.0.0.202111181127/tools/bin/../lib/gcc/arm-none-eabi/10.3.1/thumb/v7-m/nofp/crtn.o
                0x0000000020005000                _estack = 0x20005000
                0x0000000000000200                _Min_Heap_Size = 0x200
                0x0000000000000400                _Min_Stack_Size = 0x400

.isr_vector     0x0000000008000000      0x10c
                0x0000000008000000                . = ALIGN (0x4)
 *(.isr_vector)
 .isr_vector    0x0000000008000000      0x10c ./Startup/startup_stm32f103c8tx.o
                0x0000000008000000                g_pfnVectors
                0x000000000800010c                . = ALIGN (0x4)

.text           0x000000000800010c     0x6900
                0x000000000800010c                . = ALIGN (0x4)
 *(.text)
 .text          0x000000000800010c       0x40 c:/direct/st/stm32cubeide_1.9.0/stm32cubeide/plugins/com.st.stm32cube.ide.mcu.externaltools.gnu-tools-for-stm32.10.3-2021.10.win32_1.0.0.202111181127/tools/bin/../lib/gcc/arm-none-eabi/10.3.1/thumb/v7-m/nofp/crtbegin.o
 .text          0x000000000800014c      0x378 c:/direct/st/stm32cubeide_1.9.0/stm32cubeide/plugins/com.st.stm32cube.ide.mcu.externaltools.gnu-tools-for-stm32.10.3-2021.10.win32_1.0.0.202111181127/tools/bin/../lib/gcc/arm-none-eabi/10.3.1/thumb/v7-m/nofp\libgcc.a(_arm_addsubdf3.o)
                0x000000000800014c                __aeabi_drsub
                0x0000000008000154                __aeabi_dsub
                0x0000000008000154                __subdf3
                0x0000000008000158                __aeabi_dadd
                0x0000000008000158                __adddf3
                0x00000000080003d0                __floatunsidf
                0x00000000080003d0                __aeabi_ui2d
                0x00000000080003f0                __floatsidf
                0x00000000080003f0                __aeabi_i2d
                0x0000000008000414                __aeabi_f2d
                0x0000000008000414                __extendsfdf2
                0x0000000008000458                __floatundidf
                0x0000000008000458                __aeabi_ul2d
                0x0000000008000468                __floatdidf
                0x0000000008000468                __aeabi_l2d
 .text          0x00000000080004c4      0x110 c:/direct/st/stm32cubeide_1.9.0/stm32cubeide/plugins/com.st.stm32cube.ide.mcu.externaltools.gnu-tools-for-stm32.10.3-2021.10.win32_1.0.0.202111181127/tools/bin/../lib/gcc/arm-none-eabi/10.3.1/thumb/v7-m/nofp\libgcc.a(_arm_cmpdf2.o)
                0x00000000080004c4                __gtdf2
                0x00000000080004c4                __gedf2
                0x00000000080004cc                __ltdf2
                0x00000000080004cc                __ledf2
                0x00000000080004d4                __nedf2
                0x00000000080004d4                __eqdf2
                0x00000000080004d4                __cmpdf2
                0x0000000008000550                __aeabi_cdrcmple
                0x0000000008000560                __aeabi_cdcmpeq
                0x0000000008000560                __aeabi_cdcmple
                0x0000000008000570                __aeabi_dcmpeq
                0x0000000008000584                __aeabi_dcmplt
                0x0000000008000598                __aeabi_dcmple
                0x00000000080005ac                __aeabi_dcmpge
                0x00000000080005c0                __aeabi_dcmpgt
 .text          0x00000000080005d4      0x21c c:/direct/st/stm32cubeide_1.9.0/stm32cubeide/plugins/com.st.stm32cube.ide.mcu.externaltools.gnu-tools-for-stm32.10.3-2021.10.win32_1.0.0.202111181127/tools/bin/../lib/gcc/arm-none-eabi/10.3.1/thumb/v7-m/nofp\libgcc.a(_arm_addsubsf3.o)
                0x00000000080005d4                __aeabi_frsub
                0x00000000080005dc                __subsf3
                0x00000000080005dc                __aeabi_fsub
                0x00000000080005e0                __aeabi_fadd
                0x00000000080005e0                __addsf3
                0x0000000008000740                __aeabi_ui2f
                0x0000000008000740                __floatunsisf
                0x0000000008000748                __aeabi_i2f
                0x0000000008000748                __floatsisf
                0x0000000008000764                __aeabi_ul2f
                0x0000000008000764                __floatundisf
                0x0000000008000774                __aeabi_l2f
                0x0000000008000774                __floatdisf
 .text          0x00000000080007f0      0x2a0 c:/direct/st/stm32cubeide_1.9.0/stm32cubeide/plugins/com.st.stm32cube.ide.mcu.externaltools.gnu-tools-for-stm32.10.3-2021.10.win32_1.0.0.202111181127/tools/bin/../lib/gcc/arm-none-eabi/10.3.1/thumb/v7-m/nofp\libgcc.a(_arm_muldivsf3.o)
                0x00000000080007f0                __mulsf3
                0x00000000080007f0                __aeabi_fmul
                0x0000000008000958                __aeabi_fdiv
                0x0000000008000958                __divsf3
 .text          0x0000000008000a90       0xec c:/direct/st/stm32cubeide_1.9.0/stm32cubeide/plugins/com.st.stm32cube.ide.mcu.externaltools.gnu-tools-for-stm32.10.3-2021.10.win32_1.0.0.202111181127/tools/bin/../lib/gcc/arm-none-eabi/10.3.1/thumb/v7-m/nofp\libgcc.a(_arm_cmpsf2.o)
                0x0000000008000a90                __gesf2
                0x0000000008000a90                __gtsf2
                0x0000000008000a98                __lesf2
                0x0000000008000a98                __ltsf2
                0x0000000008000aa0                __nesf2
                0x0000000008000aa0                __eqsf2
                0x0000000008000aa0                __cmpsf2
                0x0000000008000b00                __aeabi_cfrcmple
                0x0000000008000b08                __aeabi_cfcmpeq
                0x0000000008000b08                __aeabi_cfcmple
                0x0000000008000b18                __aeabi_fcmpeq
                0x0000000008000b2c                __aeabi_fcmplt
                0x0000000008000b40                __aeabi_fcmple
                0x0000000008000b54                __aeabi_fcmpge
                0x0000000008000b68                __aeabi_fcmpgt
 .text          0x0000000008000b7c       0x40 c:/direct/st/stm32cubeide_1.9.0/stm32cubeide/plugins/com.st.stm32cube.ide.mcu.externaltools.gnu-tools-for-stm32.10.3-2021.10.win32_1.0.0.202111181127/tools/bin/../lib/gcc/arm-none-eabi/10.3.1/thumb/v7-m/nofp\libgcc.a(_arm_fixunssfsi.o)
                0x0000000008000b7c                __fixunssfsi
                0x0000000008000b7c                __aeabi_f2uiz
 *(.text*)
 .text.HAL_Init
                0x0000000008000bbc       0x2c ./Drivers/STM32F1xx_HAL_Driver/Src/stm32f1xx_hal.o
                0x0000000008000bbc                HAL_Init
 .text.HAL_InitTick
                0x0000000008000be8       0x60 ./Drivers/STM32F1xx_HAL_Driver/Src/stm32f1xx_hal.o
                0x0000000008000be8                HAL_InitTick
 .text.HAL_IncTick
                0x0000000008000c48       0x24 ./Drivers/STM32F1xx_HAL_Driver/Src/stm32f1xx_hal.o
                0x0000000008000c48                HAL_IncTick
 .text.HAL_GetTick
                0x0000000008000c6c       0x14 ./Drivers/STM32F1xx_HAL_Driver/Src/stm32f1xx_hal.o
                0x0000000008000c6c                HAL_GetTick
 .text.HAL_Delay
                0x0000000008000c80       0x48 ./Drivers/STM32F1xx_HAL_Driver/Src/stm32f1xx_hal.o
                0x0000000008000c80                HAL_Delay
 .text.__NVIC_SetPriorityGrouping
                0x0000000008000cc8       0x48 ./Drivers/STM32F1xx_HAL_Driver/Src/stm32f1xx_hal_cortex.o
 .text.__NVIC_GetPriorityGrouping
                0x0000000008000d10       0x1c ./Drivers/STM32F1xx_HAL_Driver/Src/stm32f1xx_hal_cortex.o
 .text.__NVIC_EnableIRQ
                0x0000000008000d2c       0x38 ./Drivers/STM32F1xx_HAL_Driver/Src/stm32f1xx_hal_cortex.o
 .text.__NVIC_SetPriority
                0x0000000008000d64       0x54 ./Drivers/STM32F1xx_HAL_Driver/Src/stm32f1xx_hal_cortex.o
 .text.NVIC_EncodePriority
                0x0000000008000db8       0x64 ./Drivers/STM32F1xx_HAL_Driver/Src/stm32f1xx_hal_cortex.o
 .text.SysTick_Config
                0x0000000008000e1c       0x44 ./Drivers/STM32F1xx_HAL_Driver/Src/stm32f1xx_hal_cortex.o
 .text.HAL_NVIC_SetPriorityGrouping
                0x0000000008000e60       0x16 ./Drivers/STM32F1xx_HAL_Driver/Src/stm32f1xx_hal_cortex.o
                0x0000000008000e60                HAL_NVIC_SetPriorityGrouping
 .text.HAL_NVIC_SetPriority
                0x0000000008000e76       0x38 ./Drivers/STM32F1xx_HAL_Driver/Src/stm32f1xx_hal_cortex.o
                0x0000000008000e76                HAL_NVIC_SetPriority
 .text.HAL_NVIC_EnableIRQ
                0x0000000008000eae       0x1c ./Drivers/STM32F1xx_HAL_Driver/Src/stm32f1xx_hal_cortex.o
                0x0000000008000eae                HAL_NVIC_EnableIRQ
 .text.HAL_SYSTICK_Config
                0x0000000008000eca       0x18 ./Drivers/STM32F1xx_HAL_Driver/Src/stm32f1xx_hal_cortex.o
                0x0000000008000eca                HAL_SYSTICK_Config
 .text.HAL_CRC_Init
                0x0000000008000ee2       0x38 ./Drivers/STM32F1xx_HAL_Driver/Src/stm32f1xx_hal_crc.o
                0x0000000008000ee2                HAL_CRC_Init
 *fill*         0x0000000008000f1a        0x2 
 .text.HAL_DMA_Init
                0x0000000008000f1c       0xb4 ./Drivers/STM32F1xx_HAL_Driver/Src/stm32f1xx_hal_dma.o
                0x0000000008000f1c                HAL_DMA_Init
 .text.HAL_DMA_Start_IT
                0x0000000008000fd0       0xbe ./Drivers/STM32F1xx_HAL_Driver/Src/stm32f1xx_hal_dma.o
                0x0000000008000fd0                HAL_DMA_Start_IT
 .text.HAL_DMA_Abort
                0x000000000800108e       0x74 ./Drivers/STM32F1xx_HAL_Driver/Src/stm32f1xx_hal_dma.o
                0x000000000800108e                HAL_DMA_Abort
 *fill*         0x0000000008001102        0x2 
 .text.HAL_DMA_Abort_IT
                0x0000000008001104       0xec ./Drivers/STM32F1xx_HAL_Driver/Src/stm32f1xx_hal_dma.o
                0x0000000008001104                HAL_DMA_Abort_IT
 .text.HAL_DMA_IRQHandler
                0x00000000080011f0      0x20c ./Drivers/STM32F1xx_HAL_Driver/Src/stm32f1xx_hal_dma.o
                0x00000000080011f0                HAL_DMA_IRQHandler
 .text.HAL_DMA_GetError
                0x00000000080013fc       0x16 ./Drivers/STM32F1xx_HAL_Driver/Src/stm32f1xx_hal_dma.o
                0x00000000080013fc                HAL_DMA_GetError
 .text.DMA_SetConfig
                0x0000000008001412       0x5a ./Drivers/STM32F1xx_HAL_Driver/Src/stm32f1xx_hal_dma.o
 .text.HAL_FLASH_Program
                0x000000000800146c       0xe0 ./Drivers/STM32F1xx_HAL_Driver/Src/stm32f1xx_hal_flash.o
                0x000000000800146c                HAL_FLASH_Program
 .text.HAL_FLASH_Unlock
                0x000000000800154c       0x4c ./Drivers/STM32F1xx_HAL_Driver/Src/stm32f1xx_hal_flash.o
                0x000000000800154c                HAL_FLASH_Unlock
 .text.HAL_FLASH_Lock
                0x0000000008001598       0x20 ./Drivers/STM32F1xx_HAL_Driver/Src/stm32f1xx_hal_flash.o
                0x0000000008001598                HAL_FLASH_Lock
 .text.FLASH_Program_HalfWord
                0x00000000080015b8       0x38 ./Drivers/STM32F1xx_HAL_Driver/Src/stm32f1xx_hal_flash.o
 .text.FLASH_WaitForLastOperation
                0x00000000080015f0       0x8c ./Drivers/STM32F1xx_HAL_Driver/Src/stm32f1xx_hal_flash.o
                0x00000000080015f0                FLASH_WaitForLastOperation
 .text.FLASH_SetErrorCode
                0x000000000800167c       0xa0 ./Drivers/STM32F1xx_HAL_Driver/Src/stm32f1xx_hal_flash.o
 .text.HAL_FLASHEx_Erase
                0x000000000800171c       0xd8 ./Drivers/STM32F1xx_HAL_Driver/Src/stm32f1xx_hal_flash_ex.o
                0x000000000800171c                HAL_FLASHEx_Erase
 .text.FLASH_MassErase
                0x00000000080017f4       0x38 ./Drivers/STM32F1xx_HAL_Driver/Src/stm32f1xx_hal_flash_ex.o
 .text.FLASH_PageErase
                0x000000000800182c       0x40 ./Drivers/STM32F1xx_HAL_Driver/Src/stm32f1xx_hal_flash_ex.o
                0x000000000800182c                FLASH_PageErase
 .text.HAL_GPIO_Init
                0x000000000800186c      0x308 ./Drivers/STM32F1xx_HAL_Driver/Src/stm32f1xx_hal_gpio.o
                0x000000000800186c                HAL_GPIO_Init
 .text.HAL_GPIO_ReadPin
                0x0000000008001b74       0x2e ./Drivers/STM32F1xx_HAL_Driver/Src/stm32f1xx_hal_gpio.o
                0x0000000008001b74                HAL_GPIO_ReadPin
 .text.HAL_GPIO_WritePin
                0x0000000008001ba2       0x30 ./Drivers/STM32F1xx_HAL_Driver/Src/stm32f1xx_hal_gpio.o
                0x0000000008001ba2                HAL_GPIO_WritePin
 *fill*         0x0000000008001bd2        0x2 
 .text.HAL_GPIO_EXTI_IRQHandler
                0x0000000008001bd4       0x30 ./Drivers/STM32F1xx_HAL_Driver/Src/stm32f1xx_hal_gpio.o
                0x0000000008001bd4                HAL_GPIO_EXTI_IRQHandler
 .text.HAL_RCC_OscConfig
                0x0000000008001c04      0x504 ./Drivers/STM32F1xx_HAL_Driver/Src/stm32f1xx_hal_rcc.o
                0x0000000008001c04                HAL_RCC_OscConfig
 .text.HAL_RCC_ClockConfig
                0x0000000008002108      0x1d4 ./Drivers/STM32F1xx_HAL_Driver/Src/stm32f1xx_hal_rcc.o
                0x0000000008002108                HAL_RCC_ClockConfig
 .text.HAL_RCC_GetSysClockFreq
                0x00000000080022dc       0xbc ./Drivers/STM32F1xx_HAL_Driver/Src/stm32f1xx_hal_rcc.o
                0x00000000080022dc                HAL_RCC_GetSysClockFreq
 .text.HAL_RCC_GetHCLKFreq
                0x0000000008002398       0x14 ./Drivers/STM32F1xx_HAL_Driver/Src/stm32f1xx_hal_rcc.o
                0x0000000008002398                HAL_RCC_GetHCLKFreq
 .text.HAL_RCC_GetPCLK1Freq
                0x00000000080023ac       0x28 ./Drivers/STM32F1xx_HAL_Driver/Src/stm32f1xx_hal_rcc.o
                0x00000000080023ac                HAL_RCC_GetPCLK1Freq
 .text.HAL_RCC_GetPCLK2Freq
                0x00000000080023d4       0x28 ./Drivers/STM32F1xx_HAL_Driver/Src/stm32f1xx_hal_rcc.o
                0x00000000080023d4                HAL_RCC_GetPCLK2Freq
 .text.RCC_Delay
                0x00000000080023fc       0x3c ./Drivers/STM32F1xx_HAL_Driver/Src/stm32f1xx_hal_rcc.o
 .text.HAL_TIM_Base_Init
                0x0000000008002438       0x9e ./Drivers/STM32F1xx_HAL_Driver/Src/stm32f1xx_hal_tim.o
                0x0000000008002438                HAL_TIM_Base_Init
 .text.HAL_TIM_PWM_Init
                0x00000000080024d6       0x9e ./Drivers/STM32F1xx_HAL_Driver/Src/stm32f1xx_hal_tim.o
                0x00000000080024d6                HAL_TIM_PWM_Init
 .text.HAL_TIM_PWM_MspInit
                0x0000000008002574       0x12 ./Drivers/STM32F1xx_HAL_Driver/Src/stm32f1xx_hal_tim.o
                0x0000000008002574                HAL_TIM_PWM_MspInit
 *fill*         0x0000000008002586        0x2 
 .text.HAL_TIM_PWM_Start
                0x0000000008002588      0x144 ./Drivers/STM32F1xx_HAL_Driver/Src/stm32f1xx_hal_tim.o
                0x0000000008002588                HAL_TIM_PWM_Start
 .text.HAL_TIM_PWM_ConfigChannel
                0x00000000080026cc      0x17c ./Drivers/STM32F1xx_HAL_Driver/Src/stm32f1xx_hal_tim.o
                0x00000000080026cc                HAL_TIM_PWM_ConfigChannel
 .text.HAL_TIM_ConfigClockSource
                0x0000000008002848      0x188 ./Drivers/STM32F1xx_HAL_Driver/Src/stm32f1xx_hal_tim.o
                0x0000000008002848                HAL_TIM_ConfigClockSource
 .text.TIM_Base_SetConfig
                0x00000000080029d0       0xc4 ./Drivers/STM32F1xx_HAL_Driver/Src/stm32f1xx_hal_tim.o
                0x00000000080029d0                TIM_Base_SetConfig
 .text.TIM_OC1_SetConfig
                0x0000000008002a94       0xcc ./Drivers/STM32F1xx_HAL_Driver/Src/stm32f1xx_hal_tim.o
 .text.TIM_OC2_SetConfig
                0x0000000008002b60       0xd4 ./Drivers/STM32F1xx_HAL_Driver/Src/stm32f1xx_hal_tim.o
                0x0000000008002b60                TIM_OC2_SetConfig
 .text.TIM_OC3_SetConfig
                0x0000000008002c34       0xd4 ./Drivers/STM32F1xx_HAL_Driver/Src/stm32f1xx_hal_tim.o
 .text.TIM_OC4_SetConfig
                0x0000000008002d08       0x9c ./Drivers/STM32F1xx_HAL_Driver/Src/stm32f1xx_hal_tim.o
 .text.TIM_TI1_ConfigInputStage
                0x0000000008002da4       0x5c ./Drivers/STM32F1xx_HAL_Driver/Src/stm32f1xx_hal_tim.o
 .text.TIM_TI2_ConfigInputStage
                0x0000000008002e00       0x5e ./Drivers/STM32F1xx_HAL_Driver/Src/stm32f1xx_hal_tim.o
 .text.TIM_ITRx_SetConfig
                0x0000000008002e5e       0x34 ./Drivers/STM32F1xx_HAL_Driver/Src/stm32f1xx_hal_tim.o
 .text.TIM_ETR_SetConfig
                0x0000000008002e92       0x3e ./Drivers/STM32F1xx_HAL_Driver/Src/stm32f1xx_hal_tim.o
                0x0000000008002e92                TIM_ETR_SetConfig
 .text.TIM_CCxChannelCmd
                0x0000000008002ed0       0x48 ./Drivers/STM32F1xx_HAL_Driver/Src/stm32f1xx_hal_tim.o
                0x0000000008002ed0                TIM_CCxChannelCmd
 .text.HAL_TIMEx_MasterConfigSynchronization
                0x0000000008002f18       0xbc ./Drivers/STM32F1xx_HAL_Driver/Src/stm32f1xx_hal_tim_ex.o
                0x0000000008002f18                HAL_TIMEx_MasterConfigSynchronization
 .text.HAL_UART_Init
                0x0000000008002fd4       0x9a ./Drivers/STM32F1xx_HAL_Driver/Src/stm32f1xx_hal_uart.o
                0x0000000008002fd4                HAL_UART_Init
 .text.HAL_UART_Transmit
                0x000000000800306e      0x124 ./Drivers/STM32F1xx_HAL_Driver/Src/stm32f1xx_hal_uart.o
                0x000000000800306e                HAL_UART_Transmit
 .text.HAL_UART_Receive_IT
                0x0000000008003192       0x60 ./Drivers/STM32F1xx_HAL_Driver/Src/stm32f1xx_hal_uart.o
                0x0000000008003192                HAL_UART_Receive_IT
 .text.HAL_UART_Receive_DMA
                0x00000000080031f2       0x60 ./Drivers/STM32F1xx_HAL_Driver/Src/stm32f1xx_hal_uart.o
                0x00000000080031f2                HAL_UART_Receive_DMA
 .text.HAL_UART_Abort
                0x0000000008003252      0x122 ./Drivers/STM32F1xx_HAL_Driver/Src/stm32f1xx_hal_uart.o
                0x0000000008003252                HAL_UART_Abort
 .text.HAL_UART_IRQHandler
                0x0000000008003374      0x354 ./Drivers/STM32F1xx_HAL_Driver/Src/stm32f1xx_hal_uart.o
                0x0000000008003374                HAL_UART_IRQHandler
 .text.HAL_UART_TxCpltCallback
                0x00000000080036c8       0x12 ./Drivers/STM32F1xx_HAL_Driver/Src/stm32f1xx_hal_uart.o
                0x00000000080036c8                HAL_UART_TxCpltCallback
 .text.HAL_UART_RxHalfCpltCallback
                0x00000000080036da       0x12 ./Drivers/STM32F1xx_HAL_Driver/Src/stm32f1xx_hal_uart.o
                0x00000000080036da                HAL_UART_RxHalfCpltCallback
 .text.HAL_UARTEx_RxEventCallback
                0x00000000080036ec       0x16 ./Drivers/STM32F1xx_HAL_Driver/Src/stm32f1xx_hal_uart.o
                0x00000000080036ec                HAL_UARTEx_RxEventCallback
 .text.UART_DMAReceiveCplt
                0x0000000008003702       0x96 ./Drivers/STM32F1xx_HAL_Driver/Src/stm32f1xx_hal_uart.o
 .text.UART_DMARxHalfCplt
                0x0000000008003798       0x36 ./Drivers/STM32F1xx_HAL_Driver/Src/stm32f1xx_hal_uart.o
 .text.UART_DMAError
                0x00000000080037ce       0x94 ./Drivers/STM32F1xx_HAL_Driver/Src/stm32f1xx_hal_uart.o
 .text.UART_WaitOnFlagUntilTimeout
                0x0000000008003862       0x94 ./Drivers/STM32F1xx_HAL_Driver/Src/stm32f1xx_hal_uart.o
 .text.UART_Start_Receive_IT
                0x00000000080038f6       0x72 ./Drivers/STM32F1xx_HAL_Driver/Src/stm32f1xx_hal_uart.o
                0x00000000080038f6                UART_Start_Receive_IT
 .text.UART_Start_Receive_DMA
                0x0000000008003968       0xc8 ./Drivers/STM32F1xx_HAL_Driver/Src/stm32f1xx_hal_uart.o
                0x0000000008003968                UART_Start_Receive_DMA
 .text.UART_EndTxTransfer
                0x0000000008003a30       0x2a ./Drivers/STM32F1xx_HAL_Driver/Src/stm32f1xx_hal_uart.o
 .text.UART_EndRxTransfer
                0x0000000008003a5a       0x58 ./Drivers/STM32F1xx_HAL_Driver/Src/stm32f1xx_hal_uart.o
 .text.UART_DMAAbortOnError
                0x0000000008003ab2       0x28 ./Drivers/STM32F1xx_HAL_Driver/Src/stm32f1xx_hal_uart.o
 .text.UART_Transmit_IT
                0x0000000008003ada       0x9e ./Drivers/STM32F1xx_HAL_Driver/Src/stm32f1xx_hal_uart.o
 .text.UART_EndTransmit_IT
                0x0000000008003b78       0x30 ./Drivers/STM32F1xx_HAL_Driver/Src/stm32f1xx_hal_uart.o
 .text.UART_Receive_IT
                0x0000000008003ba8      0x152 ./Drivers/STM32F1xx_HAL_Driver/Src/stm32f1xx_hal_uart.o
 *fill*         0x0000000008003cfa        0x2 
 .text.UART_SetConfig
                0x0000000008003cfc      0x11c ./Drivers/STM32F1xx_HAL_Driver/Src/stm32f1xx_hal_uart.o
 .text.Bluetooth_Find_Rx_Length
                0x0000000008003e18       0x4c ./Src/App/Device/bluetooth.o
                0x0000000008003e18                Bluetooth_Find_Rx_Length
 .text.Bluetooth_Connected_Debounce
                0x0000000008003e64       0x64 ./Src/App/Device/bluetooth.o
                0x0000000008003e64                Bluetooth_Connected_Debounce
 .text.Bluetooth_Connected
                0x0000000008003ec8       0x24 ./Src/App/Device/bluetooth.o
                0x0000000008003ec8                Bluetooth_Connected
 .text.Bluetooth_SysTick
                0x0000000008003eec       0x2c ./Src/App/Device/bluetooth.o
                0x0000000008003eec                Bluetooth_SysTick
 .text.Bluetooth_Interrupt
                0x0000000008003f18       0xfc ./Src/App/Device/bluetooth.o
                0x0000000008003f18                Bluetooth_Interrupt
 .text.Bluetooth_Listen
                0x0000000008004014       0x3c ./Src/App/Device/bluetooth.o
                0x0000000008004014                Bluetooth_Listen
 .text.Bluetooth_Transmit
                0x0000000008004050       0x30 ./Src/App/Device/bluetooth.o
                0x0000000008004050                Bluetooth_Transmit
 .text.Bluetooth_Rx_Data
                0x0000000008004080       0x14 ./Src/App/Device/bluetooth.o
                0x0000000008004080                Bluetooth_Rx_Data
 .text.Bluetooth_Rx_Ready
                0x0000000008004094       0x24 ./Src/App/Device/bluetooth.o
                0x0000000008004094                Bluetooth_Rx_Ready
 .text.Bluetooth_Init
                0x00000000080040b8       0x44 ./Src/App/Device/bluetooth.o
                0x00000000080040b8                Bluetooth_Init
 .text.Button_Interrupt
                0x00000000080040fc       0x18 ./Src/App/Device/button.o
                0x00000000080040fc                Button_Interrupt
 .text.Flash_Read
                0x0000000008004114      0x110 ./Src/App/Device/flash.o
                0x0000000008004114                Flash_Read
 .text.Flash_Write
                0x0000000008004224      0x150 ./Src/App/Device/flash.o
                0x0000000008004224                Flash_Write
 .text.Interrupts_SysTick
                0x0000000008004374       0x18 ./Src/App/Device/interrupts.o
                0x0000000008004374                Interrupts_SysTick
 .text.HAL_UART_ErrorCallback
                0x000000000800438c       0x12 ./Src/App/Device/interrupts.o
                0x000000000800438c                HAL_UART_ErrorCallback
 *fill*         0x000000000800439e        0x2 
 .text.HAL_UART_RxCpltCallback
                0x00000000080043a0       0x24 ./Src/App/Device/interrupts.o
                0x00000000080043a0                HAL_UART_RxCpltCallback
 .text.HAL_GPIO_EXTI_Callback
                0x00000000080043c4       0x1c ./Src/App/Device/interrupts.o
                0x00000000080043c4                HAL_GPIO_EXTI_Callback
 .text.LED_Breath
                0x00000000080043e0      0x10c ./Src/App/Device/led.o
                0x00000000080043e0                LED_Breath
 .text.LED_Set_Mode
                0x00000000080044ec       0x20 ./Src/App/Device/led.o
                0x00000000080044ec                LED_Set_Mode
 .text.LED_Enable
                0x000000000800450c       0x30 ./Src/App/Device/led.o
                0x000000000800450c                LED_Enable
 .text.LED_Init
                0x000000000800453c       0x14 ./Src/App/Device/led.o
                0x000000000800453c                LED_Init
 .text.Servo_Calib_Data
                0x0000000008004550       0x14 ./Src/App/Device/servo.o
                0x0000000008004550                Servo_Calib_Data
 .text.Servo_Set_Calib
                0x0000000008004564       0x34 ./Src/App/Device/servo.o
                0x0000000008004564                Servo_Set_Calib
 .text.Servo_Set
                0x0000000008004598      0x26c ./Src/App/Device/servo.o
                0x0000000008004598                Servo_Set
 .text.Servo_Init
                0x0000000008004804       0x50 ./Src/App/Device/servo.o
                0x0000000008004804                Servo_Init
 .text.Animation_SysTick
                0x0000000008004854       0x24 ./Src/App/animation.o
                0x0000000008004854                Animation_SysTick
 .text.Animation_Stop
                0x0000000008004878       0x30 ./Src/App/animation.o
                0x0000000008004878                Animation_Stop
 .text.Animation_Set
                0x00000000080048a8       0x44 ./Src/App/animation.o
                0x00000000080048a8                Animation_Set
 .text.Animation_Play_Frame
                0x00000000080048ec      0x274 ./Src/App/animation.o
                0x00000000080048ec                Animation_Play_Frame
 .text.Animation_Play
                0x0000000008004b60       0x2c ./Src/App/animation.o
                0x0000000008004b60                Animation_Play
 .text.App_SysTick
                0x0000000008004b8c       0x2c ./Src/App/app.o
                0x0000000008004b8c                App_SysTick
 .text.App_Init
                0x0000000008004bb8       0x10 ./Src/App/app.o
                0x0000000008004bb8                App_Init
 .text.App_Loop
                0x0000000008004bc8      0x250 ./Src/App/app.o
                0x0000000008004bc8                App_Loop
 .text.Parser_Update
                0x0000000008004e18      0x4cc ./Src/App/parser.o
                0x0000000008004e18                Parser_Update
 .text.Parser_Init
                0x00000000080052e4       0x1c ./Src/App/parser.o
                0x00000000080052e4                Parser_Init
 .text.Settings_Verify
                0x0000000008005300      0x104 ./Src/App/settings.o
                0x0000000008005300                Settings_Verify
 .text.Settings_Write
                0x0000000008005404       0x2c ./Src/App/settings.o
                0x0000000008005404                Settings_Write
 .text.Settings_Read
                0x0000000008005430       0x9c ./Src/App/settings.o
                0x0000000008005430                Settings_Read
 .text.Settings_Data
                0x00000000080054cc       0x14 ./Src/App/settings.o
                0x00000000080054cc                Settings_Data
 .text.Settings_Set_Calib
                0x00000000080054e0       0x9c ./Src/App/settings.o
                0x00000000080054e0                Settings_Set_Calib
 .text.Settings_Write_LED
                0x000000000800557c       0x28 ./Src/App/settings.o
                0x000000000800557c                Settings_Write_LED
 .text.Settings_Write_Bluetooth
                0x00000000080055a4      0x16c ./Src/App/settings.o
                0x00000000080055a4                Settings_Write_Bluetooth
 .text.Settings_Init
                0x0000000008005710       0x3c ./Src/App/settings.o
                0x0000000008005710                Settings_Init
 .text.main     0x000000000800574c       0x32 ./Src/main.o
                0x000000000800574c                main
 .text.SystemClock_Config
                0x000000000800577e       0x82 ./Src/main.o
                0x000000000800577e                SystemClock_Config
 .text.MX_CRC_Init
                0x0000000008005800       0x28 ./Src/main.o
 .text.MX_TIM2_Init
                0x0000000008005828       0xe8 ./Src/main.o
 .text.MX_TIM3_Init
                0x0000000008005910      0x130 ./Src/main.o
 .text.MX_TIM4_Init
                0x0000000008005a40      0x130 ./Src/main.o
 .text.MX_USART1_UART_Init
                0x0000000008005b70       0x54 ./Src/main.o
 .text.MX_DMA_Init
                0x0000000008005bc4       0x3c ./Src/main.o
 .text.MX_GPIO_Init
                0x0000000008005c00       0xc4 ./Src/main.o
 .text.Error_Handler
                0x0000000008005cc4        0xc ./Src/main.o
                0x0000000008005cc4                Error_Handler
 .text.HAL_MspInit
                0x0000000008005cd0       0x64 ./Src/stm32f1xx_hal_msp.o
                0x0000000008005cd0                HAL_MspInit
 .text.HAL_CRC_MspInit
                0x0000000008005d34       0x3c ./Src/stm32f1xx_hal_msp.o
                0x0000000008005d34                HAL_CRC_MspInit
 .text.HAL_TIM_Base_MspInit
                0x0000000008005d70       0x88 ./Src/stm32f1xx_hal_msp.o
                0x0000000008005d70                HAL_TIM_Base_MspInit
 .text.HAL_TIM_MspPostInit
                0x0000000008005df8      0x110 ./Src/stm32f1xx_hal_msp.o
                0x0000000008005df8                HAL_TIM_MspPostInit
 .text.HAL_UART_MspInit
                0x0000000008005f08       0xfc ./Src/stm32f1xx_hal_msp.o
                0x0000000008005f08                HAL_UART_MspInit
 .text.NMI_Handler
                0x0000000008006004        0xc ./Src/stm32f1xx_it.o
                0x0000000008006004                NMI_Handler
 .text.HardFault_Handler
                0x0000000008006010        0x6 ./Src/stm32f1xx_it.o
                0x0000000008006010                HardFault_Handler
 .text.MemManage_Handler
                0x0000000008006016        0x6 ./Src/stm32f1xx_it.o
                0x0000000008006016                MemManage_Handler
 .text.BusFault_Handler
                0x000000000800601c        0x6 ./Src/stm32f1xx_it.o
                0x000000000800601c                BusFault_Handler
 .text.UsageFault_Handler
                0x0000000008006022        0x6 ./Src/stm32f1xx_it.o
                0x0000000008006022                UsageFault_Handler
 .text.SVC_Handler
                0x0000000008006028        0xc ./Src/stm32f1xx_it.o
                0x0000000008006028                SVC_Handler
 .text.DebugMon_Handler
                0x0000000008006034        0xc ./Src/stm32f1xx_it.o
                0x0000000008006034                DebugMon_Handler
 .text.PendSV_Handler
                0x0000000008006040        0xc ./Src/stm32f1xx_it.o
                0x0000000008006040                PendSV_Handler
 .text.SysTick_Handler
                0x000000000800604c       0x10 ./Src/stm32f1xx_it.o
                0x000000000800604c                SysTick_Handler
 .text.EXTI3_IRQHandler
                0x000000000800605c        0xe ./Src/stm32f1xx_it.o
                0x000000000800605c                EXTI3_IRQHandler
 *fill*         0x000000000800606a        0x2 
 .text.DMA1_Channel5_IRQHandler
                0x000000000800606c       0x14 ./Src/stm32f1xx_it.o
                0x000000000800606c                DMA1_Channel5_IRQHandler
 .text.USART1_IRQHandler
                0x0000000008006080       0x14 ./Src/stm32f1xx_it.o
                0x0000000008006080                USART1_IRQHandler
 .text._sbrk    0x0000000008006094       0x58 ./Src/sysmem.o
                0x0000000008006094                _sbrk
 .text.SystemInit
                0x00000000080060ec       0x68 ./Src/system_stm32f1xx.o
                0x00000000080060ec                SystemInit
 .text.Reset_Handler
                0x0000000008006154       0x48 ./Startup/startup_stm32f103c8tx.o
                0x0000000008006154                Reset_Handler
 .text.Default_Handler
                0x000000000800619c        0x2 ./Startup/startup_stm32f103c8tx.o
                0x000000000800619c                RTC_Alarm_IRQHandler
                0x000000000800619c                EXTI2_IRQHandler
                0x000000000800619c                TIM1_CC_IRQHandler
                0x000000000800619c                PVD_IRQHandler
                0x000000000800619c                EXTI0_IRQHandler
                0x000000000800619c                I2C2_EV_IRQHandler
                0x000000000800619c                ADC1_2_IRQHandler
                0x000000000800619c                SPI1_IRQHandler
                0x000000000800619c                TAMPER_IRQHandler
                0x000000000800619c                DMA1_Channel4_IRQHandler
                0x000000000800619c                USART3_IRQHandler
                0x000000000800619c                RTC_IRQHandler
                0x000000000800619c                DMA1_Channel7_IRQHandler
                0x000000000800619c                CAN1_RX1_IRQHandler
                0x000000000800619c                TIM4_IRQHandler
                0x000000000800619c                I2C1_EV_IRQHandler
                0x000000000800619c                DMA1_Channel6_IRQHandler
                0x000000000800619c                TIM3_IRQHandler
                0x000000000800619c                RCC_IRQHandler
                0x000000000800619c                TIM1_TRG_COM_IRQHandler
                0x000000000800619c                DMA1_Channel1_IRQHandler
                0x000000000800619c                Default_Handler
                0x000000000800619c                EXTI15_10_IRQHandler
                0x000000000800619c                EXTI9_5_IRQHandler
                0x000000000800619c                SPI2_IRQHandler
                0x000000000800619c                EXTI4_IRQHandler
                0x000000000800619c                USB_LP_CAN1_RX0_IRQHandler
                0x000000000800619c                USB_HP_CAN1_TX_IRQHandler
                0x000000000800619c                DMA1_Channel3_IRQHandler
                0x000000000800619c                TIM1_UP_IRQHandler
                0x000000000800619c                WWDG_IRQHandler
                0x000000000800619c                TIM2_IRQHandler
                0x000000000800619c                TIM1_BRK_IRQHandler
                0x000000000800619c                EXTI1_IRQHandler
                0x000000000800619c                USART2_IRQHandler
                0x000000000800619c                I2C2_ER_IRQHandler
                0x000000000800619c                DMA1_Channel2_IRQHandler
                0x000000000800619c                CAN1_SCE_IRQHandler
                0x000000000800619c                FLASH_IRQHandler
                0x000000000800619c                I2C1_ER_IRQHandler
                0x000000000800619c                USBWakeUp_IRQHandler
 *fill*         0x000000000800619e        0x2 
 .text.__errno  0x00000000080061a0        0xc c:/direct/st/stm32cubeide_1.9.0/stm32cubeide/plugins/com.st.stm32cube.ide.mcu.externaltools.gnu-tools-for-stm32.10.3-2021.10.win32_1.0.0.202111181127/tools/bin/../lib/gcc/arm-none-eabi/10.3.1/../../../../arm-none-eabi/lib/thumb/v7-m/nofp\libc.a(lib_a-errno.o)
                0x00000000080061a0                __errno
 .text.__libc_init_array
                0x00000000080061ac       0x48 c:/direct/st/stm32cubeide_1.9.0/stm32cubeide/plugins/com.st.stm32cube.ide.mcu.externaltools.gnu-tools-for-stm32.10.3-2021.10.win32_1.0.0.202111181127/tools/bin/../lib/gcc/arm-none-eabi/10.3.1/../../../../arm-none-eabi/lib/thumb/v7-m/nofp\libc.a(lib_a-init.o)
                0x00000000080061ac                __libc_init_array
 .text.malloc   0x00000000080061f4       0x10 c:/direct/st/stm32cubeide_1.9.0/stm32cubeide/plugins/com.st.stm32cube.ide.mcu.externaltools.gnu-tools-for-stm32.10.3-2021.10.win32_1.0.0.202111181127/tools/bin/../lib/gcc/arm-none-eabi/10.3.1/../../../../arm-none-eabi/lib/thumb/v7-m/nofp\libc.a(lib_a-malloc.o)
                0x00000000080061f4                malloc
 .text._malloc_r
                0x0000000008006204      0x478 c:/direct/st/stm32cubeide_1.9.0/stm32cubeide/plugins/com.st.stm32cube.ide.mcu.externaltools.gnu-tools-for-stm32.10.3-2021.10.win32_1.0.0.202111181127/tools/bin/../lib/gcc/arm-none-eabi/10.3.1/../../../../arm-none-eabi/lib/thumb/v7-m/nofp\libc.a(lib_a-mallocr.o)
                0x0000000008006204                _malloc_r
 .text.memcpy   0x000000000800667c       0x1c c:/direct/st/stm32cubeide_1.9.0/stm32cubeide/plugins/com.st.stm32cube.ide.mcu.externaltools.gnu-tools-for-stm32.10.3-2021.10.win32_1.0.0.202111181127/tools/bin/../lib/gcc/arm-none-eabi/10.3.1/../../../../arm-none-eabi/lib/thumb/v7-m/nofp\libc.a(lib_a-memcpy-stub.o)
                0x000000000800667c                memcpy
 .text.memset   0x0000000008006698       0x10 c:/direct/st/stm32cubeide_1.9.0/stm32cubeide/plugins/com.st.stm32cube.ide.mcu.externaltools.gnu-tools-for-stm32.10.3-2021.10.win32_1.0.0.202111181127/tools/bin/../lib/gcc/arm-none-eabi/10.3.1/../../../../arm-none-eabi/lib/thumb/v7-m/nofp\libc.a(lib_a-memset.o)
                0x0000000008006698                memset
 .text.__malloc_lock
                0x00000000080066a8        0xc c:/direct/st/stm32cubeide_1.9.0/stm32cubeide/plugins/com.st.stm32cube.ide.mcu.externaltools.gnu-tools-for-stm32.10.3-2021.10.win32_1.0.0.202111181127/tools/bin/../lib/gcc/arm-none-eabi/10.3.1/../../../../arm-none-eabi/lib/thumb/v7-m/nofp\libc.a(lib_a-mlock.o)
                0x00000000080066a8                __malloc_lock
 .text.__malloc_unlock
                0x00000000080066b4        0xc c:/direct/st/stm32cubeide_1.9.0/stm32cubeide/plugins/com.st.stm32cube.ide.mcu.externaltools.gnu-tools-for-stm32.10.3-2021.10.win32_1.0.0.202111181127/tools/bin/../lib/gcc/arm-none-eabi/10.3.1/../../../../arm-none-eabi/lib/thumb/v7-m/nofp\libc.a(lib_a-mlock.o)
                0x00000000080066b4                __malloc_unlock
 .text._sbrk_r  0x00000000080066c0       0x20 c:/direct/st/stm32cubeide_1.9.0/stm32cubeide/plugins/com.st.stm32cube.ide.mcu.externaltools.gnu-tools-for-stm32.10.3-2021.10.win32_1.0.0.202111181127/tools/bin/../lib/gcc/arm-none-eabi/10.3.1/../../../../arm-none-eabi/lib/thumb/v7-m/nofp\libc.a(lib_a-sbrkr.o)
                0x00000000080066c0                _sbrk_r
 .text.sysconf  0x00000000080066e0       0x1a c:/direct/st/stm32cubeide_1.9.0/stm32cubeide/plugins/com.st.stm32cube.ide.mcu.externaltools.gnu-tools-for-stm32.10.3-2021.10.win32_1.0.0.202111181127/tools/bin/../lib/gcc/arm-none-eabi/10.3.1/../../../../arm-none-eabi/lib/thumb/v7-m/nofp\libc.a(lib_a-sysconf.o)
                0x00000000080066e0                sysconf
 *fill*         0x00000000080066fa        0x2 
 .text.startup.register_fini
                0x00000000080066fc       0x14 c:/direct/st/stm32cubeide_1.9.0/stm32cubeide/plugins/com.st.stm32cube.ide.mcu.externaltools.gnu-tools-for-stm32.10.3-2021.10.win32_1.0.0.202111181127/tools/bin/../lib/gcc/arm-none-eabi/10.3.1/../../../../arm-none-eabi/lib/thumb/v7-m/nofp\libc.a(lib_a-__call_atexit.o)
 .text.atexit   0x0000000008006710        0xc c:/direct/st/stm32cubeide_1.9.0/stm32cubeide/plugins/com.st.stm32cube.ide.mcu.externaltools.gnu-tools-for-stm32.10.3-2021.10.win32_1.0.0.202111181127/tools/bin/../lib/gcc/arm-none-eabi/10.3.1/../../../../arm-none-eabi/lib/thumb/v7-m/nofp\libc.a(lib_a-atexit.o)
                0x0000000008006710                atexit
 .text.__libc_fini_array
                0x000000000800671c       0x28 c:/direct/st/stm32cubeide_1.9.0/stm32cubeide/plugins/com.st.stm32cube.ide.mcu.externaltools.gnu-tools-for-stm32.10.3-2021.10.win32_1.0.0.202111181127/tools/bin/../lib/gcc/arm-none-eabi/10.3.1/../../../../arm-none-eabi/lib/thumb/v7-m/nofp\libc.a(lib_a-fini.o)
                0x000000000800671c                __libc_fini_array
 .text._malloc_trim_r
                0x0000000008006744       0xa8 c:/direct/st/stm32cubeide_1.9.0/stm32cubeide/plugins/com.st.stm32cube.ide.mcu.externaltools.gnu-tools-for-stm32.10.3-2021.10.win32_1.0.0.202111181127/tools/bin/../lib/gcc/arm-none-eabi/10.3.1/../../../../arm-none-eabi/lib/thumb/v7-m/nofp\libc.a(lib_a-freer.o)
                0x0000000008006744                _malloc_trim_r
 .text._free_r  0x00000000080067ec      0x180 c:/direct/st/stm32cubeide_1.9.0/stm32cubeide/plugins/com.st.stm32cube.ide.mcu.externaltools.gnu-tools-for-stm32.10.3-2021.10.win32_1.0.0.202111181127/tools/bin/../lib/gcc/arm-none-eabi/10.3.1/../../../../arm-none-eabi/lib/thumb/v7-m/nofp\libc.a(lib_a-freer.o)
                0x00000000080067ec                _free_r
 .text.__retarget_lock_acquire_recursive
                0x000000000800696c        0x2 c:/direct/st/stm32cubeide_1.9.0/stm32cubeide/plugins/com.st.stm32cube.ide.mcu.externaltools.gnu-tools-for-stm32.10.3-2021.10.win32_1.0.0.202111181127/tools/bin/../lib/gcc/arm-none-eabi/10.3.1/../../../../arm-none-eabi/lib/thumb/v7-m/nofp\libc.a(lib_a-lock.o)
                0x000000000800696c                __retarget_lock_acquire_recursive
 .text.__retarget_lock_release_recursive
                0x000000000800696e        0x2 c:/direct/st/stm32cubeide_1.9.0/stm32cubeide/plugins/com.st.stm32cube.ide.mcu.externaltools.gnu-tools-for-stm32.10.3-2021.10.win32_1.0.0.202111181127/tools/bin/../lib/gcc/arm-none-eabi/10.3.1/../../../../arm-none-eabi/lib/thumb/v7-m/nofp\libc.a(lib_a-lock.o)
                0x000000000800696e                __retarget_lock_release_recursive
 .text.__register_exitproc
                0x0000000008006970       0x84 c:/direct/st/stm32cubeide_1.9.0/stm32cubeide/plugins/com.st.stm32cube.ide.mcu.externaltools.gnu-tools-for-stm32.10.3-2021.10.win32_1.0.0.202111181127/tools/bin/../lib/gcc/arm-none-eabi/10.3.1/../../../../arm-none-eabi/lib/thumb/v7-m/nofp\libc.a(lib_a-__atexit.o)
                0x0000000008006970                __register_exitproc
 *(.glue_7)
 .glue_7        0x00000000080069f4        0x0 linker stubs
 *(.glue_7t)
 .glue_7t       0x00000000080069f4        0x0 linker stubs
 *(.eh_frame)
 .eh_frame      0x00000000080069f4        0x0 c:/direct/st/stm32cubeide_1.9.0/stm32cubeide/plugins/com.st.stm32cube.ide.mcu.externaltools.gnu-tools-for-stm32.10.3-2021.10.win32_1.0.0.202111181127/tools/bin/../lib/gcc/arm-none-eabi/10.3.1/thumb/v7-m/nofp/crtbegin.o
 *(.init)
 .init          0x00000000080069f4        0x4 c:/direct/st/stm32cubeide_1.9.0/stm32cubeide/plugins/com.st.stm32cube.ide.mcu.externaltools.gnu-tools-for-stm32.10.3-2021.10.win32_1.0.0.202111181127/tools/bin/../lib/gcc/arm-none-eabi/10.3.1/thumb/v7-m/nofp/crti.o
                0x00000000080069f4                _init
 .init          0x00000000080069f8        0x8 c:/direct/st/stm32cubeide_1.9.0/stm32cubeide/plugins/com.st.stm32cube.ide.mcu.externaltools.gnu-tools-for-stm32.10.3-2021.10.win32_1.0.0.202111181127/tools/bin/../lib/gcc/arm-none-eabi/10.3.1/thumb/v7-m/nofp/crtn.o
 *(.fini)
 .fini          0x0000000008006a00        0x4 c:/direct/st/stm32cubeide_1.9.0/stm32cubeide/plugins/com.st.stm32cube.ide.mcu.externaltools.gnu-tools-for-stm32.10.3-2021.10.win32_1.0.0.202111181127/tools/bin/../lib/gcc/arm-none-eabi/10.3.1/thumb/v7-m/nofp/crti.o
                0x0000000008006a00                _fini
 .fini          0x0000000008006a04        0x8 c:/direct/st/stm32cubeide_1.9.0/stm32cubeide/plugins/com.st.stm32cube.ide.mcu.externaltools.gnu-tools-for-stm32.10.3-2021.10.win32_1.0.0.202111181127/tools/bin/../lib/gcc/arm-none-eabi/10.3.1/thumb/v7-m/nofp/crtn.o
                0x0000000008006a0c                . = ALIGN (0x4)
                0x0000000008006a0c                _etext = .

.vfp11_veneer   0x0000000008006a0c        0x0
 .vfp11_veneer  0x0000000008006a0c        0x0 linker stubs

.v4_bx          0x0000000008006a0c        0x0
 .v4_bx         0x0000000008006a0c        0x0 linker stubs

.iplt           0x0000000008006a0c        0x0
 .iplt          0x0000000008006a0c        0x0 c:/direct/st/stm32cubeide_1.9.0/stm32cubeide/plugins/com.st.stm32cube.ide.mcu.externaltools.gnu-tools-for-stm32.10.3-2021.10.win32_1.0.0.202111181127/tools/bin/../lib/gcc/arm-none-eabi/10.3.1/thumb/v7-m/nofp/crtbegin.o

.rodata         0x0000000008006a0c      0xa80
                0x0000000008006a0c                . = ALIGN (0x4)
 *(.rodata)
 .rodata        0x0000000008006a0c       0x10 ./Drivers/STM32F1xx_HAL_Driver/Src/stm32f1xx_hal_rcc.o
 .rodata        0x0000000008006a1c        0x3 ./Src/App/parser.o
 *fill*         0x0000000008006a1f        0x1 
 .rodata        0x0000000008006a20       0x14 ./Src/App/settings.o
 *(.rodata*)
 .rodata.anim_data_standby
                0x0000000008006a34       0x20 ./Src/App/anim_data.o
                0x0000000008006a34                anim_data_standby
 .rodata.anim_data_calib
                0x0000000008006a54       0x20 ./Src/App/anim_data.o
                0x0000000008006a54                anim_data_calib
 .rodata.anim_data_forward_1
                0x0000000008006a74       0x8c ./Src/App/anim_data.o
                0x0000000008006a74                anim_data_forward_1
 .rodata.anim_data_forward_2
                0x0000000008006b00       0x8c ./Src/App/anim_data.o
                0x0000000008006b00                anim_data_forward_2
 .rodata.anim_data_forward_3
                0x0000000008006b8c       0x8c ./Src/App/anim_data.o
                0x0000000008006b8c                anim_data_forward_3
 .rodata.anim_data_backward_1
                0x0000000008006c18       0x8c ./Src/App/anim_data.o
                0x0000000008006c18                anim_data_backward_1
 .rodata.anim_data_backward_2
                0x0000000008006ca4       0x8c ./Src/App/anim_data.o
                0x0000000008006ca4                anim_data_backward_2
 .rodata.anim_data_backward_3
                0x0000000008006d30       0x8c ./Src/App/anim_data.o
                0x0000000008006d30                anim_data_backward_3
 .rodata.anim_data_turn_left_1
                0x0000000008006dbc       0x8c ./Src/App/anim_data.o
                0x0000000008006dbc                anim_data_turn_left_1
 .rodata.anim_data_turn_left_2
                0x0000000008006e48       0x8c ./Src/App/anim_data.o
                0x0000000008006e48                anim_data_turn_left_2
 .rodata.anim_data_turn_left_3
                0x0000000008006ed4       0x8c ./Src/App/anim_data.o
                0x0000000008006ed4                anim_data_turn_left_3
 .rodata.anim_data_turn_right_1
                0x0000000008006f60       0x8c ./Src/App/anim_data.o
                0x0000000008006f60                anim_data_turn_right_1
 .rodata.anim_data_turn_right_2
                0x0000000008006fec       0x8c ./Src/App/anim_data.o
                0x0000000008006fec                anim_data_turn_right_2
 .rodata.anim_data_turn_right_3
                0x0000000008007078       0x8c ./Src/App/anim_data.o
                0x0000000008007078                anim_data_turn_right_3
 .rodata.anim_data_slide_left_1
                0x0000000008007104       0x8c ./Src/App/anim_data.o
                0x0000000008007104                anim_data_slide_left_1
 .rodata.anim_data_slide_left_2
                0x0000000008007190       0x8c ./Src/App/anim_data.o
                0x0000000008007190                anim_data_slide_left_2
 .rodata.anim_data_slide_left_3
                0x000000000800721c       0x8c ./Src/App/anim_data.o
                0x000000000800721c                anim_data_slide_left_3
 .rodata.anim_data_slide_right_1
                0x00000000080072a8       0x8c ./Src/App/anim_data.o
                0x00000000080072a8                anim_data_slide_right_1
 .rodata.anim_data_slide_right_2
                0x0000000008007334       0x8c ./Src/App/anim_data.o
                0x0000000008007334                anim_data_slide_right_2
 .rodata.anim_data_slide_right_3
                0x00000000080073c0       0x8c ./Src/App/anim_data.o
                0x00000000080073c0                anim_data_slide_right_3
 .rodata.settings_def
                0x000000000800744c       0x23 ./Src/App/settings.o
 *fill*         0x000000000800746f        0x1 
 .rodata.AHBPrescTable
                0x0000000008007470       0x10 ./Src/system_stm32f1xx.o
                0x0000000008007470                AHBPrescTable
 .rodata.APBPrescTable
                0x0000000008007480        0x8 ./Src/system_stm32f1xx.o
                0x0000000008007480                APBPrescTable
 .rodata._global_impure_ptr
                0x0000000008007488        0x4 c:/direct/st/stm32cubeide_1.9.0/stm32cubeide/plugins/com.st.stm32cube.ide.mcu.externaltools.gnu-tools-for-stm32.10.3-2021.10.win32_1.0.0.202111181127/tools/bin/../lib/gcc/arm-none-eabi/10.3.1/../../../../arm-none-eabi/lib/thumb/v7-m/nofp\libc.a(lib_a-impure.o)
                0x0000000008007488                _global_impure_ptr
                0x000000000800748c                . = ALIGN (0x4)

.rel.dyn        0x000000000800748c        0x0
 .rel.iplt      0x000000000800748c        0x0 c:/direct/st/stm32cubeide_1.9.0/stm32cubeide/plugins/com.st.stm32cube.ide.mcu.externaltools.gnu-tools-for-stm32.10.3-2021.10.win32_1.0.0.202111181127/tools/bin/../lib/gcc/arm-none-eabi/10.3.1/thumb/v7-m/nofp/crtbegin.o

.ARM.extab      0x000000000800748c        0x0
                0x000000000800748c                . = ALIGN (0x4)
 *(.ARM.extab* .gnu.linkonce.armextab.*)
                0x000000000800748c                . = ALIGN (0x4)

.ARM            0x000000000800748c        0x0
                0x000000000800748c                . = ALIGN (0x4)
                0x000000000800748c                __exidx_start = .
 *(.ARM.exidx*)
                0x000000000800748c                __exidx_end = .
                0x000000000800748c                . = ALIGN (0x4)

.preinit_array  0x000000000800748c        0x0
                0x000000000800748c                . = ALIGN (0x4)
                0x000000000800748c                PROVIDE (__preinit_array_start = .)
 *(.preinit_array*)
                0x000000000800748c                PROVIDE (__preinit_array_end = .)
                0x000000000800748c                . = ALIGN (0x4)

.init_array     0x000000000800748c        0x8
                0x000000000800748c                . = ALIGN (0x4)
                0x000000000800748c                PROVIDE (__init_array_start = .)
 *(SORT_BY_NAME(.init_array.*))
 .init_array.00000
                0x000000000800748c        0x4 c:/direct/st/stm32cubeide_1.9.0/stm32cubeide/plugins/com.st.stm32cube.ide.mcu.externaltools.gnu-tools-for-stm32.10.3-2021.10.win32_1.0.0.202111181127/tools/bin/../lib/gcc/arm-none-eabi/10.3.1/../../../../arm-none-eabi/lib/thumb/v7-m/nofp\libc.a(lib_a-__call_atexit.o)
 *(.init_array*)
 .init_array    0x0000000008007490        0x4 c:/direct/st/stm32cubeide_1.9.0/stm32cubeide/plugins/com.st.stm32cube.ide.mcu.externaltools.gnu-tools-for-stm32.10.3-2021.10.win32_1.0.0.202111181127/tools/bin/../lib/gcc/arm-none-eabi/10.3.1/thumb/v7-m/nofp/crtbegin.o
                0x0000000008007494                PROVIDE (__init_array_end = .)
                0x0000000008007494                . = ALIGN (0x4)

.fini_array     0x0000000008007494        0x4
                0x0000000008007494                . = ALIGN (0x4)
                0x0000000008007494                PROVIDE (__fini_array_start = .)
 *(SORT_BY_NAME(.fini_array.*))
 *(.fini_array*)
 .fini_array    0x0000000008007494        0x4 c:/direct/st/stm32cubeide_1.9.0/stm32cubeide/plugins/com.st.stm32cube.ide.mcu.externaltools.gnu-tools-for-stm32.10.3-2021.10.win32_1.0.0.202111181127/tools/bin/../lib/gcc/arm-none-eabi/10.3.1/thumb/v7-m/nofp/crtbegin.o
                0x0000000008007498                PROVIDE (__fini_array_end = .)
                0x0000000008007498                . = ALIGN (0x4)
                0x0000000008007498                _sidata = LOADADDR (.data)

.data           0x0000000020000000      0x86c load address 0x0000000008007498
                0x0000000020000000                . = ALIGN (0x4)
                0x0000000020000000                _sdata = .
 *(.data)
 *(.data*)
 .data.uwTickPrio
                0x0000000020000000        0x4 ./Drivers/STM32F1xx_HAL_Driver/Src/stm32f1xx_hal.o
                0x0000000020000000                uwTickPrio
 .data.uwTickFreq
                0x0000000020000004        0x1 ./Drivers/STM32F1xx_HAL_Driver/Src/stm32f1xx_hal.o
                0x0000000020000004                uwTickFreq
 *fill*         0x0000000020000005        0x3 
 .data.parser_symbols
                0x0000000020000008        0xf ./Src/App/parser.o
                0x0000000020000008                parser_symbols
 *fill*         0x0000000020000017        0x1 
 .data.parser_lengths
                0x0000000020000018        0xf ./Src/App/parser.o
                0x0000000020000018                parser_lengths
 *fill*         0x0000000020000027        0x1 
 .data.SystemCoreClock
                0x0000000020000028        0x4 ./Src/system_stm32f1xx.o
                0x0000000020000028                SystemCoreClock
 .data._impure_ptr
                0x000000002000002c        0x4 c:/direct/st/stm32cubeide_1.9.0/stm32cubeide/plugins/com.st.stm32cube.ide.mcu.externaltools.gnu-tools-for-stm32.10.3-2021.10.win32_1.0.0.202111181127/tools/bin/../lib/gcc/arm-none-eabi/10.3.1/../../../../arm-none-eabi/lib/thumb/v7-m/nofp\libc.a(lib_a-impure.o)
                0x000000002000002c                _impure_ptr
 .data.impure_data
                0x0000000020000030      0x428 c:/direct/st/stm32cubeide_1.9.0/stm32cubeide/plugins/com.st.stm32cube.ide.mcu.externaltools.gnu-tools-for-stm32.10.3-2021.10.win32_1.0.0.202111181127/tools/bin/../lib/gcc/arm-none-eabi/10.3.1/../../../../arm-none-eabi/lib/thumb/v7-m/nofp\libc.a(lib_a-impure.o)
 .data.__malloc_av_
                0x0000000020000458      0x408 c:/direct/st/stm32cubeide_1.9.0/stm32cubeide/plugins/com.st.stm32cube.ide.mcu.externaltools.gnu-tools-for-stm32.10.3-2021.10.win32_1.0.0.202111181127/tools/bin/../lib/gcc/arm-none-eabi/10.3.1/../../../../arm-none-eabi/lib/thumb/v7-m/nofp\libc.a(lib_a-mallocr.o)
                0x0000000020000458                __malloc_av_
 .data.__malloc_sbrk_base
                0x0000000020000860        0x4 c:/direct/st/stm32cubeide_1.9.0/stm32cubeide/plugins/com.st.stm32cube.ide.mcu.externaltools.gnu-tools-for-stm32.10.3-2021.10.win32_1.0.0.202111181127/tools/bin/../lib/gcc/arm-none-eabi/10.3.1/../../../../arm-none-eabi/lib/thumb/v7-m/nofp\libc.a(lib_a-mallocr.o)
                0x0000000020000860                __malloc_sbrk_base
 .data.__malloc_trim_threshold
                0x0000000020000864        0x4 c:/direct/st/stm32cubeide_1.9.0/stm32cubeide/plugins/com.st.stm32cube.ide.mcu.externaltools.gnu-tools-for-stm32.10.3-2021.10.win32_1.0.0.202111181127/tools/bin/../lib/gcc/arm-none-eabi/10.3.1/../../../../arm-none-eabi/lib/thumb/v7-m/nofp\libc.a(lib_a-mallocr.o)
                0x0000000020000864                __malloc_trim_threshold
 .data.__atexit_recursive_mutex
                0x0000000020000868        0x4 c:/direct/st/stm32cubeide_1.9.0/stm32cubeide/plugins/com.st.stm32cube.ide.mcu.externaltools.gnu-tools-for-stm32.10.3-2021.10.win32_1.0.0.202111181127/tools/bin/../lib/gcc/arm-none-eabi/10.3.1/../../../../arm-none-eabi/lib/thumb/v7-m/nofp\libc.a(lib_a-__call_atexit.o)
                0x0000000020000868                __atexit_recursive_mutex
                0x000000002000086c                . = ALIGN (0x4)
                0x000000002000086c                _edata = .

.igot.plt       0x000000002000086c        0x0 load address 0x0000000008007d04
 .igot.plt      0x000000002000086c        0x0 c:/direct/st/stm32cubeide_1.9.0/stm32cubeide/plugins/com.st.stm32cube.ide.mcu.externaltools.gnu-tools-for-stm32.10.3-2021.10.win32_1.0.0.202111181127/tools/bin/../lib/gcc/arm-none-eabi/10.3.1/thumb/v7-m/nofp/crtbegin.o
                0x000000002000086c                . = ALIGN (0x4)

.bss            0x0000000020000870      0x3d0 load address 0x0000000008007d04
                0x0000000020000870                _sbss = .
                0x0000000020000870                __bss_start__ = _sbss
 *(.bss)
 .bss           0x0000000020000870       0x1c c:/direct/st/stm32cubeide_1.9.0/stm32cubeide/plugins/com.st.stm32cube.ide.mcu.externaltools.gnu-tools-for-stm32.10.3-2021.10.win32_1.0.0.202111181127/tools/bin/../lib/gcc/arm-none-eabi/10.3.1/thumb/v7-m/nofp/crtbegin.o
 *(.bss*)
 .bss.uwTick    0x000000002000088c        0x4 ./Drivers/STM32F1xx_HAL_Driver/Src/stm32f1xx_hal.o
                0x000000002000088c                uwTick
 .bss.pFlash    0x0000000020000890       0x20 ./Drivers/STM32F1xx_HAL_Driver/Src/stm32f1xx_hal_flash.o
                0x0000000020000890                pFlash
 .bss.bluetooth_rx
                0x00000000200008b0      0x114 ./Src/App/Device/bluetooth.o
                0x00000000200008b0                bluetooth_rx
 .bss.button_pressed
                0x00000000200009c4        0x1 ./Src/App/Device/button.o
 *fill*         0x00000000200009c5        0x3 
 .bss.EraseInitStruct
                0x00000000200009c8       0x10 ./Src/App/Device/flash.o
 .bss.led       0x00000000200009d8        0xc ./Src/App/Device/led.o
                0x00000000200009d8                led
 .bss.servo_calib
                0x00000000200009e4        0x8 ./Src/App/Device/servo.o
                0x00000000200009e4                servo_calib
 .bss.animation
                0x00000000200009ec       0x40 ./Src/App/animation.o
                0x00000000200009ec                animation
 .bss.app       0x0000000020000a2c       0x48 ./Src/App/app.o
 .bss.settings_act
                0x0000000020000a74       0x23 ./Src/App/settings.o
 *fill*         0x0000000020000a97        0x1 
 .bss.hcrc      0x0000000020000a98        0x8 ./Src/main.o
                0x0000000020000a98                hcrc
 .bss.htim2     0x0000000020000aa0       0x48 ./Src/main.o
                0x0000000020000aa0                htim2
 .bss.htim3     0x0000000020000ae8       0x48 ./Src/main.o
                0x0000000020000ae8                htim3
 .bss.htim4     0x0000000020000b30       0x48 ./Src/main.o
                0x0000000020000b30                htim4
 .bss.huart1    0x0000000020000b78       0x44 ./Src/main.o
                0x0000000020000b78                huart1
 .bss.hdma_usart1_rx
                0x0000000020000bbc       0x44 ./Src/main.o
                0x0000000020000bbc                hdma_usart1_rx
 .bss.heap_end.0
                0x0000000020000c00        0x4 ./Src/sysmem.o
 .bss.__malloc_current_mallinfo
                0x0000000020000c04       0x28 c:/direct/st/stm32cubeide_1.9.0/stm32cubeide/plugins/com.st.stm32cube.ide.mcu.externaltools.gnu-tools-for-stm32.10.3-2021.10.win32_1.0.0.202111181127/tools/bin/../lib/gcc/arm-none-eabi/10.3.1/../../../../arm-none-eabi/lib/thumb/v7-m/nofp\libc.a(lib_a-mallocr.o)
                0x0000000020000c04                __malloc_current_mallinfo
 .bss.__malloc_max_sbrked_mem
                0x0000000020000c2c        0x4 c:/direct/st/stm32cubeide_1.9.0/stm32cubeide/plugins/com.st.stm32cube.ide.mcu.externaltools.gnu-tools-for-stm32.10.3-2021.10.win32_1.0.0.202111181127/tools/bin/../lib/gcc/arm-none-eabi/10.3.1/../../../../arm-none-eabi/lib/thumb/v7-m/nofp\libc.a(lib_a-mallocr.o)
                0x0000000020000c2c                __malloc_max_sbrked_mem
 .bss.__malloc_max_total_mem
                0x0000000020000c30        0x4 c:/direct/st/stm32cubeide_1.9.0/stm32cubeide/plugins/com.st.stm32cube.ide.mcu.externaltools.gnu-tools-for-stm32.10.3-2021.10.win32_1.0.0.202111181127/tools/bin/../lib/gcc/arm-none-eabi/10.3.1/../../../../arm-none-eabi/lib/thumb/v7-m/nofp\libc.a(lib_a-mallocr.o)
                0x0000000020000c30                __malloc_max_total_mem
 .bss.__malloc_top_pad
                0x0000000020000c34        0x4 c:/direct/st/stm32cubeide_1.9.0/stm32cubeide/plugins/com.st.stm32cube.ide.mcu.externaltools.gnu-tools-for-stm32.10.3-2021.10.win32_1.0.0.202111181127/tools/bin/../lib/gcc/arm-none-eabi/10.3.1/../../../../arm-none-eabi/lib/thumb/v7-m/nofp\libc.a(lib_a-mallocr.o)
                0x0000000020000c34                __malloc_top_pad
 .bss.__lock___atexit_recursive_mutex
                0x0000000020000c38        0x1 c:/direct/st/stm32cubeide_1.9.0/stm32cubeide/plugins/com.st.stm32cube.ide.mcu.externaltools.gnu-tools-for-stm32.10.3-2021.10.win32_1.0.0.202111181127/tools/bin/../lib/gcc/arm-none-eabi/10.3.1/../../../../arm-none-eabi/lib/thumb/v7-m/nofp\libc.a(lib_a-lock.o)
                0x0000000020000c38                __lock___atexit_recursive_mutex
 .bss.__lock___malloc_recursive_mutex
                0x0000000020000c39        0x1 c:/direct/st/stm32cubeide_1.9.0/stm32cubeide/plugins/com.st.stm32cube.ide.mcu.externaltools.gnu-tools-for-stm32.10.3-2021.10.win32_1.0.0.202111181127/tools/bin/../lib/gcc/arm-none-eabi/10.3.1/../../../../arm-none-eabi/lib/thumb/v7-m/nofp\libc.a(lib_a-lock.o)
                0x0000000020000c39                __lock___malloc_recursive_mutex
 *fill*         0x0000000020000c3a        0x2 
 .bss.errno     0x0000000020000c3c        0x4 c:/direct/st/stm32cubeide_1.9.0/stm32cubeide/plugins/com.st.stm32cube.ide.mcu.externaltools.gnu-tools-for-stm32.10.3-2021.10.win32_1.0.0.202111181127/tools/bin/../lib/gcc/arm-none-eabi/10.3.1/../../../../arm-none-eabi/lib/thumb/v7-m/nofp\libc.a(lib_a-reent.o)
                0x0000000020000c3c                errno
 *(COMMON)
                0x0000000020000c40                . = ALIGN (0x4)
                0x0000000020000c40                _ebss = .
                0x0000000020000c40                __bss_end__ = _ebss

._user_heap_stack
                0x0000000020000c40      0x600 load address 0x0000000008007d04
                0x0000000020000c40                . = ALIGN (0x8)
                0x0000000020000c40                PROVIDE (end = .)
                [!provide]                        PROVIDE (_end = .)
                0x0000000020000e40                . = (. + _Min_Heap_Size)
 *fill*         0x0000000020000c40      0x200 
                0x0000000020001240                . = (. + _Min_Stack_Size)
 *fill*         0x0000000020000e40      0x400 
                0x0000000020001240                . = ALIGN (0x8)

/DISCARD/
 libc.a(*)
 libm.a(*)
 libgcc.a(*)

.ARM.attributes
                0x0000000000000000       0x29
 *(.ARM.attributes)
 .ARM.attributes
                0x0000000000000000       0x1d c:/direct/st/stm32cubeide_1.9.0/stm32cubeide/plugins/com.st.stm32cube.ide.mcu.externaltools.gnu-tools-for-stm32.10.3-2021.10.win32_1.0.0.202111181127/tools/bin/../lib/gcc/arm-none-eabi/10.3.1/thumb/v7-m/nofp/crti.o
 .ARM.attributes
                0x000000000000001d       0x2d c:/direct/st/stm32cubeide_1.9.0/stm32cubeide/plugins/com.st.stm32cube.ide.mcu.externaltools.gnu-tools-for-stm32.10.3-2021.10.win32_1.0.0.202111181127/tools/bin/../lib/gcc/arm-none-eabi/10.3.1/thumb/v7-m/nofp/crtbegin.o
 .ARM.attributes
                0x000000000000004a       0x2d ./Drivers/STM32F1xx_HAL_Driver/Src/stm32f1xx_hal.o
 .ARM.attributes
                0x0000000000000077       0x2d ./Drivers/STM32F1xx_HAL_Driver/Src/stm32f1xx_hal_cortex.o
 .ARM.attributes
                0x00000000000000a4       0x2d ./Drivers/STM32F1xx_HAL_Driver/Src/stm32f1xx_hal_crc.o
 .ARM.attributes
                0x00000000000000d1       0x2d ./Drivers/STM32F1xx_HAL_Driver/Src/stm32f1xx_hal_dma.o
 .ARM.attributes
                0x00000000000000fe       0x2d ./Drivers/STM32F1xx_HAL_Driver/Src/stm32f1xx_hal_flash.o
 .ARM.attributes
                0x000000000000012b       0x2d ./Drivers/STM32F1xx_HAL_Driver/Src/stm32f1xx_hal_flash_ex.o
 .ARM.attributes
                0x0000000000000158       0x2d ./Drivers/STM32F1xx_HAL_Driver/Src/stm32f1xx_hal_gpio.o
 .ARM.attributes
                0x0000000000000185       0x2d ./Drivers/STM32F1xx_HAL_Driver/Src/stm32f1xx_hal_rcc.o
 .ARM.attributes
                0x00000000000001b2       0x2d ./Drivers/STM32F1xx_HAL_Driver/Src/stm32f1xx_hal_tim.o
 .ARM.attributes
                0x00000000000001df       0x2d ./Drivers/STM32F1xx_HAL_Driver/Src/stm32f1xx_hal_tim_ex.o
 .ARM.attributes
                0x000000000000020c       0x2d ./Drivers/STM32F1xx_HAL_Driver/Src/stm32f1xx_hal_uart.o
 .ARM.attributes
                0x0000000000000239       0x2d ./Src/App/Device/bluetooth.o
 .ARM.attributes
                0x0000000000000266       0x2d ./Src/App/Device/button.o
 .ARM.attributes
                0x0000000000000293       0x2d ./Src/App/Device/flash.o
 .ARM.attributes
                0x00000000000002c0       0x2d ./Src/App/Device/interrupts.o
 .ARM.attributes
                0x00000000000002ed       0x2d ./Src/App/Device/led.o
 .ARM.attributes
                0x000000000000031a       0x2d ./Src/App/Device/servo.o
 .ARM.attributes
                0x0000000000000347       0x2d ./Src/App/anim_data.o
 .ARM.attributes
                0x0000000000000374       0x2d ./Src/App/animation.o
 .ARM.attributes
                0x00000000000003a1       0x2d ./Src/App/app.o
 .ARM.attributes
                0x00000000000003ce       0x2d ./Src/App/parser.o
 .ARM.attributes
                0x00000000000003fb       0x2d ./Src/App/settings.o
 .ARM.attributes
                0x0000000000000428       0x2d ./Src/main.o
 .ARM.attributes
                0x0000000000000455       0x2d ./Src/stm32f1xx_hal_msp.o
 .ARM.attributes
                0x0000000000000482       0x2d ./Src/stm32f1xx_it.o
 .ARM.attributes
                0x00000000000004af       0x2d ./Src/sysmem.o
 .ARM.attributes
                0x00000000000004dc       0x2d ./Src/system_stm32f1xx.o
 .ARM.attributes
                0x0000000000000509       0x21 ./Startup/startup_stm32f103c8tx.o
 .ARM.attributes
                0x000000000000052a       0x2d c:/direct/st/stm32cubeide_1.9.0/stm32cubeide/plugins/com.st.stm32cube.ide.mcu.externaltools.gnu-tools-for-stm32.10.3-2021.10.win32_1.0.0.202111181127/tools/bin/../lib/gcc/arm-none-eabi/10.3.1/../../../../arm-none-eabi/lib/thumb/v7-m/nofp\libc.a(lib_a-errno.o)
 .ARM.attributes
                0x0000000000000557       0x2d c:/direct/st/stm32cubeide_1.9.0/stm32cubeide/plugins/com.st.stm32cube.ide.mcu.externaltools.gnu-tools-for-stm32.10.3-2021.10.win32_1.0.0.202111181127/tools/bin/../lib/gcc/arm-none-eabi/10.3.1/../../../../arm-none-eabi/lib/thumb/v7-m/nofp\libc.a(lib_a-impure.o)
 .ARM.attributes
                0x0000000000000584       0x2d c:/direct/st/stm32cubeide_1.9.0/stm32cubeide/plugins/com.st.stm32cube.ide.mcu.externaltools.gnu-tools-for-stm32.10.3-2021.10.win32_1.0.0.202111181127/tools/bin/../lib/gcc/arm-none-eabi/10.3.1/../../../../arm-none-eabi/lib/thumb/v7-m/nofp\libc.a(lib_a-init.o)
 .ARM.attributes
                0x00000000000005b1       0x2d c:/direct/st/stm32cubeide_1.9.0/stm32cubeide/plugins/com.st.stm32cube.ide.mcu.externaltools.gnu-tools-for-stm32.10.3-2021.10.win32_1.0.0.202111181127/tools/bin/../lib/gcc/arm-none-eabi/10.3.1/../../../../arm-none-eabi/lib/thumb/v7-m/nofp\libc.a(lib_a-malloc.o)
 .ARM.attributes
                0x00000000000005de       0x2d c:/direct/st/stm32cubeide_1.9.0/stm32cubeide/plugins/com.st.stm32cube.ide.mcu.externaltools.gnu-tools-for-stm32.10.3-2021.10.win32_1.0.0.202111181127/tools/bin/../lib/gcc/arm-none-eabi/10.3.1/../../../../arm-none-eabi/lib/thumb/v7-m/nofp\libc.a(lib_a-mallocr.o)
 .ARM.attributes
                0x000000000000060b       0x2d c:/direct/st/stm32cubeide_1.9.0/stm32cubeide/plugins/com.st.stm32cube.ide.mcu.externaltools.gnu-tools-for-stm32.10.3-2021.10.win32_1.0.0.202111181127/tools/bin/../lib/gcc/arm-none-eabi/10.3.1/../../../../arm-none-eabi/lib/thumb/v7-m/nofp\libc.a(lib_a-memcpy-stub.o)
 .ARM.attributes
                0x0000000000000638       0x2d c:/direct/st/stm32cubeide_1.9.0/stm32cubeide/plugins/com.st.stm32cube.ide.mcu.externaltools.gnu-tools-for-stm32.10.3-2021.10.win32_1.0.0.202111181127/tools/bin/../lib/gcc/arm-none-eabi/10.3.1/../../../../arm-none-eabi/lib/thumb/v7-m/nofp\libc.a(lib_a-memset.o)
 .ARM.attributes
                0x0000000000000665       0x2d c:/direct/st/stm32cubeide_1.9.0/stm32cubeide/plugins/com.st.stm32cube.ide.mcu.externaltools.gnu-tools-for-stm32.10.3-2021.10.win32_1.0.0.202111181127/tools/bin/../lib/gcc/arm-none-eabi/10.3.1/../../../../arm-none-eabi/lib/thumb/v7-m/nofp\libc.a(lib_a-mlock.o)
 .ARM.attributes
                0x0000000000000692       0x2d c:/direct/st/stm32cubeide_1.9.0/stm32cubeide/plugins/com.st.stm32cube.ide.mcu.externaltools.gnu-tools-for-stm32.10.3-2021.10.win32_1.0.0.202111181127/tools/bin/../lib/gcc/arm-none-eabi/10.3.1/../../../../arm-none-eabi/lib/thumb/v7-m/nofp\libc.a(lib_a-sbrkr.o)
 .ARM.attributes
                0x00000000000006bf       0x2d c:/direct/st/stm32cubeide_1.9.0/stm32cubeide/plugins/com.st.stm32cube.ide.mcu.externaltools.gnu-tools-for-stm32.10.3-2021.10.win32_1.0.0.202111181127/tools/bin/../lib/gcc/arm-none-eabi/10.3.1/../../../../arm-none-eabi/lib/thumb/v7-m/nofp\libc.a(lib_a-sysconf.o)
 .ARM.attributes
                0x00000000000006ec       0x2d c:/direct/st/stm32cubeide_1.9.0/stm32cubeide/plugins/com.st.stm32cube.ide.mcu.externaltools.gnu-tools-for-stm32.10.3-2021.10.win32_1.0.0.202111181127/tools/bin/../lib/gcc/arm-none-eabi/10.3.1/../../../../arm-none-eabi/lib/thumb/v7-m/nofp\libc.a(lib_a-__call_atexit.o)
 .ARM.attributes
                0x0000000000000719       0x2d c:/direct/st/stm32cubeide_1.9.0/stm32cubeide/plugins/com.st.stm32cube.ide.mcu.externaltools.gnu-tools-for-stm32.10.3-2021.10.win32_1.0.0.202111181127/tools/bin/../lib/gcc/arm-none-eabi/10.3.1/../../../../arm-none-eabi/lib/thumb/v7-m/nofp\libc.a(lib_a-atexit.o)
 .ARM.attributes
                0x0000000000000746       0x2d c:/direct/st/stm32cubeide_1.9.0/stm32cubeide/plugins/com.st.stm32cube.ide.mcu.externaltools.gnu-tools-for-stm32.10.3-2021.10.win32_1.0.0.202111181127/tools/bin/../lib/gcc/arm-none-eabi/10.3.1/../../../../arm-none-eabi/lib/thumb/v7-m/nofp\libc.a(lib_a-fini.o)
 .ARM.attributes
                0x0000000000000773       0x2d c:/direct/st/stm32cubeide_1.9.0/stm32cubeide/plugins/com.st.stm32cube.ide.mcu.externaltools.gnu-tools-for-stm32.10.3-2021.10.win32_1.0.0.202111181127/tools/bin/../lib/gcc/arm-none-eabi/10.3.1/../../../../arm-none-eabi/lib/thumb/v7-m/nofp\libc.a(lib_a-freer.o)
 .ARM.attributes
                0x00000000000007a0       0x2d c:/direct/st/stm32cubeide_1.9.0/stm32cubeide/plugins/com.st.stm32cube.ide.mcu.externaltools.gnu-tools-for-stm32.10.3-2021.10.win32_1.0.0.202111181127/tools/bin/../lib/gcc/arm-none-eabi/10.3.1/../../../../arm-none-eabi/lib/thumb/v7-m/nofp\libc.a(lib_a-lock.o)
 .ARM.attributes
                0x00000000000007cd       0x2d c:/direct/st/stm32cubeide_1.9.0/stm32cubeide/plugins/com.st.stm32cube.ide.mcu.externaltools.gnu-tools-for-stm32.10.3-2021.10.win32_1.0.0.202111181127/tools/bin/../lib/gcc/arm-none-eabi/10.3.1/../../../../arm-none-eabi/lib/thumb/v7-m/nofp\libc.a(lib_a-reent.o)
 .ARM.attributes
                0x00000000000007fa       0x2d c:/direct/st/stm32cubeide_1.9.0/stm32cubeide/plugins/com.st.stm32cube.ide.mcu.externaltools.gnu-tools-for-stm32.10.3-2021.10.win32_1.0.0.202111181127/tools/bin/../lib/gcc/arm-none-eabi/10.3.1/../../../../arm-none-eabi/lib/thumb/v7-m/nofp\libc.a(lib_a-__atexit.o)
 .ARM.attributes
                0x0000000000000827       0x1d c:/direct/st/stm32cubeide_1.9.0/stm32cubeide/plugins/com.st.stm32cube.ide.mcu.externaltools.gnu-tools-for-stm32.10.3-2021.10.win32_1.0.0.202111181127/tools/bin/../lib/gcc/arm-none-eabi/10.3.1/thumb/v7-m/nofp\libgcc.a(_arm_addsubdf3.o)
 .ARM.attributes
                0x0000000000000844       0x1d c:/direct/st/stm32cubeide_1.9.0/stm32cubeide/plugins/com.st.stm32cube.ide.mcu.externaltools.gnu-tools-for-stm32.10.3-2021.10.win32_1.0.0.202111181127/tools/bin/../lib/gcc/arm-none-eabi/10.3.1/thumb/v7-m/nofp\libgcc.a(_arm_cmpdf2.o)
 .ARM.attributes
                0x0000000000000861       0x1d c:/direct/st/stm32cubeide_1.9.0/stm32cubeide/plugins/com.st.stm32cube.ide.mcu.externaltools.gnu-tools-for-stm32.10.3-2021.10.win32_1.0.0.202111181127/tools/bin/../lib/gcc/arm-none-eabi/10.3.1/thumb/v7-m/nofp\libgcc.a(_arm_addsubsf3.o)
 .ARM.attributes
                0x000000000000087e       0x1d c:/direct/st/stm32cubeide_1.9.0/stm32cubeide/plugins/com.st.stm32cube.ide.mcu.externaltools.gnu-tools-for-stm32.10.3-2021.10.win32_1.0.0.202111181127/tools/bin/../lib/gcc/arm-none-eabi/10.3.1/thumb/v7-m/nofp\libgcc.a(_arm_muldivsf3.o)
 .ARM.attributes
                0x000000000000089b       0x1d c:/direct/st/stm32cubeide_1.9.0/stm32cubeide/plugins/com.st.stm32cube.ide.mcu.externaltools.gnu-tools-for-stm32.10.3-2021.10.win32_1.0.0.202111181127/tools/bin/../lib/gcc/arm-none-eabi/10.3.1/thumb/v7-m/nofp\libgcc.a(_arm_cmpsf2.o)
 .ARM.attributes
                0x00000000000008b8       0x1d c:/direct/st/stm32cubeide_1.9.0/stm32cubeide/plugins/com.st.stm32cube.ide.mcu.externaltools.gnu-tools-for-stm32.10.3-2021.10.win32_1.0.0.202111181127/tools/bin/../lib/gcc/arm-none-eabi/10.3.1/thumb/v7-m/nofp\libgcc.a(_arm_fixunssfsi.o)
 .ARM.attributes
                0x00000000000008d5       0x1d c:/direct/st/stm32cubeide_1.9.0/stm32cubeide/plugins/com.st.stm32cube.ide.mcu.externaltools.gnu-tools-for-stm32.10.3-2021.10.win32_1.0.0.202111181127/tools/bin/../lib/gcc/arm-none-eabi/10.3.1/thumb/v7-m/nofp/crtn.o
OUTPUT(Quadruped.elf elf32-littlearm)
LOAD linker stubs
LOAD c:/direct/st/stm32cubeide_1.9.0/stm32cubeide/plugins/com.st.stm32cube.ide.mcu.externaltools.gnu-tools-for-stm32.10.3-2021.10.win32_1.0.0.202111181127/tools/bin/../lib/gcc/arm-none-eabi/10.3.1/../../../../arm-none-eabi/lib/thumb/v7-m/nofp\libc.a
LOAD c:/direct/st/stm32cubeide_1.9.0/stm32cubeide/plugins/com.st.stm32cube.ide.mcu.externaltools.gnu-tools-for-stm32.10.3-2021.10.win32_1.0.0.202111181127/tools/bin/../lib/gcc/arm-none-eabi/10.3.1/../../../../arm-none-eabi/lib/thumb/v7-m/nofp\libm.a
LOAD c:/direct/st/stm32cubeide_1.9.0/stm32cubeide/plugins/com.st.stm32cube.ide.mcu.externaltools.gnu-tools-for-stm32.10.3-2021.10.win32_1.0.0.202111181127/tools/bin/../lib/gcc/arm-none-eabi/10.3.1/thumb/v7-m/nofp\libgcc.a

.debug_info     0x0000000000000000     0xf12e
 .debug_info    0x0000000000000000      0x734 ./Drivers/STM32F1xx_HAL_Driver/Src/stm32f1xx_hal.o
 .debug_info    0x0000000000000734      0xb20 ./Drivers/STM32F1xx_HAL_Driver/Src/stm32f1xx_hal_cortex.o
 .debug_info    0x0000000000001254      0x3a6 ./Drivers/STM32F1xx_HAL_Driver/Src/stm32f1xx_hal_crc.o
 .debug_info    0x00000000000015fa      0x73f ./Drivers/STM32F1xx_HAL_Driver/Src/stm32f1xx_hal_dma.o
 .debug_info    0x0000000000001d39      0x547 ./Drivers/STM32F1xx_HAL_Driver/Src/stm32f1xx_hal_flash.o
 .debug_info    0x0000000000002280      0x7e5 ./Drivers/STM32F1xx_HAL_Driver/Src/stm32f1xx_hal_flash_ex.o
 .debug_info    0x0000000000002a65      0x615 ./Drivers/STM32F1xx_HAL_Driver/Src/stm32f1xx_hal_gpio.o
 .debug_info    0x000000000000307a      0x860 ./Drivers/STM32F1xx_HAL_Driver/Src/stm32f1xx_hal_rcc.o
 .debug_info    0x00000000000038da     0x29de ./Drivers/STM32F1xx_HAL_Driver/Src/stm32f1xx_hal_tim.o
 .debug_info    0x00000000000062b8     0x1513 ./Drivers/STM32F1xx_HAL_Driver/Src/stm32f1xx_hal_tim_ex.o
 .debug_info    0x00000000000077cb     0x15d8 ./Drivers/STM32F1xx_HAL_Driver/Src/stm32f1xx_hal_uart.o
 .debug_info    0x0000000000008da3      0x8e7 ./Src/App/Device/bluetooth.o
 .debug_info    0x000000000000968a      0x218 ./Src/App/Device/button.o
 .debug_info    0x00000000000098a2      0x2c6 ./Src/App/Device/flash.o
 .debug_info    0x0000000000009b68      0x611 ./Src/App/Device/interrupts.o
 .debug_info    0x000000000000a179      0x79a ./Src/App/Device/led.o
 .debug_info    0x000000000000a913      0x75d ./Src/App/Device/servo.o
 .debug_info    0x000000000000b070      0x3ab ./Src/App/anim_data.o
 .debug_info    0x000000000000b41b      0x2af ./Src/App/animation.o
 .debug_info    0x000000000000b6ca      0x402 ./Src/App/app.o
 .debug_info    0x000000000000bacc      0x38a ./Src/App/parser.o
 .debug_info    0x000000000000be56      0x4a4 ./Src/App/settings.o
 .debug_info    0x000000000000c2fa     0x127a ./Src/main.o
 .debug_info    0x000000000000d574     0x102a ./Src/stm32f1xx_hal_msp.o
 .debug_info    0x000000000000e59e      0x671 ./Src/stm32f1xx_it.o
 .debug_info    0x000000000000ec0f      0x105 ./Src/sysmem.o
 .debug_info    0x000000000000ed14      0x3f8 ./Src/system_stm32f1xx.o
 .debug_info    0x000000000000f10c       0x22 ./Startup/startup_stm32f103c8tx.o

.debug_abbrev   0x0000000000000000     0x3229
 .debug_abbrev  0x0000000000000000      0x1fb ./Drivers/STM32F1xx_HAL_Driver/Src/stm32f1xx_hal.o
 .debug_abbrev  0x00000000000001fb      0x2ed ./Drivers/STM32F1xx_HAL_Driver/Src/stm32f1xx_hal_cortex.o
 .debug_abbrev  0x00000000000004e8      0x19e ./Drivers/STM32F1xx_HAL_Driver/Src/stm32f1xx_hal_crc.o
 .debug_abbrev  0x0000000000000686      0x1fe ./Drivers/STM32F1xx_HAL_Driver/Src/stm32f1xx_hal_dma.o
 .debug_abbrev  0x0000000000000884      0x243 ./Drivers/STM32F1xx_HAL_Driver/Src/stm32f1xx_hal_flash.o
 .debug_abbrev  0x0000000000000ac7      0x23b ./Drivers/STM32F1xx_HAL_Driver/Src/stm32f1xx_hal_flash_ex.o
 .debug_abbrev  0x0000000000000d02      0x1bb ./Drivers/STM32F1xx_HAL_Driver/Src/stm32f1xx_hal_gpio.o
 .debug_abbrev  0x0000000000000ebd      0x2a8 ./Drivers/STM32F1xx_HAL_Driver/Src/stm32f1xx_hal_rcc.o
 .debug_abbrev  0x0000000000001165      0x25d ./Drivers/STM32F1xx_HAL_Driver/Src/stm32f1xx_hal_tim.o
 .debug_abbrev  0x00000000000013c2      0x265 ./Drivers/STM32F1xx_HAL_Driver/Src/stm32f1xx_hal_tim_ex.o
 .debug_abbrev  0x0000000000001627      0x278 ./Drivers/STM32F1xx_HAL_Driver/Src/stm32f1xx_hal_uart.o
 .debug_abbrev  0x000000000000189f      0x276 ./Src/App/Device/bluetooth.o
 .debug_abbrev  0x0000000000001b15      0x138 ./Src/App/Device/button.o
 .debug_abbrev  0x0000000000001c4d      0x128 ./Src/App/Device/flash.o
 .debug_abbrev  0x0000000000001d75      0x169 ./Src/App/Device/interrupts.o
 .debug_abbrev  0x0000000000001ede      0x1da ./Src/App/Device/led.o
 .debug_abbrev  0x00000000000020b8      0x1cd ./Src/App/Device/servo.o
 .debug_abbrev  0x0000000000002285       0xc1 ./Src/App/anim_data.o
 .debug_abbrev  0x0000000000002346      0x172 ./Src/App/animation.o
 .debug_abbrev  0x00000000000024b8      0x181 ./Src/App/app.o
 .debug_abbrev  0x0000000000002639      0x144 ./Src/App/parser.o
 .debug_abbrev  0x000000000000277d      0x206 ./Src/App/settings.o
 .debug_abbrev  0x0000000000002983      0x2b3 ./Src/main.o
 .debug_abbrev  0x0000000000002c36      0x25c ./Src/stm32f1xx_hal_msp.o
 .debug_abbrev  0x0000000000002e92      0x18c ./Src/stm32f1xx_it.o
 .debug_abbrev  0x000000000000301e       0xbe ./Src/sysmem.o
 .debug_abbrev  0x00000000000030dc      0x13b ./Src/system_stm32f1xx.o
 .debug_abbrev  0x0000000000003217       0x12 ./Startup/startup_stm32f103c8tx.o

.debug_aranges  0x0000000000000000     0x1010
 .debug_aranges
                0x0000000000000000       0xe0 ./Drivers/STM32F1xx_HAL_Driver/Src/stm32f1xx_hal.o
 .debug_aranges
                0x00000000000000e0      0x100 ./Drivers/STM32F1xx_HAL_Driver/Src/stm32f1xx_hal_cortex.o
 .debug_aranges
                0x00000000000001e0       0x50 ./Drivers/STM32F1xx_HAL_Driver/Src/stm32f1xx_hal_crc.o
 .debug_aranges
                0x0000000000000230       0x80 ./Drivers/STM32F1xx_HAL_Driver/Src/stm32f1xx_hal_dma.o
 .debug_aranges
                0x00000000000002b0       0x88 ./Drivers/STM32F1xx_HAL_Driver/Src/stm32f1xx_hal_flash.o
 .debug_aranges
                0x0000000000000338       0x98 ./Drivers/STM32F1xx_HAL_Driver/Src/stm32f1xx_hal_flash_ex.o
 .debug_aranges
                0x00000000000003d0       0x58 ./Drivers/STM32F1xx_HAL_Driver/Src/stm32f1xx_hal_gpio.o
 .debug_aranges
                0x0000000000000428       0x90 ./Drivers/STM32F1xx_HAL_Driver/Src/stm32f1xx_hal_rcc.o
 .debug_aranges
                0x00000000000004b8      0x3d0 ./Drivers/STM32F1xx_HAL_Driver/Src/stm32f1xx_hal_tim.o
 .debug_aranges
                0x0000000000000888      0x168 ./Drivers/STM32F1xx_HAL_Driver/Src/stm32f1xx_hal_tim_ex.o
 .debug_aranges
                0x00000000000009f0      0x200 ./Drivers/STM32F1xx_HAL_Driver/Src/stm32f1xx_hal_uart.o
 .debug_aranges
                0x0000000000000bf0       0x68 ./Src/App/Device/bluetooth.o
 .debug_aranges
                0x0000000000000c58       0x30 ./Src/App/Device/button.o
 .debug_aranges
                0x0000000000000c88       0x28 ./Src/App/Device/flash.o
 .debug_aranges
                0x0000000000000cb0       0x38 ./Src/App/Device/interrupts.o
 .debug_aranges
                0x0000000000000ce8       0x38 ./Src/App/Device/led.o
 .debug_aranges
                0x0000000000000d20       0x38 ./Src/App/Device/servo.o
 .debug_aranges
                0x0000000000000d58       0x18 ./Src/App/anim_data.o
 .debug_aranges
                0x0000000000000d70       0x40 ./Src/App/animation.o
 .debug_aranges
                0x0000000000000db0       0x30 ./Src/App/app.o
 .debug_aranges
                0x0000000000000de0       0x28 ./Src/App/parser.o
 .debug_aranges
                0x0000000000000e08       0x60 ./Src/App/settings.o
 .debug_aranges
                0x0000000000000e68       0x68 ./Src/main.o
 .debug_aranges
                0x0000000000000ed0       0x58 ./Src/stm32f1xx_hal_msp.o
 .debug_aranges
                0x0000000000000f28       0x78 ./Src/stm32f1xx_it.o
 .debug_aranges
                0x0000000000000fa0       0x20 ./Src/sysmem.o
 .debug_aranges
                0x0000000000000fc0       0x28 ./Src/system_stm32f1xx.o
 .debug_aranges
                0x0000000000000fe8       0x28 ./Startup/startup_stm32f103c8tx.o

.debug_ranges   0x0000000000000000      0xe98
 .debug_ranges  0x0000000000000000       0xd0 ./Drivers/STM32F1xx_HAL_Driver/Src/stm32f1xx_hal.o
 .debug_ranges  0x00000000000000d0       0xf0 ./Drivers/STM32F1xx_HAL_Driver/Src/stm32f1xx_hal_cortex.o
 .debug_ranges  0x00000000000001c0       0x40 ./Drivers/STM32F1xx_HAL_Driver/Src/stm32f1xx_hal_crc.o
 .debug_ranges  0x0000000000000200       0x70 ./Drivers/STM32F1xx_HAL_Driver/Src/stm32f1xx_hal_dma.o
 .debug_ranges  0x0000000000000270       0x78 ./Drivers/STM32F1xx_HAL_Driver/Src/stm32f1xx_hal_flash.o
 .debug_ranges  0x00000000000002e8       0x88 ./Drivers/STM32F1xx_HAL_Driver/Src/stm32f1xx_hal_flash_ex.o
 .debug_ranges  0x0000000000000370       0x48 ./Drivers/STM32F1xx_HAL_Driver/Src/stm32f1xx_hal_gpio.o
 .debug_ranges  0x00000000000003b8       0x80 ./Drivers/STM32F1xx_HAL_Driver/Src/stm32f1xx_hal_rcc.o
 .debug_ranges  0x0000000000000438      0x3c0 ./Drivers/STM32F1xx_HAL_Driver/Src/stm32f1xx_hal_tim.o
 .debug_ranges  0x00000000000007f8      0x158 ./Drivers/STM32F1xx_HAL_Driver/Src/stm32f1xx_hal_tim_ex.o
 .debug_ranges  0x0000000000000950      0x220 ./Drivers/STM32F1xx_HAL_Driver/Src/stm32f1xx_hal_uart.o
 .debug_ranges  0x0000000000000b70       0x58 ./Src/App/Device/bluetooth.o
 .debug_ranges  0x0000000000000bc8       0x20 ./Src/App/Device/button.o
 .debug_ranges  0x0000000000000be8       0x18 ./Src/App/Device/flash.o
 .debug_ranges  0x0000000000000c00       0x28 ./Src/App/Device/interrupts.o
 .debug_ranges  0x0000000000000c28       0x28 ./Src/App/Device/led.o
 .debug_ranges  0x0000000000000c50       0x28 ./Src/App/Device/servo.o
 .debug_ranges  0x0000000000000c78       0x48 ./Src/App/animation.o
 .debug_ranges  0x0000000000000cc0       0x20 ./Src/App/app.o
 .debug_ranges  0x0000000000000ce0       0x18 ./Src/App/parser.o
 .debug_ranges  0x0000000000000cf8       0x50 ./Src/App/settings.o
 .debug_ranges  0x0000000000000d48       0x58 ./Src/main.o
 .debug_ranges  0x0000000000000da0       0x48 ./Src/stm32f1xx_hal_msp.o
 .debug_ranges  0x0000000000000de8       0x68 ./Src/stm32f1xx_it.o
 .debug_ranges  0x0000000000000e50       0x10 ./Src/sysmem.o
 .debug_ranges  0x0000000000000e60       0x18 ./Src/system_stm32f1xx.o
 .debug_ranges  0x0000000000000e78       0x20 ./Startup/startup_stm32f103c8tx.o

.debug_macro    0x0000000000000000    0x18f4b
 .debug_macro   0x0000000000000000      0x1d1 ./Drivers/STM32F1xx_HAL_Driver/Src/stm32f1xx_hal.o
 .debug_macro   0x00000000000001d1      0xa6c ./Drivers/STM32F1xx_HAL_Driver/Src/stm32f1xx_hal.o
 .debug_macro   0x0000000000000c3d      0x227 ./Drivers/STM32F1xx_HAL_Driver/Src/stm32f1xx_hal.o
 .debug_macro   0x0000000000000e64       0x2e ./Drivers/STM32F1xx_HAL_Driver/Src/stm32f1xx_hal.o
 .debug_macro   0x0000000000000e92       0x22 ./Drivers/STM32F1xx_HAL_Driver/Src/stm32f1xx_hal.o
 .debug_macro   0x0000000000000eb4       0x22 ./Drivers/STM32F1xx_HAL_Driver/Src/stm32f1xx_hal.o
 .debug_macro   0x0000000000000ed6       0x8e ./Drivers/STM32F1xx_HAL_Driver/Src/stm32f1xx_hal.o
 .debug_macro   0x0000000000000f64       0x51 ./Drivers/STM32F1xx_HAL_Driver/Src/stm32f1xx_hal.o
 .debug_macro   0x0000000000000fb5      0x103 ./Drivers/STM32F1xx_HAL_Driver/Src/stm32f1xx_hal.o
 .debug_macro   0x00000000000010b8       0x6a ./Drivers/STM32F1xx_HAL_Driver/Src/stm32f1xx_hal.o
 .debug_macro   0x0000000000001122      0x1df ./Drivers/STM32F1xx_HAL_Driver/Src/stm32f1xx_hal.o
 .debug_macro   0x0000000000001301       0x1c ./Drivers/STM32F1xx_HAL_Driver/Src/stm32f1xx_hal.o
 .debug_macro   0x000000000000131d       0x22 ./Drivers/STM32F1xx_HAL_Driver/Src/stm32f1xx_hal.o
 .debug_macro   0x000000000000133f       0xbd ./Drivers/STM32F1xx_HAL_Driver/Src/stm32f1xx_hal.o
 .debug_macro   0x00000000000013fc      0xd23 ./Drivers/STM32F1xx_HAL_Driver/Src/stm32f1xx_hal.o
 .debug_macro   0x000000000000211f     0xe09e ./Drivers/STM32F1xx_HAL_Driver/Src/stm32f1xx_hal.o
 .debug_macro   0x00000000000101bd       0x6d ./Drivers/STM32F1xx_HAL_Driver/Src/stm32f1xx_hal.o
 .debug_macro   0x000000000001022a     0x3468 ./Drivers/STM32F1xx_HAL_Driver/Src/stm32f1xx_hal.o
 .debug_macro   0x0000000000013692      0x174 ./Drivers/STM32F1xx_HAL_Driver/Src/stm32f1xx_hal.o
 .debug_macro   0x0000000000013806       0x5c ./Drivers/STM32F1xx_HAL_Driver/Src/stm32f1xx_hal.o
 .debug_macro   0x0000000000013862      0x5be ./Drivers/STM32F1xx_HAL_Driver/Src/stm32f1xx_hal.o
 .debug_macro   0x0000000000013e20      0x289 ./Drivers/STM32F1xx_HAL_Driver/Src/stm32f1xx_hal.o
 .debug_macro   0x00000000000140a9      0x1cb ./Drivers/STM32F1xx_HAL_Driver/Src/stm32f1xx_hal.o
 .debug_macro   0x0000000000014274      0x114 ./Drivers/STM32F1xx_HAL_Driver/Src/stm32f1xx_hal.o
 .debug_macro   0x0000000000014388      0x1b2 ./Drivers/STM32F1xx_HAL_Driver/Src/stm32f1xx_hal.o
 .debug_macro   0x000000000001453a       0x27 ./Drivers/STM32F1xx_HAL_Driver/Src/stm32f1xx_hal.o
 .debug_macro   0x0000000000014561      0x136 ./Drivers/STM32F1xx_HAL_Driver/Src/stm32f1xx_hal.o
 .debug_macro   0x0000000000014697      0x1bc ./Drivers/STM32F1xx_HAL_Driver/Src/stm32f1xx_hal.o
 .debug_macro   0x0000000000014853       0x34 ./Drivers/STM32F1xx_HAL_Driver/Src/stm32f1xx_hal.o
 .debug_macro   0x0000000000014887       0x3c ./Drivers/STM32F1xx_HAL_Driver/Src/stm32f1xx_hal.o
 .debug_macro   0x00000000000148c3       0x57 ./Drivers/STM32F1xx_HAL_Driver/Src/stm32f1xx_hal.o
 .debug_macro   0x000000000001491a       0x22 ./Drivers/STM32F1xx_HAL_Driver/Src/stm32f1xx_hal.o
 .debug_macro   0x000000000001493c       0x88 ./Drivers/STM32F1xx_HAL_Driver/Src/stm32f1xx_hal.o
 .debug_macro   0x00000000000149c4      0x241 ./Drivers/STM32F1xx_HAL_Driver/Src/stm32f1xx_hal.o
 .debug_macro   0x0000000000014c05      0x141 ./Drivers/STM32F1xx_HAL_Driver/Src/stm32f1xx_hal.o
 .debug_macro   0x0000000000014d46      0x8d1 ./Drivers/STM32F1xx_HAL_Driver/Src/stm32f1xx_hal.o
 .debug_macro   0x0000000000015617      0x279 ./Drivers/STM32F1xx_HAL_Driver/Src/stm32f1xx_hal.o
 .debug_macro   0x0000000000015890       0x83 ./Drivers/STM32F1xx_HAL_Driver/Src/stm32f1xx_hal.o
 .debug_macro   0x0000000000015913      0x1ad ./Drivers/STM32F1xx_HAL_Driver/Src/stm32f1xx_hal_cortex.o
 .debug_macro   0x0000000000015ac0      0x1ad ./Drivers/STM32F1xx_HAL_Driver/Src/stm32f1xx_hal_crc.o
 .debug_macro   0x0000000000015c6d      0x1ad ./Drivers/STM32F1xx_HAL_Driver/Src/stm32f1xx_hal_dma.o
 .debug_macro   0x0000000000015e1a      0x1ad ./Drivers/STM32F1xx_HAL_Driver/Src/stm32f1xx_hal_flash.o
 .debug_macro   0x0000000000015fc7      0x1bf ./Drivers/STM32F1xx_HAL_Driver/Src/stm32f1xx_hal_flash_ex.o
 .debug_macro   0x0000000000016186      0x218 ./Drivers/STM32F1xx_HAL_Driver/Src/stm32f1xx_hal_gpio.o
 .debug_macro   0x000000000001639e      0x1bf ./Drivers/STM32F1xx_HAL_Driver/Src/stm32f1xx_hal_rcc.o
 .debug_macro   0x000000000001655d      0x1ae ./Drivers/STM32F1xx_HAL_Driver/Src/stm32f1xx_hal_tim.o
 .debug_macro   0x000000000001670b      0x1ad ./Drivers/STM32F1xx_HAL_Driver/Src/stm32f1xx_hal_tim_ex.o
 .debug_macro   0x00000000000168b8      0x1ae ./Drivers/STM32F1xx_HAL_Driver/Src/stm32f1xx_hal_uart.o
 .debug_macro   0x0000000000016a66      0x1c5 ./Src/App/Device/bluetooth.o
 .debug_macro   0x0000000000016c2b       0xb2 ./Src/App/Device/bluetooth.o
 .debug_macro   0x0000000000016cdd       0x1c ./Src/App/Device/bluetooth.o
 .debug_macro   0x0000000000016cf9      0x1c6 ./Src/App/Device/button.o