Archive member included to satisfy reference by file (symbol)

c:/direct/st/stm32cubeide_1.9.0/stm32cubeide/plugins/com.st.stm32cube.ide.mcu.externaltools.gnu-tools-for-stm32.10.3-2021.10.win32_1.0.0.202111181127/tools/bin/../lib/gcc/arm-none-eabi/10.3.1/../../../../arm-none-eabi/lib/thumb/v7-m/nofp\libc_nano.a(lib_a-errno.o)
                              ./Src/syscalls.o (__errno)
c:/direct/st/stm32cubeide_1.9.0/stm32cubeide/plugins/com.st.stm32cube.ide.mcu.externaltools.gnu-tools-for-stm32.10.3-2021.10.win32_1.0.0.202111181127/tools/bin/../lib/gcc/arm-none-eabi/10.3.1/../../../../arm-none-eabi/lib/thumb/v7-m/nofp\libc_nano.a(lib_a-exit.o)
                              c:/direct/st/stm32cubeide_1.9.0/stm32cubeide/plugins/com.st.stm32cube.ide.mcu.externaltools.gnu-tools-for-stm32.10.3-2021.10.win32_1.0.0.202111181127/tools/bin/../lib/gcc/arm-none-eabi/10.3.1/../../../../arm-none-eabi/lib/thumb/v7-m/nofp/crt0.o (exit)
c:/direct/st/stm32cubeide_1.9.0/stm32cubeide/plugins/com.st.stm32cube.ide.mcu.externaltools.gnu-tools-for-stm32.10.3-2021.10.win32_1.0.0.202111181127/tools/bin/../lib/gcc/arm-none-eabi/10.3.1/../../../../arm-none-eabi/lib/thumb/v7-m/nofp\libc_nano.a(lib_a-impure.o)
                              c:/direct/st/stm32cubeide_1.9.0/stm32cubeide/plugins/com.st.stm32cube.ide.mcu.externaltools.gnu-tools-for-stm32.10.3-2021.10.win32_1.0.0.202111181127/tools/bin/../lib/gcc/arm-none-eabi/10.3.1/../../../../arm-none-eabi/lib/thumb/v7-m/nofp\libc_nano.a(lib_a-exit.o) (_global_impure_ptr)
c:/direct/st/stm32cubeide_1.9.0/stm32cubeide/plugins/com.st.stm32cube.ide.mcu.externaltools.gnu-tools-for-stm32.10.3-2021.10.win32_1.0.0.202111181127/tools/bin/../lib/gcc/arm-none-eabi/10.3.1/../../../../arm-none-eabi/lib/thumb/v7-m/nofp\libc_nano.a(lib_a-init.o)
                              c:/direct/st/stm32cubeide_1.9.0/stm32cubeide/plugins/com.st.stm32cube.ide.mcu.externaltools.gnu-tools-for-stm32.10.3-2021.10.win32_1.0.0.202111181127/tools/bin/../lib/gcc/arm-none-eabi/10.3.1/../../../../arm-none-eabi/lib/thumb/v7-m/nofp/crt0.o (__libc_init_array)
c:/direct/st/stm32cubeide_1.9.0/stm32cubeide/plugins/com.st.stm32cube.ide.mcu.externaltools.gnu-tools-for-stm32.10.3-2021.10.win32_1.0.0.202111181127/tools/bin/../lib/gcc/arm-none-eabi/10.3.1/../../../../arm-none-eabi/lib/thumb/v7-m/nofp\libc_nano.a(lib_a-memset.o)
                              c:/direct/st/stm32cubeide_1.9.0/stm32cubeide/plugins/com.st.stm32cube.ide.mcu.externaltools.gnu-tools-for-stm32.10.3-2021.10.win32_1.0.0.202111181127/tools/bin/../lib/gcc/arm-none-eabi/10.3.1/../../../../arm-none-eabi/lib/thumb/v7-m/nofp/crt0.o (memset)
c:/direct/st/stm32cubeide_1.9.0/stm32cubeide/plugins/com.st.stm32cube.ide.mcu.externaltools.gnu-tools-for-stm32.10.3-2021.10.win32_1.0.0.202111181127/tools/bin/../lib/gcc/arm-none-eabi/10.3.1/../../../../arm-none-eabi/lib/thumb/v7-m/nofp\libc_nano.a(lib_a-sprintf.o)
                              ./Src/App/general.o (sprintf)
c:/direct/st/stm32cubeide_1.9.0/stm32cubeide/plugins/com.st.stm32cube.ide.mcu.externaltools.gnu-tools-for-stm32.10.3-2021.10.win32_1.0.0.202111181127/tools/bin/../lib/gcc/arm-none-eabi/10.3.1/../../../../arm-none-eabi/lib/thumb/v7-m/nofp\libc_nano.a(lib_a-strtol.o)
                              ./Src/App/general.o (strtol)
c:/direct/st/stm32cubeide_1.9.0/stm32cubeide/plugins/com.st.stm32cube.ide.mcu.externaltools.gnu-tools-for-stm32.10.3-2021.10.win32_1.0.0.202111181127/tools/bin/../lib/gcc/arm-none-eabi/10.3.1/../../../../arm-none-eabi/lib/thumb/v7-m/nofp\libc_nano.a(lib_a-ctype_.o)
                              c:/direct/st/stm32cubeide_1.9.0/stm32cubeide/plugins/com.st.stm32cube.ide.mcu.externaltools.gnu-tools-for-stm32.10.3-2021.10.win32_1.0.0.202111181127/tools/bin/../lib/gcc/arm-none-eabi/10.3.1/../../../../arm-none-eabi/lib/thumb/v7-m/nofp\libc_nano.a(lib_a-strtol.o) (_ctype_)
c:/direct/st/stm32cubeide_1.9.0/stm32cubeide/plugins/com.st.stm32cube.ide.mcu.externaltools.gnu-tools-for-stm32.10.3-2021.10.win32_1.0.0.202111181127/tools/bin/../lib/gcc/arm-none-eabi/10.3.1/../../../../arm-none-eabi/lib/thumb/v7-m/nofp\libc_nano.a(lib_a-nano-svfprintf.o)
                              c:/direct/st/stm32cubeide_1.9.0/stm32cubeide/plugins/com.st.stm32cube.ide.mcu.externaltools.gnu-tools-for-stm32.10.3-2021.10.win32_1.0.0.202111181127/tools/bin/../lib/gcc/arm-none-eabi/10.3.1/../../../../arm-none-eabi/lib/thumb/v7-m/nofp\libc_nano.a(lib_a-sprintf.o) (_svfprintf_r)
c:/direct/st/stm32cubeide_1.9.0/stm32cubeide/plugins/com.st.stm32cube.ide.mcu.externaltools.gnu-tools-for-stm32.10.3-2021.10.win32_1.0.0.202111181127/tools/bin/../lib/gcc/arm-none-eabi/10.3.1/../../../../arm-none-eabi/lib/thumb/v7-m/nofp\libc_nano.a(lib_a-nano-vfprintf_i.o)
[...]
Memory Configuration

Name             Origin             Length             Attributes
RAM              0x0000000020000000 0x0000000000005000 xrw
FLASH            0x0000000008000000 0x0000000000010000 xr
*default*        0x0000000000000000 0xffffffffffffffff

Linker script and memory map

LOAD c:/direct/st/stm32cubeide_1.9.0/stm32cubeide/plugins/com.st.stm32cube.ide.mcu.externaltools.gnu-tools-for-stm32.10.3-2021.10.win32_1.0.0.202111181127/tools/bin/../lib/gcc/arm-none-eabi/10.3.1/thumb/v7-m/nofp/crti.o
LOAD c:/direct/st/stm32cubeide_1.9.0/stm32cubeide/plugins/com.st.stm32cube.ide.mcu.externaltools.gnu-tools-for-stm32.10.3-2021.10.win32_1.0.0.202111181127/tools/bin/../lib/gcc/arm-none-eabi/10.3.1/thumb/v7-m/nofp/crtbegin.o
LOAD c:/direct/st/stm32cubeide_1.9.0/stm32cubeide/plugins/com.st.stm32cube.ide.mcu.externaltools.gnu-tools-for-stm32.10.3-2021.10.win32_1.0.0.202111181127/tools/bin/../lib/gcc/arm-none-eabi/10.3.1/../../../../arm-none-eabi/lib/thumb/v7-m/nofp/crt0.o
LOAD ./Drivers/STM32F1xx_HAL_Driver/Src/stm32f1xx_hal.o
LOAD ./Drivers/STM32F1xx_HAL_Driver/Src/stm32f1xx_hal_cortex.o
LOAD ./Drivers/STM32F1xx_HAL_Driver/Src/stm32f1xx_hal_crc.o
LOAD ./Drivers/STM32F1xx_HAL_Driver/Src/stm32f1xx_hal_dma.o
LOAD ./Drivers/STM32F1xx_HAL_Driver/Src/stm32f1xx_hal_exti.o
LOAD ./Drivers/STM32F1xx_HAL_Driver/Src/stm32f1xx_hal_flash.o
LOAD ./Drivers/STM32F1xx_HAL_Driver/Src/stm32f1xx_hal_flash_ex.o
LOAD ./Drivers/STM32F1xx_HAL_Driver/Src/stm32f1xx_hal_gpio.o
LOAD ./Drivers/STM32F1xx_HAL_Driver/Src/stm32f1xx_hal_gpio_ex.o
LOAD ./Drivers/STM32F1xx_HAL_Driver/Src/stm32f1xx_hal_pwr.o
LOAD ./Drivers/STM32F1xx_HAL_Driver/Src/stm32f1xx_hal_rcc.o
LOAD ./Drivers/STM32F1xx_HAL_Driver/Src/stm32f1xx_hal_rcc_ex.o
LOAD ./Drivers/STM32F1xx_HAL_Driver/Src/stm32f1xx_hal_tim.o
LOAD ./Drivers/STM32F1xx_HAL_Driver/Src/stm32f1xx_hal_tim_ex.o
LOAD ./Drivers/STM32F1xx_HAL_Driver/Src/stm32f1xx_hal_uart.o
LOAD ./Src/App/app.o
LOAD ./Src/App/bluetooth.o
LOAD ./Src/App/flash.o
LOAD ./Src/App/general.o
LOAD ./Src/App/led.o
LOAD ./Src/App/movements.o
LOAD ./Src/App/servo.o
LOAD ./Src/App/settings.o
LOAD ./Src/main.o
LOAD ./Src/stm32f1xx_hal_msp.o
LOAD ./Src/stm32f1xx_it.o
LOAD ./Src/syscalls.o
LOAD ./Src/sysmem.o
LOAD ./Src/system_stm32f1xx.o
LOAD ./Startup/startup_stm32f103c8tx.o
START GROUP
LOAD c:/direct/st/stm32cubeide_1.9.0/stm32cubeide/plugins/com.st.stm32cube.ide.mcu.externaltools.gnu-tools-for-stm32.10.3-2021.10.win32_1.0.0.202111181127/tools/bin/../lib/gcc/arm-none-eabi/10.3.1/../../../../arm-none-eabi/lib/thumb/v7-m/nofp\libc_nano.a
LOAD c:/direct/st/stm32cubeide_1.9.0/stm32cubeide/plugins/com.st.stm32cube.ide.mcu.externaltools.gnu-tools-for-stm32.10.3-2021.10.win32_1.0.0.202111181127/tools/bin/../lib/gcc/arm-none-eabi/10.3.1/../../../../arm-none-eabi/lib/thumb/v7-m/nofp\libm.a
END GROUP
START GROUP
LOAD c:/direct/st/stm32cubeide_1.9.0/stm32cubeide/plugins/com.st.stm32cube.ide.mcu.externaltools.gnu-tools-for-stm32.10.3-2021.10.win32_1.0.0.202111181127/tools/bin/../lib/gcc/arm-none-eabi/10.3.1/thumb/v7-m/nofp\libgcc.a
LOAD c:/direct/st/stm32cubeide_1.9.0/stm32cubeide/plugins/com.st.stm32cube.ide.mcu.externaltools.gnu-tools-for-stm32.10.3-2021.10.win32_1.0.0.202111181127/tools/bin/../lib/gcc/arm-none-eabi/10.3.1/../../../../arm-none-eabi/lib/thumb/v7-m/nofp\libc_nano.a
END GROUP
START GROUP
LOAD c:/direct/st/stm32cubeide_1.9.0/stm32cubeide/plugins/com.st.stm32cube.ide.mcu.externaltools.gnu-tools-for-stm32.10.3-2021.10.win32_1.0.0.202111181127/tools/bin/../lib/gcc/arm-none-eabi/10.3.1/thumb/v7-m/nofp\libgcc.a
LOAD c:/direct/st/stm32cubeide_1.9.0/stm32cubeide/plugins/com.st.stm32cube.ide.mcu.externaltools.gnu-tools-for-stm32.10.3-2021.10.win32_1.0.0.202111181127/tools/bin/../lib/gcc/arm-none-eabi/10.3.1/../../../../arm-none-eabi/lib/thumb/v7-m/nofp\libc_nano.a
LOAD c:/direct/st/stm32cubeide_1.9.0/stm32cubeide/plugins/com.st.stm32cube.ide.mcu.externaltools.gnu-tools-for-stm32.10.3-2021.10.win32_1.0.0.202111181127/tools/bin/../lib/gcc/arm-none-eabi/10.3.1/../../../../arm-none-eabi/lib/thumb/v7-m/nofp\libnosys.a
END GROUP
START GROUP
LOAD c:/direct/st/stm32cubeide_1.9.0/stm32cubeide/plugins/com.st.stm32cube.ide.mcu.externaltools.gnu-tools-for-stm32.10.3-2021.10.win32_1.0.0.202111181127/tools/bin/../lib/gcc/arm-none-eabi/10.3.1/thumb/v7-m/nofp\libgcc.a
LOAD c:/direct/st/stm32cubeide_1.9.0/stm32cubeide/plugins/com.st.stm32cube.ide.mcu.externaltools.gnu-tools-for-stm32.10.3-2021.10.win32_1.0.0.202111181127/tools/bin/../lib/gcc/arm-none-eabi/10.3.1/../../../../arm-none-eabi/lib/thumb/v7-m/nofp\libc_nano.a
LOAD c:/direct/st/stm32cubeide_1.9.0/stm32cubeide/plugins/com.st.stm32cube.ide.mcu.externaltools.gnu-tools-for-stm32.10.3-2021.10.win32_1.0.0.202111181127/tools/bin/../lib/gcc/arm-none-eabi/10.3.1/../../../../arm-none-eabi/lib/thumb/v7-m/nofp\libnosys.a
END GROUP
LOAD c:/direct/st/stm32cubeide_1.9.0/stm32cubeide/plugins/com.st.stm32cube.ide.mcu.externaltools.gnu-tools-for-stm32.10.3-2021.10.win32_1.0.0.202111181127/tools/bin/../lib/gcc/arm-none-eabi/10.3.1/thumb/v7-m/nofp/crtend.o
LOAD c:/direct/st/stm32cubeide_1.9.0/stm32cubeide/plugins/com.st.stm32cube.ide.mcu.externaltools.gnu-tools-for-stm32.10.3-2021.10.win32_1.0.0.202111181127/tools/bin/../lib/gcc/arm-none-eabi/10.3.1/thumb/v7-m/nofp/crtn.o
                0x0000000020005000                _estack = 0x20005000
                0x0000000000000200                _Min_Heap_Size = 0x200
                0x0000000000000400                _Min_Stack_Size = 0x400

.isr_vector     0x0000000008000000      0x10c
                0x0000000008000000                . = ALIGN (0x4)
 *(.isr_vector)
 .isr_vector    0x0000000008000000      0x10c ./Startup/startup_stm32f103c8tx.o
                0x0000000008000000                g_pfnVectors
                0x000000000800010c                . = ALIGN (0x4)

.text           0x000000000800010c     0x5a7c
                0x000000000800010c                . = ALIGN (0x4)
 *(.text)
 .text          0x000000000800010c       0x40 c:/direct/st/stm32cubeide_1.9.0/stm32cubeide/plugins/com.st.stm32cube.ide.mcu.externaltools.gnu-tools-for-stm32.10.3-2021.10.win32_1.0.0.202111181127/tools/bin/../lib/gcc/arm-none-eabi/10.3.1/thumb/v7-m/nofp/crtbegin.o
 .text          0x000000000800014c      0x21c c:/direct/st/stm32cubeide_1.9.0/stm32cubeide/plugins/com.st.stm32cube.ide.mcu.externaltools.gnu-tools-for-stm32.10.3-2021.10.win32_1.0.0.202111181127/tools/bin/../lib/gcc/arm-none-eabi/10.3.1/thumb/v7-m/nofp\libgcc.a(_arm_addsubsf3.o)
                0x000000000800014c                __aeabi_frsub
                0x0000000008000154                __subsf3
                0x0000000008000154                __aeabi_fsub
                0x0000000008000158                __aeabi_fadd
                0x0000000008000158                __addsf3
                0x00000000080002b8                __aeabi_ui2f
                0x00000000080002b8                __floatunsisf
                0x00000000080002c0                __aeabi_i2f
                0x00000000080002c0                __floatsisf
                0x00000000080002dc                __aeabi_ul2f
                0x00000000080002dc                __floatundisf
                0x00000000080002ec                __aeabi_l2f
                0x00000000080002ec                __floatdisf
 .text          0x0000000008000368      0x2a0 c:/direct/st/stm32cubeide_1.9.0/stm32cubeide/plugins/com.st.stm32cube.ide.mcu.externaltools.gnu-tools-for-stm32.10.3-2021.10.win32_1.0.0.202111181127/tools/bin/../lib/gcc/arm-none-eabi/10.3.1/thumb/v7-m/nofp\libgcc.a(_arm_muldivsf3.o)
                0x0000000008000368                __mulsf3
                0x0000000008000368                __aeabi_fmul
                0x00000000080004d0                __aeabi_fdiv
                0x00000000080004d0                __divsf3
 .text          0x0000000008000608       0x40 c:/direct/st/stm32cubeide_1.9.0/stm32cubeide/plugins/com.st.stm32cube.ide.mcu.externaltools.gnu-tools-for-stm32.10.3-2021.10.win32_1.0.0.202111181127/tools/bin/../lib/gcc/arm-none-eabi/10.3.1/thumb/v7-m/nofp\libgcc.a(_arm_fixunssfsi.o)
                0x0000000008000608                __fixunssfsi
                0x0000000008000608                __aeabi_f2uiz
 *(.text*)
 .text.HAL_Init
                0x0000000008000648       0x2c ./Drivers/STM32F1xx_HAL_Driver/Src/stm32f1xx_hal.o
                0x0000000008000648                HAL_Init
 .text.HAL_InitTick
                0x0000000008000674       0x60 ./Drivers/STM32F1xx_HAL_Driver/Src/stm32f1xx_hal.o
                0x0000000008000674                HAL_InitTick
 .text.HAL_IncTick
                0x00000000080006d4       0x24 ./Drivers/STM32F1xx_HAL_Driver/Src/stm32f1xx_hal.o
                0x00000000080006d4                HAL_IncTick
 .text.HAL_GetTick
                0x00000000080006f8       0x14 ./Drivers/STM32F1xx_HAL_Driver/Src/stm32f1xx_hal.o
                0x00000000080006f8                HAL_GetTick
 .text.HAL_Delay
                0x000000000800070c       0x48 ./Drivers/STM32F1xx_HAL_Driver/Src/stm32f1xx_hal.o
                0x000000000800070c                HAL_Delay
 .text.__NVIC_SetPriorityGrouping
                0x0000000008000754       0x48 ./Drivers/STM32F1xx_HAL_Driver/Src/stm32f1xx_hal_cortex.o
 .text.__NVIC_GetPriorityGrouping
                0x000000000800079c       0x1c ./Drivers/STM32F1xx_HAL_Driver/Src/stm32f1xx_hal_cortex.o
 .text.__NVIC_EnableIRQ
                0x00000000080007b8       0x38 ./Drivers/STM32F1xx_HAL_Driver/Src/stm32f1xx_hal_cortex.o
 .text.__NVIC_SetPriority
                0x00000000080007f0       0x54 ./Drivers/STM32F1xx_HAL_Driver/Src/stm32f1xx_hal_cortex.o
 .text.NVIC_EncodePriority
                0x0000000008000844       0x64 ./Drivers/STM32F1xx_HAL_Driver/Src/stm32f1xx_hal_cortex.o
 .text.SysTick_Config
                0x00000000080008a8       0x44 ./Drivers/STM32F1xx_HAL_Driver/Src/stm32f1xx_hal_cortex.o
 .text.HAL_NVIC_SetPriorityGrouping
                0x00000000080008ec       0x16 ./Drivers/STM32F1xx_HAL_Driver/Src/stm32f1xx_hal_cortex.o
                0x00000000080008ec                HAL_NVIC_SetPriorityGrouping
 .text.HAL_NVIC_SetPriority
                0x0000000008000902       0x38 ./Drivers/STM32F1xx_HAL_Driver/Src/stm32f1xx_hal_cortex.o
                0x0000000008000902                HAL_NVIC_SetPriority
 .text.HAL_NVIC_EnableIRQ
                0x000000000800093a       0x1c ./Drivers/STM32F1xx_HAL_Driver/Src/stm32f1xx_hal_cortex.o
                0x000000000800093a                HAL_NVIC_EnableIRQ
 .text.HAL_SYSTICK_Config
                0x0000000008000956       0x18 ./Drivers/STM32F1xx_HAL_Driver/Src/stm32f1xx_hal_cortex.o
                0x0000000008000956                HAL_SYSTICK_Config
 .text.HAL_CRC_Init
                0x000000000800096e       0x38 ./Drivers/STM32F1xx_HAL_Driver/Src/stm32f1xx_hal_crc.o
                0x000000000800096e                HAL_CRC_Init
 .text.HAL_DMA_Abort
                0x00000000080009a6       0x74 ./Drivers/STM32F1xx_HAL_Driver/Src/stm32f1xx_hal_dma.o
                0x00000000080009a6                HAL_DMA_Abort
 *fill*         0x0000000008000a1a        0x2 
 .text.HAL_DMA_Abort_IT
                0x0000000008000a1c       0xec ./Drivers/STM32F1xx_HAL_Driver/Src/stm32f1xx_hal_dma.o
                0x0000000008000a1c                HAL_DMA_Abort_IT
 .text.HAL_FLASH_Program
                0x0000000008000b08       0xe0 ./Drivers/STM32F1xx_HAL_Driver/Src/stm32f1xx_hal_flash.o
                0x0000000008000b08                HAL_FLASH_Program
 .text.HAL_FLASH_Unlock
                0x0000000008000be8       0x4c ./Drivers/STM32F1xx_HAL_Driver/Src/stm32f1xx_hal_flash.o
                0x0000000008000be8                HAL_FLASH_Unlock
 .text.HAL_FLASH_Lock
                0x0000000008000c34       0x20 ./Drivers/STM32F1xx_HAL_Driver/Src/stm32f1xx_hal_flash.o
                0x0000000008000c34                HAL_FLASH_Lock
 .text.FLASH_Program_HalfWord
                0x0000000008000c54       0x38 ./Drivers/STM32F1xx_HAL_Driver/Src/stm32f1xx_hal_flash.o
 .text.FLASH_WaitForLastOperation
                0x0000000008000c8c       0x8c ./Drivers/STM32F1xx_HAL_Driver/Src/stm32f1xx_hal_flash.o
                0x0000000008000c8c                FLASH_WaitForLastOperation
 .text.FLASH_SetErrorCode
                0x0000000008000d18       0xa0 ./Drivers/STM32F1xx_HAL_Driver/Src/stm32f1xx_hal_flash.o
 .text.HAL_FLASHEx_Erase
                0x0000000008000db8       0xd8 ./Drivers/STM32F1xx_HAL_Driver/Src/stm32f1xx_hal_flash_ex.o
                0x0000000008000db8                HAL_FLASHEx_Erase
 .text.FLASH_MassErase
                0x0000000008000e90       0x38 ./Drivers/STM32F1xx_HAL_Driver/Src/stm32f1xx_hal_flash_ex.o
 .text.FLASH_PageErase
                0x0000000008000ec8       0x40 ./Drivers/STM32F1xx_HAL_Driver/Src/stm32f1xx_hal_flash_ex.o
                0x0000000008000ec8                FLASH_PageErase
 .text.HAL_GPIO_Init
                0x0000000008000f08      0x308 ./Drivers/STM32F1xx_HAL_Driver/Src/stm32f1xx_hal_gpio.o
                0x0000000008000f08                HAL_GPIO_Init
 .text.HAL_GPIO_ReadPin
                0x0000000008001210       0x2e ./Drivers/STM32F1xx_HAL_Driver/Src/stm32f1xx_hal_gpio.o
                0x0000000008001210                HAL_GPIO_ReadPin
 .text.HAL_GPIO_WritePin
                0x000000000800123e       0x30 ./Drivers/STM32F1xx_HAL_Driver/Src/stm32f1xx_hal_gpio.o
                0x000000000800123e                HAL_GPIO_WritePin
 *fill*         0x000000000800126e        0x2 
 .text.HAL_GPIO_EXTI_IRQHandler
                0x0000000008001270       0x30 ./Drivers/STM32F1xx_HAL_Driver/Src/stm32f1xx_hal_gpio.o
                0x0000000008001270                HAL_GPIO_EXTI_IRQHandler
 .text.HAL_RCC_OscConfig
                0x00000000080012a0      0x504 ./Drivers/STM32F1xx_HAL_Driver/Src/stm32f1xx_hal_rcc.o
                0x00000000080012a0                HAL_RCC_OscConfig
 .text.HAL_RCC_ClockConfig
                0x00000000080017a4      0x1d4 ./Drivers/STM32F1xx_HAL_Driver/Src/stm32f1xx_hal_rcc.o
                0x00000000080017a4                HAL_RCC_ClockConfig
 .text.HAL_RCC_GetSysClockFreq
                0x0000000008001978       0xbc ./Drivers/STM32F1xx_HAL_Driver/Src/stm32f1xx_hal_rcc.o
                0x0000000008001978                HAL_RCC_GetSysClockFreq
 .text.HAL_RCC_GetHCLKFreq
                0x0000000008001a34       0x14 ./Drivers/STM32F1xx_HAL_Driver/Src/stm32f1xx_hal_rcc.o
                0x0000000008001a34                HAL_RCC_GetHCLKFreq
 .text.HAL_RCC_GetPCLK1Freq
                0x0000000008001a48       0x28 ./Drivers/STM32F1xx_HAL_Driver/Src/stm32f1xx_hal_rcc.o
                0x0000000008001a48                HAL_RCC_GetPCLK1Freq
 .text.HAL_RCC_GetPCLK2Freq
                0x0000000008001a70       0x28 ./Drivers/STM32F1xx_HAL_Driver/Src/stm32f1xx_hal_rcc.o
                0x0000000008001a70                HAL_RCC_GetPCLK2Freq
 .text.RCC_Delay
                0x0000000008001a98       0x3c ./Drivers/STM32F1xx_HAL_Driver/Src/stm32f1xx_hal_rcc.o
 .text.HAL_TIM_Base_Init
                0x0000000008001ad4       0x9e ./Drivers/STM32F1xx_HAL_Driver/Src/stm32f1xx_hal_tim.o
                0x0000000008001ad4                HAL_TIM_Base_Init
 *fill*         0x0000000008001b72        0x2 
 .text.HAL_TIM_Base_Start_IT
                0x0000000008001b74       0xa4 ./Drivers/STM32F1xx_HAL_Driver/Src/stm32f1xx_hal_tim.o
                0x0000000008001b74                HAL_TIM_Base_Start_IT
 .text.HAL_TIM_Base_Stop_IT
                0x0000000008001c18       0x5c ./Drivers/STM32F1xx_HAL_Driver/Src/stm32f1xx_hal_tim.o
                0x0000000008001c18                HAL_TIM_Base_Stop_IT
 .text.HAL_TIM_PWM_Init
                0x0000000008001c74       0x9e ./Drivers/STM32F1xx_HAL_Driver/Src/stm32f1xx_hal_tim.o
                0x0000000008001c74                HAL_TIM_PWM_Init
 .text.HAL_TIM_PWM_MspInit
                0x0000000008001d12       0x12 ./Drivers/STM32F1xx_HAL_Driver/Src/stm32f1xx_hal_tim.o
                0x0000000008001d12                HAL_TIM_PWM_MspInit
 .text.HAL_TIM_PWM_Start
                0x0000000008001d24      0x144 ./Drivers/STM32F1xx_HAL_Driver/Src/stm32f1xx_hal_tim.o
                0x0000000008001d24                HAL_TIM_PWM_Start
 .text.HAL_TIM_OnePulse_Init
                0x0000000008001e68       0xa0 ./Drivers/STM32F1xx_HAL_Driver/Src/stm32f1xx_hal_tim.o
                0x0000000008001e68                HAL_TIM_OnePulse_Init
 .text.HAL_TIM_OnePulse_MspInit
                0x0000000008001f08       0x12 ./Drivers/STM32F1xx_HAL_Driver/Src/stm32f1xx_hal_tim.o
                0x0000000008001f08                HAL_TIM_OnePulse_MspInit
 .text.HAL_TIM_IRQHandler
                0x0000000008001f1a      0x210 ./Drivers/STM32F1xx_HAL_Driver/Src/stm32f1xx_hal_tim.o
                0x0000000008001f1a                HAL_TIM_IRQHandler
 *fill*         0x000000000800212a        0x2 
 .text.HAL_TIM_PWM_ConfigChannel
                0x000000000800212c      0x17c ./Drivers/STM32F1xx_HAL_Driver/Src/stm32f1xx_hal_tim.o
                0x000000000800212c                HAL_TIM_PWM_ConfigChannel
 .text.HAL_TIM_ConfigClockSource
                0x00000000080022a8      0x188 ./Drivers/STM32F1xx_HAL_Driver/Src/stm32f1xx_hal_tim.o
                0x00000000080022a8                HAL_TIM_ConfigClockSource
 .text.HAL_TIM_OC_DelayElapsedCallback
                0x0000000008002430       0x12 ./Drivers/STM32F1xx_HAL_Driver/Src/stm32f1xx_hal_tim.o
                0x0000000008002430                HAL_TIM_OC_DelayElapsedCallback
 .text.HAL_TIM_IC_CaptureCallback
                0x0000000008002442       0x12 ./Drivers/STM32F1xx_HAL_Driver/Src/stm32f1xx_hal_tim.o
                0x0000000008002442                HAL_TIM_IC_CaptureCallback
 .text.HAL_TIM_PWM_PulseFinishedCallback
                0x0000000008002454       0x12 ./Drivers/STM32F1xx_HAL_Driver/Src/stm32f1xx_hal_tim.o
                0x0000000008002454                HAL_TIM_PWM_PulseFinishedCallback
 .text.HAL_TIM_TriggerCallback
                0x0000000008002466       0x12 ./Drivers/STM32F1xx_HAL_Driver/Src/stm32f1xx_hal_tim.o
                0x0000000008002466                HAL_TIM_TriggerCallback
 .text.TIM_Base_SetConfig
                0x0000000008002478       0xc4 ./Drivers/STM32F1xx_HAL_Driver/Src/stm32f1xx_hal_tim.o
                0x0000000008002478                TIM_Base_SetConfig
 .text.TIM_OC1_SetConfig
                0x000000000800253c       0xcc ./Drivers/STM32F1xx_HAL_Driver/Src/stm32f1xx_hal_tim.o
 .text.TIM_OC2_SetConfig
                0x0000000008002608       0xd4 ./Drivers/STM32F1xx_HAL_Driver/Src/stm32f1xx_hal_tim.o
                0x0000000008002608                TIM_OC2_SetConfig
 .text.TIM_OC3_SetConfig
                0x00000000080026dc       0xd4 ./Drivers/STM32F1xx_HAL_Driver/Src/stm32f1xx_hal_tim.o
 .text.TIM_OC4_SetConfig
                0x00000000080027b0       0x9c ./Drivers/STM32F1xx_HAL_Driver/Src/stm32f1xx_hal_tim.o
 .text.TIM_TI1_ConfigInputStage
                0x000000000800284c       0x5c ./Drivers/STM32F1xx_HAL_Driver/Src/stm32f1xx_hal_tim.o
 .text.TIM_TI2_ConfigInputStage
                0x00000000080028a8       0x5e ./Drivers/STM32F1xx_HAL_Driver/Src/stm32f1xx_hal_tim.o
 .text.TIM_ITRx_SetConfig
                0x0000000008002906       0x34 ./Drivers/STM32F1xx_HAL_Driver/Src/stm32f1xx_hal_tim.o
 .text.TIM_ETR_SetConfig
                0x000000000800293a       0x3e ./Drivers/STM32F1xx_HAL_Driver/Src/stm32f1xx_hal_tim.o
                0x000000000800293a                TIM_ETR_SetConfig
 .text.TIM_CCxChannelCmd
                0x0000000008002978       0x48 ./Drivers/STM32F1xx_HAL_Driver/Src/stm32f1xx_hal_tim.o
                0x0000000008002978                TIM_CCxChannelCmd
 .text.HAL_TIMEx_MasterConfigSynchronization
                0x00000000080029c0       0xbc ./Drivers/STM32F1xx_HAL_Driver/Src/stm32f1xx_hal_tim_ex.o
                0x00000000080029c0                HAL_TIMEx_MasterConfigSynchronization
 .text.HAL_TIMEx_CommutCallback
                0x0000000008002a7c       0x12 ./Drivers/STM32F1xx_HAL_Driver/Src/stm32f1xx_hal_tim_ex.o
                0x0000000008002a7c                HAL_TIMEx_CommutCallback
 .text.HAL_TIMEx_BreakCallback
                0x0000000008002a8e       0x12 ./Drivers/STM32F1xx_HAL_Driver/Src/stm32f1xx_hal_tim_ex.o
                0x0000000008002a8e                HAL_TIMEx_BreakCallback
 .text.HAL_UART_Init
                0x0000000008002aa0       0x9a ./Drivers/STM32F1xx_HAL_Driver/Src/stm32f1xx_hal_uart.o
                0x0000000008002aa0                HAL_UART_Init
 .text.HAL_UART_Transmit
                0x0000000008002b3a      0x124 ./Drivers/STM32F1xx_HAL_Driver/Src/stm32f1xx_hal_uart.o
                0x0000000008002b3a                HAL_UART_Transmit
 .text.HAL_UART_Receive
                0x0000000008002c5e      0x144 ./Drivers/STM32F1xx_HAL_Driver/Src/stm32f1xx_hal_uart.o
                0x0000000008002c5e                HAL_UART_Receive
 .text.HAL_UART_Receive_IT
                0x0000000008002da2       0x60 ./Drivers/STM32F1xx_HAL_Driver/Src/stm32f1xx_hal_uart.o
                0x0000000008002da2                HAL_UART_Receive_IT
 *fill*         0x0000000008002e02        0x2 
 .text.HAL_UART_IRQHandler
                0x0000000008002e04      0x354 ./Drivers/STM32F1xx_HAL_Driver/Src/stm32f1xx_hal_uart.o
                0x0000000008002e04                HAL_UART_IRQHandler
 .text.HAL_UART_TxCpltCallback
                0x0000000008003158       0x12 ./Drivers/STM32F1xx_HAL_Driver/Src/stm32f1xx_hal_uart.o
                0x0000000008003158                HAL_UART_TxCpltCallback
 .text.HAL_UART_ErrorCallback
                0x000000000800316a       0x12 ./Drivers/STM32F1xx_HAL_Driver/Src/stm32f1xx_hal_uart.o
                0x000000000800316a                HAL_UART_ErrorCallback
 .text.HAL_UARTEx_RxEventCallback
                0x000000000800317c       0x16 ./Drivers/STM32F1xx_HAL_Driver/Src/stm32f1xx_hal_uart.o
                0x000000000800317c                HAL_UARTEx_RxEventCallback
 .text.UART_WaitOnFlagUntilTimeout
                0x0000000008003192       0x94 ./Drivers/STM32F1xx_HAL_Driver/Src/stm32f1xx_hal_uart.o
 .text.UART_Start_Receive_IT
                0x0000000008003226       0x72 ./Drivers/STM32F1xx_HAL_Driver/Src/stm32f1xx_hal_uart.o
                0x0000000008003226                UART_Start_Receive_IT
 .text.UART_EndRxTransfer
                0x0000000008003298       0x58 ./Drivers/STM32F1xx_HAL_Driver/Src/stm32f1xx_hal_uart.o
 .text.UART_DMAAbortOnError
                0x00000000080032f0       0x28 ./Drivers/STM32F1xx_HAL_Driver/Src/stm32f1xx_hal_uart.o
 .text.UART_Transmit_IT
                0x0000000008003318       0x9e ./Drivers/STM32F1xx_HAL_Driver/Src/stm32f1xx_hal_uart.o
 .text.UART_EndTransmit_IT
                0x00000000080033b6       0x30 ./Drivers/STM32F1xx_HAL_Driver/Src/stm32f1xx_hal_uart.o
 .text.UART_Receive_IT
                0x00000000080033e6      0x152 ./Drivers/STM32F1xx_HAL_Driver/Src/stm32f1xx_hal_uart.o
 .text.UART_SetConfig
                0x0000000008003538      0x11c ./Drivers/STM32F1xx_HAL_Driver/Src/stm32f1xx_hal_uart.o
 .text.App_RESET_Button_Read
                0x0000000008003654       0x38 ./Src/App/app.o
                0x0000000008003654                App_RESET_Button_Read
 .text.App_Action_Cancel
                0x000000000800368c       0x2c ./Src/App/app.o
                0x000000000800368c                App_Action_Cancel
 .text.HAL_TIM_PeriodElapsedCallback
                0x00000000080036b8       0x24 ./Src/App/app.o
                0x00000000080036b8                HAL_TIM_PeriodElapsedCallback
 .text.HAL_UART_RxCpltCallback
                0x00000000080036dc       0x14 ./Src/App/app.o
                0x00000000080036dc                HAL_UART_RxCpltCallback
 .text.HAL_GPIO_EXTI_Callback
                0x00000000080036f0       0x48 ./Src/App/app.o
                0x00000000080036f0                HAL_GPIO_EXTI_Callback
 .text.App_SysTick_Call
                0x0000000008003738       0x30 ./Src/App/app.o
                0x0000000008003738                App_SysTick_Call
 .text.App_Loop_Settings
                0x0000000008003768       0x74 ./Src/App/app.o
                0x0000000008003768                App_Loop_Settings
 .text.App_Loop_Buttons_Mode_Actions
                0x00000000080037dc      0x178 ./Src/App/app.o
                0x00000000080037dc                App_Loop_Buttons_Mode_Actions
 .text.App_Loop_Kick
                0x0000000008003954       0x6c ./Src/App/app.o
                0x0000000008003954                App_Loop_Kick
 .text.App_Loop_Drive
                0x00000000080039c0       0x2c ./Src/App/app.o
                0x00000000080039c0                App_Loop_Drive
 .text.App_Loop_Special_Tricks
                0x00000000080039ec       0x88 ./Src/App/app.o
                0x00000000080039ec                App_Loop_Special_Tricks
 .text.App_Loop_Settings_Mode_Enter
                0x0000000008003a74       0x50 ./Src/App/app.o
                0x0000000008003a74                App_Loop_Settings_Mode_Enter
 .text.App_Loop_Return_To_Stay
                0x0000000008003ac4       0x98 ./Src/App/app.o
                0x0000000008003ac4                App_Loop_Return_To_Stay
 .text.App_Init
                0x0000000008003b5c       0x30 ./Src/App/app.o
                0x0000000008003b5c                App_Init
 .text.App_Loop
                0x0000000008003b8c       0x24 ./Src/App/app.o
                0x0000000008003b8c                App_Loop
 .text.Bluetooth_UART_Listen
                0x0000000008003bb0       0x1c ./Src/App/bluetooth.o
                0x0000000008003bb0                Bluetooth_UART_Listen
 .text.Bluetooth_UART_Timer_Stop
                0x0000000008003bcc       0x1c ./Src/App/bluetooth.o
                0x0000000008003bcc                Bluetooth_UART_Timer_Stop
 .text.Bluetooth_UART_Timer_Start
                0x0000000008003be8       0x14 ./Src/App/bluetooth.o
                0x0000000008003be8                Bluetooth_UART_Timer_Start
 .text.Bluetooth_UART_Timer_Reset
                0x0000000008003bfc       0x10 ./Src/App/bluetooth.o
                0x0000000008003bfc                Bluetooth_UART_Timer_Reset
 .text.Bluetooth_Is_Connected
                0x0000000008003c0c       0x24 ./Src/App/bluetooth.o
                0x0000000008003c0c                Bluetooth_Is_Connected
 .text.Bluetooth_Receive
                0x0000000008003c30       0x34 ./Src/App/bluetooth.o
                0x0000000008003c30                Bluetooth_Receive
 .text.Bluetooth_Transmit
                0x0000000008003c64       0x30 ./Src/App/bluetooth.o
                0x0000000008003c64                Bluetooth_Transmit
 .text.Bluetooth_Read_Message
                0x0000000008003c94      0x354 ./Src/App/bluetooth.o
                0x0000000008003c94                Bluetooth_Read_Message
 .text.Flash_Read
                0x0000000008003fe8      0x110 ./Src/App/flash.o
                0x0000000008003fe8                Flash_Read
 .text.Flash_Write
                0x00000000080040f8      0x150 ./Src/App/flash.o
                0x00000000080040f8                Flash_Write
 .text.General_Copy
                0x0000000008004248       0x3e ./Src/App/general.o
                0x0000000008004248                General_Copy
 .text.General_Copy_Float
                0x0000000008004286       0x42 ./Src/App/general.o
                0x0000000008004286                General_Copy_Float
 .text.Led_Init
                0x00000000080042c8       0x14 ./Src/App/led.o
                0x00000000080042c8                Led_Init
 .text.Led_On   0x00000000080042dc       0x18 ./Src/App/led.o
                0x00000000080042dc                Led_On
 .text.Led_Off  0x00000000080042f4       0x20 ./Src/App/led.o
                0x00000000080042f4                Led_Off
 .text.Led_Breath
                0x0000000008004314      0x120 ./Src/App/led.o
                0x0000000008004314                Led_Breath
 .text.Servo_Set
                0x0000000008004434      0x2ac ./Src/App/servo.o
                0x0000000008004434                Servo_Set
 .text.Servo_Init
                0x00000000080046e0       0xbc ./Src/App/servo.o
                0x00000000080046e0                Servo_Init
 .text.Servo_Move
                0x000000000800479c       0xdc ./Src/App/servo.o
                0x000000000800479c                Servo_Move
 .text.Servo_Play_Pattern
                0x0000000008004878       0x90 ./Src/App/servo.o
                0x0000000008004878                Servo_Play_Pattern
 .text.Servo_Play_Trick_Pattern
                0x0000000008004908       0x84 ./Src/App/servo.o
                0x0000000008004908                Servo_Play_Trick_Pattern
 .text.Servo_Set_Kick
                0x000000000800498c       0xe4 ./Src/App/servo.o
                0x000000000800498c                Servo_Set_Kick
 .text.Servo_Drive
                0x0000000008004a70      0x37c ./Src/App/servo.o
                0x0000000008004a70                Servo_Drive
 .text.Settings_Bluetooth_Change
                0x0000000008004dec      0x168 ./Src/App/settings.o
                0x0000000008004dec                Settings_Bluetooth_Change
 .text.Settings_Reset
                0x0000000008004f54       0xc4 ./Src/App/settings.o
                0x0000000008004f54                Settings_Reset
 .text.Settings_Read
                0x0000000008005018       0xa0 ./Src/App/settings.o
                0x0000000008005018                Settings_Read
 .text.main     0x00000000080050b8       0x32 ./Src/main.o
                0x00000000080050b8                main
 .text.SystemClock_Config
                0x00000000080050ea       0x82 ./Src/main.o
                0x00000000080050ea                SystemClock_Config
 .text.MX_CRC_Init
                0x000000000800516c       0x28 ./Src/main.o
 .text.MX_TIM1_Init
                0x0000000008005194       0xb4 ./Src/main.o
 .text.MX_TIM2_Init
                0x0000000008005248       0xe8 ./Src/main.o
 .text.MX_TIM3_Init
                0x0000000008005330      0x130 ./Src/main.o
 .text.MX_TIM4_Init
                0x0000000008005460      0x130 ./Src/main.o
 .text.MX_USART1_UART_Init
                0x0000000008005590       0x54 ./Src/main.o
 .text.MX_GPIO_Init
                0x00000000080055e4       0xbc ./Src/main.o
 .text.Error_Handler
                0x00000000080056a0        0xc ./Src/main.o
                0x00000000080056a0                Error_Handler
 .text.HAL_MspInit
                0x00000000080056ac       0x64 ./Src/stm32f1xx_hal_msp.o
                0x00000000080056ac                HAL_MspInit
 .text.HAL_CRC_MspInit
                0x0000000008005710       0x3c ./Src/stm32f1xx_hal_msp.o
                0x0000000008005710                HAL_CRC_MspInit
 .text.HAL_TIM_Base_MspInit
                0x000000000800574c       0xc0 ./Src/stm32f1xx_hal_msp.o
                0x000000000800574c                HAL_TIM_Base_MspInit
 .text.HAL_TIM_MspPostInit
                0x000000000800580c      0x110 ./Src/stm32f1xx_hal_msp.o
                0x000000000800580c                HAL_TIM_MspPostInit
 .text.HAL_UART_MspInit
                0x000000000800591c       0xa8 ./Src/stm32f1xx_hal_msp.o
                0x000000000800591c                HAL_UART_MspInit
 .text.NMI_Handler
                0x00000000080059c4        0xc ./Src/stm32f1xx_it.o
                0x00000000080059c4                NMI_Handler
 .text.HardFault_Handler
                0x00000000080059d0        0x6 ./Src/stm32f1xx_it.o
                0x00000000080059d0                HardFault_Handler
 .text.MemManage_Handler
                0x00000000080059d6        0x6 ./Src/stm32f1xx_it.o
                0x00000000080059d6                MemManage_Handler
 .text.BusFault_Handler
                0x00000000080059dc        0x6 ./Src/stm32f1xx_it.o
                0x00000000080059dc                BusFault_Handler
 .text.UsageFault_Handler
                0x00000000080059e2        0x6 ./Src/stm32f1xx_it.o
                0x00000000080059e2                UsageFault_Handler
 .text.SVC_Handler
                0x00000000080059e8        0xc ./Src/stm32f1xx_it.o
                0x00000000080059e8                SVC_Handler
 .text.DebugMon_Handler
                0x00000000080059f4        0xc ./Src/stm32f1xx_it.o
                0x00000000080059f4                DebugMon_Handler
 .text.PendSV_Handler
                0x0000000008005a00        0xc ./Src/stm32f1xx_it.o
                0x0000000008005a00                PendSV_Handler
 .text.SysTick_Handler
                0x0000000008005a0c       0x10 ./Src/stm32f1xx_it.o
                0x0000000008005a0c                SysTick_Handler
 .text.EXTI3_IRQHandler
                0x0000000008005a1c        0xe ./Src/stm32f1xx_it.o
                0x0000000008005a1c                EXTI3_IRQHandler
 .text.EXTI9_5_IRQHandler
                0x0000000008005a2a       0x10 ./Src/stm32f1xx_it.o
                0x0000000008005a2a                EXTI9_5_IRQHandler
 *fill*         0x0000000008005a3a        0x2 
 .text.TIM1_UP_IRQHandler
                0x0000000008005a3c       0x14 ./Src/stm32f1xx_it.o
                0x0000000008005a3c                TIM1_UP_IRQHandler
 .text.USART1_IRQHandler
                0x0000000008005a50       0x14 ./Src/stm32f1xx_it.o
                0x0000000008005a50                USART1_IRQHandler
 .text.SystemInit
                0x0000000008005a64       0x68 ./Src/system_stm32f1xx.o
                0x0000000008005a64                SystemInit
 .text.Reset_Handler
                0x0000000008005acc       0x48 ./Startup/startup_stm32f103c8tx.o
                0x0000000008005acc                Reset_Handler
 .text.Default_Handler
                0x0000000008005b14        0x2 ./Startup/startup_stm32f103c8tx.o
                0x0000000008005b14                RTC_Alarm_IRQHandler
                0x0000000008005b14                EXTI2_IRQHandler
                0x0000000008005b14                TIM1_CC_IRQHandler
                0x0000000008005b14                PVD_IRQHandler
                0x0000000008005b14                EXTI0_IRQHandler
                0x0000000008005b14                I2C2_EV_IRQHandler
                0x0000000008005b14                ADC1_2_IRQHandler
                0x0000000008005b14                SPI1_IRQHandler
                0x0000000008005b14                TAMPER_IRQHandler
                0x0000000008005b14                DMA1_Channel4_IRQHandler
                0x0000000008005b14                USART3_IRQHandler
                0x0000000008005b14                RTC_IRQHandler
                0x0000000008005b14                DMA1_Channel7_IRQHandler
                0x0000000008005b14                CAN1_RX1_IRQHandler
                0x0000000008005b14                TIM4_IRQHandler
                0x0000000008005b14                I2C1_EV_IRQHandler
                0x0000000008005b14                DMA1_Channel6_IRQHandler
                0x0000000008005b14                TIM3_IRQHandler
                0x0000000008005b14                RCC_IRQHandler
                0x0000000008005b14                TIM1_TRG_COM_IRQHandler
                0x0000000008005b14                DMA1_Channel1_IRQHandler
                0x0000000008005b14                Default_Handler
                0x0000000008005b14                EXTI15_10_IRQHandler
                0x0000000008005b14                SPI2_IRQHandler
                0x0000000008005b14                DMA1_Channel5_IRQHandler
                0x0000000008005b14                EXTI4_IRQHandler
                0x0000000008005b14                USB_LP_CAN1_RX0_IRQHandler
                0x0000000008005b14                USB_HP_CAN1_TX_IRQHandler
                0x0000000008005b14                DMA1_Channel3_IRQHandler
                0x0000000008005b14                WWDG_IRQHandler
                0x0000000008005b14                TIM2_IRQHandler
                0x0000000008005b14                TIM1_BRK_IRQHandler
                0x0000000008005b14                EXTI1_IRQHandler
                0x0000000008005b14                USART2_IRQHandler
                0x0000000008005b14                I2C2_ER_IRQHandler
                0x0000000008005b14                DMA1_Channel2_IRQHandler
                0x0000000008005b14                CAN1_SCE_IRQHandler
                0x0000000008005b14                FLASH_IRQHandler
                0x0000000008005b14                I2C1_ER_IRQHandler
                0x0000000008005b14                USBWakeUp_IRQHandler
 *fill*         0x0000000008005b16        0x2 
 .text.__libc_init_array
                0x0000000008005b18       0x48 c:/direct/st/stm32cubeide_1.9.0/stm32cubeide/plugins/com.st.stm32cube.ide.mcu.externaltools.gnu-tools-for-stm32.10.3-2021.10.win32_1.0.0.202111181127/tools/bin/../lib/gcc/arm-none-eabi/10.3.1/../../../../arm-none-eabi/lib/thumb/v7-m/nofp\libc_nano.a(lib_a-init.o)
                0x0000000008005b18                __libc_init_array
 .text.memset   0x0000000008005b60       0x10 c:/direct/st/stm32cubeide_1.9.0/stm32cubeide/plugins/com.st.stm32cube.ide.mcu.externaltools.gnu-tools-for-stm32.10.3-2021.10.win32_1.0.0.202111181127/tools/bin/../lib/gcc/arm-none-eabi/10.3.1/../../../../arm-none-eabi/lib/thumb/v7-m/nofp\libc_nano.a(lib_a-memset.o)
                0x0000000008005b60                memset
 *(.glue_7)
 .glue_7        0x0000000008005b70        0x0 linker stubs
 *(.glue_7t)
 .glue_7t       0x0000000008005b70        0x0 linker stubs
 *(.eh_frame)
 .eh_frame      0x0000000008005b70        0x0 c:/direct/st/stm32cubeide_1.9.0/stm32cubeide/plugins/com.st.stm32cube.ide.mcu.externaltools.gnu-tools-for-stm32.10.3-2021.10.win32_1.0.0.202111181127/tools/bin/../lib/gcc/arm-none-eabi/10.3.1/thumb/v7-m/nofp/crtbegin.o
 *(.init)
 .init          0x0000000008005b70        0x4 c:/direct/st/stm32cubeide_1.9.0/stm32cubeide/plugins/com.st.stm32cube.ide.mcu.externaltools.gnu-tools-for-stm32.10.3-2021.10.win32_1.0.0.202111181127/tools/bin/../lib/gcc/arm-none-eabi/10.3.1/thumb/v7-m/nofp/crti.o
                0x0000000008005b70                _init
 .init          0x0000000008005b74        0x8 c:/direct/st/stm32cubeide_1.9.0/stm32cubeide/plugins/com.st.stm32cube.ide.mcu.externaltools.gnu-tools-for-stm32.10.3-2021.10.win32_1.0.0.202111181127/tools/bin/../lib/gcc/arm-none-eabi/10.3.1/thumb/v7-m/nofp/crtn.o
 *(.fini)
 .fini          0x0000000008005b7c        0x4 c:/direct/st/stm32cubeide_1.9.0/stm32cubeide/plugins/com.st.stm32cube.ide.mcu.externaltools.gnu-tools-for-stm32.10.3-2021.10.win32_1.0.0.202111181127/tools/bin/../lib/gcc/arm-none-eabi/10.3.1/thumb/v7-m/nofp/crti.o
                0x0000000008005b7c                _fini
 .fini          0x0000000008005b80        0x8 c:/direct/st/stm32cubeide_1.9.0/stm32cubeide/plugins/com.st.stm32cube.ide.mcu.externaltools.gnu-tools-for-stm32.10.3-2021.10.win32_1.0.0.202111181127/tools/bin/../lib/gcc/arm-none-eabi/10.3.1/thumb/v7-m/nofp/crtn.o
                0x0000000008005b88                . = ALIGN (0x4)
                0x0000000008005b88                _etext = .

.vfp11_veneer   0x0000000008005b88        0x0
 .vfp11_veneer  0x0000000008005b88        0x0 linker stubs

.v4_bx          0x0000000008005b88        0x0
 .v4_bx         0x0000000008005b88        0x0 linker stubs

.iplt           0x0000000008005b88        0x0
 .iplt          0x0000000008005b88        0x0 c:/direct/st/stm32cubeide_1.9.0/stm32cubeide/plugins/com.st.stm32cube.ide.mcu.externaltools.gnu-tools-for-stm32.10.3-2021.10.win32_1.0.0.202111181127/tools/bin/../lib/gcc/arm-none-eabi/10.3.1/thumb/v7-m/nofp/crtbegin.o

.rodata         0x0000000008005b88       0x28
                0x0000000008005b88                . = ALIGN (0x4)
 *(.rodata)
 .rodata        0x0000000008005b88       0x10 ./Drivers/STM32F1xx_HAL_Driver/Src/stm32f1xx_hal_rcc.o
 *(.rodata*)
 .rodata.AHBPrescTable
                0x0000000008005b98       0x10 ./Src/system_stm32f1xx.o
                0x0000000008005b98                AHBPrescTable
 .rodata.APBPrescTable
                0x0000000008005ba8        0x8 ./Src/system_stm32f1xx.o
                0x0000000008005ba8                APBPrescTable
                0x0000000008005bb0                . = ALIGN (0x4)

.rel.dyn        0x0000000008005bb0        0x0
 .rel.iplt      0x0000000008005bb0        0x0 c:/direct/st/stm32cubeide_1.9.0/stm32cubeide/plugins/com.st.stm32cube.ide.mcu.externaltools.gnu-tools-for-stm32.10.3-2021.10.win32_1.0.0.202111181127/tools/bin/../lib/gcc/arm-none-eabi/10.3.1/thumb/v7-m/nofp/crtbegin.o

.ARM.extab      0x0000000008005bb0        0x0
                0x0000000008005bb0                . = ALIGN (0x4)
 *(.ARM.extab* .gnu.linkonce.armextab.*)
                0x0000000008005bb0                . = ALIGN (0x4)

.ARM            0x0000000008005bb0        0x0
                0x0000000008005bb0                . = ALIGN (0x4)
                0x0000000008005bb0                __exidx_start = .
 *(.ARM.exidx*)
                0x0000000008005bb0                __exidx_end = .
                0x0000000008005bb0                . = ALIGN (0x4)

.preinit_array  0x0000000008005bb0        0x0
                0x0000000008005bb0                . = ALIGN (0x4)
                0x0000000008005bb0                PROVIDE (__preinit_array_start = .)
 *(.preinit_array*)
                0x0000000008005bb0                PROVIDE (__preinit_array_end = .)
                0x0000000008005bb0                . = ALIGN (0x4)

.init_array     0x0000000008005bb0        0x4
                0x0000000008005bb0                . = ALIGN (0x4)
                0x0000000008005bb0                PROVIDE (__init_array_start = .)
 *(SORT_BY_NAME(.init_array.*))
 *(.init_array*)
 .init_array    0x0000000008005bb0        0x4 c:/direct/st/stm32cubeide_1.9.0/stm32cubeide/plugins/com.st.stm32cube.ide.mcu.externaltools.gnu-tools-for-stm32.10.3-2021.10.win32_1.0.0.202111181127/tools/bin/../lib/gcc/arm-none-eabi/10.3.1/thumb/v7-m/nofp/crtbegin.o
                0x0000000008005bb4                PROVIDE (__init_array_end = .)
                0x0000000008005bb4                . = ALIGN (0x4)

.fini_array     0x0000000008005bb4        0x4
                0x0000000008005bb4                . = ALIGN (0x4)
                [!provide]                        PROVIDE (__fini_array_start = .)
 *(SORT_BY_NAME(.fini_array.*))
 *(.fini_array*)
 .fini_array    0x0000000008005bb4        0x4 c:/direct/st/stm32cubeide_1.9.0/stm32cubeide/plugins/com.st.stm32cube.ide.mcu.externaltools.gnu-tools-for-stm32.10.3-2021.10.win32_1.0.0.202111181127/tools/bin/../lib/gcc/arm-none-eabi/10.3.1/thumb/v7-m/nofp/crtbegin.o
                [!provide]                        PROVIDE (__fini_array_end = .)
                0x0000000008005bb8                . = ALIGN (0x4)
                0x0000000008005bb8                _sidata = LOADADDR (.data)

.data           0x0000000020000000      0xca0 load address 0x0000000008005bb8
                0x0000000020000000                . = ALIGN (0x4)
                0x0000000020000000                _sdata = .
 *(.data)
 *(.data*)
 .data.uwTickPrio
                0x0000000020000000        0x4 ./Drivers/STM32F1xx_HAL_Driver/Src/stm32f1xx_hal.o
                0x0000000020000000                uwTickPrio
 .data.uwTickFreq
                0x0000000020000004        0x1 ./Drivers/STM32F1xx_HAL_Driver/Src/stm32f1xx_hal.o
                0x0000000020000004                uwTickFreq
 .data.app_movement_start
                0x0000000020000005        0x1 ./Src/App/app.o
                0x0000000020000005                app_movement_start
 .data.led_active
                0x0000000020000006        0x1 ./Src/App/led.o
                0x0000000020000006                led_active
 .data.led_current_breathing_speed
                0x0000000020000007        0x1 ./Src/App/led.o
                0x0000000020000007                led_current_breathing_speed
 .data.movements_standby_pose
                0x0000000020000008       0x20 ./Src/App/movements.o
                0x0000000020000008                movements_standby_pose
 .data.movements_calibration_pose
                0x0000000020000028       0x20 ./Src/App/movements.o
                0x0000000020000028                movements_calibration_pose
 .data.movements_buttons_mode_patterns
                0x0000000020000048      0x900 ./Src/App/movements.o
                0x0000000020000048                movements_buttons_mode_patterns
 .data.movements_drive_pattern
                0x0000000020000948       0x80 ./Src/App/movements.o
                0x0000000020000948                movements_drive_pattern
 .data.movements_special_tricks_swim
                0x00000000200009c8      0x1a0 ./Src/App/movements.o
                0x00000000200009c8                movements_special_tricks_swim
 .data.movements_kick_pose
                0x0000000020000b68       0x20 ./Src/App/movements.o
                0x0000000020000b68                movements_kick_pose
 .data.servo_min_pwm
                0x0000000020000b88        0x2 ./Src/App/servo.o
                0x0000000020000b88                servo_min_pwm
 .data.servo_max_pwm
                0x0000000020000b8a        0x2 ./Src/App/servo.o
                0x0000000020000b8a                servo_max_pwm
 .data.servo_calibration_step_pwm
                0x0000000020000b8c        0x2 ./Src/App/servo.o
                0x0000000020000b8c                servo_calibration_step_pwm
 *fill*         0x0000000020000b8e        0x2 
 .data.servo_current_values
                0x0000000020000b90       0x20 ./Src/App/servo.o
                0x0000000020000b90                servo_current_values
 .data.servo_drive_calculated_values
                0x0000000020000bb0       0x80 ./Src/App/servo.o
                0x0000000020000bb0                servo_drive_calculated_values
 .data.settings
                0x0000000020000c30       0x23 ./Src/App/settings.o
                0x0000000020000c30                settings
 *fill*         0x0000000020000c53        0x1 
 .data.settings_default
                0x0000000020000c54       0x23 ./Src/App/settings.o
 *fill*         0x0000000020000c77        0x1 
 .data.settings_bt_name_default
                0x0000000020000c78       0x13 ./Src/App/settings.o
 *fill*         0x0000000020000c8b        0x1 
 .data.settings_bt_password_default
                0x0000000020000c8c        0xd ./Src/App/settings.o
 *fill*         0x0000000020000c99        0x3 
 .data.SystemCoreClock
                0x0000000020000c9c        0x4 ./Src/system_stm32f1xx.o
                0x0000000020000c9c                SystemCoreClock
                0x0000000020000ca0                . = ALIGN (0x4)
                0x0000000020000ca0                _edata = .

.igot.plt       0x0000000020000ca0        0x0 load address 0x0000000008006858
 .igot.plt      0x0000000020000ca0        0x0 c:/direct/st/stm32cubeide_1.9.0/stm32cubeide/plugins/com.st.stm32cube.ide.mcu.externaltools.gnu-tools-for-stm32.10.3-2021.10.win32_1.0.0.202111181127/tools/bin/../lib/gcc/arm-none-eabi/10.3.1/thumb/v7-m/nofp/crtbegin.o
                0x0000000020000ca0                . = ALIGN (0x4)

.bss            0x0000000020000ca0      0x3f4 load address 0x0000000008006858
                0x0000000020000ca0                _sbss = .
                0x0000000020000ca0                __bss_start__ = _sbss
 *(.bss)
 .bss           0x0000000020000ca0       0x1c c:/direct/st/stm32cubeide_1.9.0/stm32cubeide/plugins/com.st.stm32cube.ide.mcu.externaltools.gnu-tools-for-stm32.10.3-2021.10.win32_1.0.0.202111181127/tools/bin/../lib/gcc/arm-none-eabi/10.3.1/thumb/v7-m/nofp/crtbegin.o
 *(.bss*)
 .bss.uwTick    0x0000000020000cbc        0x4 ./Drivers/STM32F1xx_HAL_Driver/Src/stm32f1xx_hal.o
                0x0000000020000cbc                uwTick
 .bss.pFlash    0x0000000020000cc0       0x20 ./Drivers/STM32F1xx_HAL_Driver/Src/stm32f1xx_hal_flash.o
                0x0000000020000cc0                pFlash
 .bss.app_action
                0x0000000020000ce0        0x1 ./Src/App/app.o
                0x0000000020000ce0                app_action
 .bss.app_action_name_and_password_changed
                0x0000000020000ce1        0x1 ./Src/App/app.o
                0x0000000020000ce1                app_action_name_and_password_changed
 .bss.app_return_to_stay
                0x0000000020000ce2        0x1 ./Src/App/app.o
                0x0000000020000ce2                app_return_to_stay
 .bss.app_button_mode_motion_speed
                0x0000000020000ce3        0x1 ./Src/App/app.o
                0x0000000020000ce3                app_button_mode_motion_speed
 .bss.app_kick_direction
                0x0000000020000ce4        0x1 ./Src/App/app.o
                0x0000000020000ce4                app_kick_direction
 .bss.app_kick_strength
                0x0000000020000ce5        0x1 ./Src/App/app.o
                0x0000000020000ce5                app_kick_strength
 .bss.app_driving_direction
                0x0000000020000ce6        0x2 ./Src/App/app.o
                0x0000000020000ce6                app_driving_direction
 .bss.app_driving_speed
                0x0000000020000ce8        0x2 ./Src/App/app.o
                0x0000000020000ce8                app_driving_speed
 .bss.app_action_button_reset
                0x0000000020000cea        0x1 ./Src/App/app.o
                0x0000000020000cea                app_action_button_reset
 *fill*         0x0000000020000ceb        0x1 
 .bss.bluetooth_rx_data
                0x0000000020000cec      0x200 ./Src/App/bluetooth.o
                0x0000000020000cec                bluetooth_rx_data
 .bss.EraseInitStruct
                0x0000000020000eec       0x10 ./Src/App/flash.o
 .bss.led_current_breathing_light_level
                0x0000000020000efc        0x1 ./Src/App/led.o
                0x0000000020000efc                led_current_breathing_light_level
 .bss.led_current_breathing_light_level_is_rising_or_falling
                0x0000000020000efd        0x1 ./Src/App/led.o
                0x0000000020000efd                led_current_breathing_light_level_is_rising_or_falling
 *fill*         0x0000000020000efe        0x2 
 .bss.led_how_much_ms_passed_since_last_direction_change
                0x0000000020000f00        0x4 ./Src/App/led.o
                0x0000000020000f00                led_how_much_ms_passed_since_last_direction_change
 .bss.led_current_level_in_breathing_sample
                0x0000000020000f04        0x1 ./Src/App/led.o
                0x0000000020000f04                led_current_level_in_breathing_sample
 *fill*         0x0000000020000f05        0x3 
 .bss.servo_movement_step_pwm
                0x0000000020000f08        0x4 ./Src/App/servo.o
                0x0000000020000f08                servo_movement_step_pwm
 .bss.servo_calibration_values
                0x0000000020000f0c        0x8 ./Src/App/servo.o
                0x0000000020000f0c                servo_calibration_values
 .bss.settings_bt_tmp
                0x0000000020000f14       0x14 ./Src/App/settings.o
 .bss.hcrc      0x0000000020000f28        0x8 ./Src/main.o
                0x0000000020000f28                hcrc
 .bss.htim1     0x0000000020000f30       0x48 ./Src/main.o
                0x0000000020000f30                htim1
 .bss.htim2     0x0000000020000f78       0x48 ./Src/main.o
                0x0000000020000f78                htim2
 .bss.htim3     0x0000000020000fc0       0x48 ./Src/main.o
                0x0000000020000fc0                htim3
 .bss.htim4     0x0000000020001008       0x48 ./Src/main.o
                0x0000000020001008                htim4
 .bss.huart1    0x0000000020001050       0x44 ./Src/main.o
                0x0000000020001050                huart1
 *(COMMON)
                0x0000000020001094                . = ALIGN (0x4)
                0x0000000020001094                _ebss = .
                0x0000000020001094                __bss_end__ = _ebss

._user_heap_stack
                0x0000000020001094      0x604 load address 0x0000000008006858
                0x0000000020001098                . = ALIGN (0x8)
 *fill*         0x0000000020001094        0x4 
                0x0000000020001098                PROVIDE (end = .)
                [!provide]                        PROVIDE (_end = .)
                0x0000000020001298                . = (. + _Min_Heap_Size)
 *fill*         0x0000000020001098      0x200 
                0x0000000020001698                . = (. + _Min_Stack_Size)
 *fill*         0x0000000020001298      0x400 
                0x0000000020001698                . = ALIGN (0x8)

/DISCARD/
 libc.a(*)
 libm.a(*)
 libgcc.a(*)

.ARM.attributes
                0x0000000000000000       0x29
 *(.ARM.attributes)
 .ARM.attributes
                0x0000000000000000       0x1d c:/direct/st/stm32cubeide_1.9.0/stm32cubeide/plugins/com.st.stm32cube.ide.mcu.externaltools.gnu-tools-for-stm32.10.3-2021.10.win32_1.0.0.202111181127/tools/bin/../lib/gcc/arm-none-eabi/10.3.1/thumb/v7-m/nofp/crti.o
 .ARM.attributes
                0x000000000000001d       0x2d c:/direct/st/stm32cubeide_1.9.0/stm32cubeide/plugins/com.st.stm32cube.ide.mcu.externaltools.gnu-tools-for-stm32.10.3-2021.10.win32_1.0.0.202111181127/tools/bin/../lib/gcc/arm-none-eabi/10.3.1/thumb/v7-m/nofp/crtbegin.o
 .ARM.attributes
                0x000000000000004a       0x2d ./Drivers/STM32F1xx_HAL_Driver/Src/stm32f1xx_hal.o
 .ARM.attributes
                0x0000000000000077       0x2d ./Drivers/STM32F1xx_HAL_Driver/Src/stm32f1xx_hal_cortex.o
 .ARM.attributes
                0x00000000000000a4       0x2d ./Drivers/STM32F1xx_HAL_Driver/Src/stm32f1xx_hal_crc.o
 .ARM.attributes
                0x00000000000000d1       0x2d ./Drivers/STM32F1xx_HAL_Driver/Src/stm32f1xx_hal_dma.o
 .ARM.attributes
                0x00000000000000fe       0x2d ./Drivers/STM32F1xx_HAL_Driver/Src/stm32f1xx_hal_flash.o
 .ARM.attributes
                0x000000000000012b       0x2d ./Drivers/STM32F1xx_HAL_Driver/Src/stm32f1xx_hal_flash_ex.o
 .ARM.attributes
                0x0000000000000158       0x2d ./Drivers/STM32F1xx_HAL_Driver/Src/stm32f1xx_hal_gpio.o
 .ARM.attributes
                0x0000000000000185       0x2d ./Drivers/STM32F1xx_HAL_Driver/Src/stm32f1xx_hal_rcc.o
 .ARM.attributes
                0x00000000000001b2       0x2d ./Drivers/STM32F1xx_HAL_Driver/Src/stm32f1xx_hal_tim.o
 .ARM.attributes
                0x00000000000001df       0x2d ./Drivers/STM32F1xx_HAL_Driver/Src/stm32f1xx_hal_tim_ex.o
 .ARM.attributes
                0x000000000000020c       0x2d ./Drivers/STM32F1xx_HAL_Driver/Src/stm32f1xx_hal_uart.o
 .ARM.attributes
                0x0000000000000239       0x2d ./Src/App/app.o
 .ARM.attributes
                0x0000000000000266       0x2d ./Src/App/bluetooth.o
 .ARM.attributes
                0x0000000000000293       0x2d ./Src/App/flash.o
 .ARM.attributes
                0x00000000000002c0       0x2d ./Src/App/general.o
 .ARM.attributes
                0x00000000000002ed       0x2d ./Src/App/led.o
 .ARM.attributes
                0x000000000000031a       0x2d ./Src/App/movements.o
 .ARM.attributes
                0x0000000000000347       0x2d ./Src/App/servo.o
 .ARM.attributes
                0x0000000000000374       0x2d ./Src/App/settings.o
 .ARM.attributes
                0x00000000000003a1       0x2d ./Src/main.o
 .ARM.attributes
                0x00000000000003ce       0x2d ./Src/stm32f1xx_hal_msp.o
 .ARM.attributes
                0x00000000000003fb       0x2d ./Src/stm32f1xx_it.o
 .ARM.attributes
                0x0000000000000428       0x2d ./Src/system_stm32f1xx.o
 .ARM.attributes
                0x0000000000000455       0x21 ./Startup/startup_stm32f103c8tx.o
 .ARM.attributes
                0x0000000000000476       0x2d c:/direct/st/stm32cubeide_1.9.0/stm32cubeide/plugins/com.st.stm32cube.ide.mcu.externaltools.gnu-tools-for-stm32.10.3-2021.10.win32_1.0.0.202111181127/tools/bin/../lib/gcc/arm-none-eabi/10.3.1/../../../../arm-none-eabi/lib/thumb/v7-m/nofp\libc_nano.a(lib_a-init.o)
 .ARM.attributes
                0x00000000000004a3       0x2d c:/direct/st/stm32cubeide_1.9.0/stm32cubeide/plugins/com.st.stm32cube.ide.mcu.externaltools.gnu-tools-for-stm32.10.3-2021.10.win32_1.0.0.202111181127/tools/bin/../lib/gcc/arm-none-eabi/10.3.1/../../../../arm-none-eabi/lib/thumb/v7-m/nofp\libc_nano.a(lib_a-memset.o)
 .ARM.attributes
                0x00000000000004d0       0x1d c:/direct/st/stm32cubeide_1.9.0/stm32cubeide/plugins/com.st.stm32cube.ide.mcu.externaltools.gnu-tools-for-stm32.10.3-2021.10.win32_1.0.0.202111181127/tools/bin/../lib/gcc/arm-none-eabi/10.3.1/thumb/v7-m/nofp\libgcc.a(_arm_addsubsf3.o)
 .ARM.attributes
                0x00000000000004ed       0x1d c:/direct/st/stm32cubeide_1.9.0/stm32cubeide/plugins/com.st.stm32cube.ide.mcu.externaltools.gnu-tools-for-stm32.10.3-2021.10.win32_1.0.0.202111181127/tools/bin/../lib/gcc/arm-none-eabi/10.3.1/thumb/v7-m/nofp\libgcc.a(_arm_muldivsf3.o)
 .ARM.attributes
                0x000000000000050a       0x1d c:/direct/st/stm32cubeide_1.9.0/stm32cubeide/plugins/com.st.stm32cube.ide.mcu.externaltools.gnu-tools-for-stm32.10.3-2021.10.win32_1.0.0.202111181127/tools/bin/../lib/gcc/arm-none-eabi/10.3.1/thumb/v7-m/nofp\libgcc.a(_arm_fixunssfsi.o)
 .ARM.attributes
                0x0000000000000527       0x1d c:/direct/st/stm32cubeide_1.9.0/stm32cubeide/plugins/com.st.stm32cube.ide.mcu.externaltools.gnu-tools-for-stm32.10.3-2021.10.win32_1.0.0.202111181127/tools/bin/../lib/gcc/arm-none-eabi/10.3.1/thumb/v7-m/nofp/crtn.o
OUTPUT(Quadruped.elf elf32-littlearm)
LOAD linker stubs
LOAD c:/direct/st/stm32cubeide_1.9.0/stm32cubeide/plugins/com.st.stm32cube.ide.mcu.externaltools.gnu-tools-for-stm32.10.3-2021.10.win32_1.0.0.202111181127/tools/bin/../lib/gcc/arm-none-eabi/10.3.1/../../../../arm-none-eabi/lib/thumb/v7-m/nofp\libc.a
LOAD c:/direct/st/stm32cubeide_1.9.0/stm32cubeide/plugins/com.st.stm32cube.ide.mcu.externaltools.gnu-tools-for-stm32.10.3-2021.10.win32_1.0.0.202111181127/tools/bin/../lib/gcc/arm-none-eabi/10.3.1/../../../../arm-none-eabi/lib/thumb/v7-m/nofp\libm.a
LOAD c:/direct/st/stm32cubeide_1.9.0/stm32cubeide/plugins/com.st.stm32cube.ide.mcu.externaltools.gnu-tools-for-stm32.10.3-2021.10.win32_1.0.0.202111181127/tools/bin/../lib/gcc/arm-none-eabi/10.3.1/thumb/v7-m/nofp\libgcc.a

.debug_info     0x0000000000000000     0xf9ac
 .debug_info    0x0000000000000000      0x734 ./Drivers/STM32F1xx_HAL_Driver/Src/stm32f1xx_hal.o
 .debug_info    0x0000000000000734      0xb20 ./Drivers/STM32F1xx_HAL_Driver/Src/stm32f1xx_hal_cortex.o
 .debug_info    0x0000000000001254      0x3a6 ./Drivers/STM32F1xx_HAL_Driver/Src/stm32f1xx_hal_crc.o
 .debug_info    0x00000000000015fa      0x73f ./Drivers/STM32F1xx_HAL_Driver/Src/stm32f1xx_hal_dma.o
 .debug_info    0x0000000000001d39      0x547 ./Drivers/STM32F1xx_HAL_Driver/Src/stm32f1xx_hal_flash.o
 .debug_info    0x0000000000002280      0x7e5 ./Drivers/STM32F1xx_HAL_Driver/Src/stm32f1xx_hal_flash_ex.o
 .debug_info    0x0000000000002a65      0x615 ./Drivers/STM32F1xx_HAL_Driver/Src/stm32f1xx_hal_gpio.o
 .debug_info    0x000000000000307a      0x860 ./Drivers/STM32F1xx_HAL_Driver/Src/stm32f1xx_hal_rcc.o
 .debug_info    0x00000000000038da     0x29de ./Drivers/STM32F1xx_HAL_Driver/Src/stm32f1xx_hal_tim.o
 .debug_info    0x00000000000062b8     0x1513 ./Drivers/STM32F1xx_HAL_Driver/Src/stm32f1xx_hal_tim_ex.o
 .debug_info    0x00000000000077cb     0x15d8 ./Drivers/STM32F1xx_HAL_Driver/Src/stm32f1xx_hal_uart.o
 .debug_info    0x0000000000008da3      0xdc8 ./Src/App/app.o
 .debug_info    0x0000000000009b6b      0xc90 ./Src/App/bluetooth.o
 .debug_info    0x000000000000a7fb      0x2c6 ./Src/App/flash.o
 .debug_info    0x000000000000aac1      0x27d ./Src/App/general.o
 .debug_info    0x000000000000ad3e      0x76f ./Src/App/led.o
 .debug_info    0x000000000000b4ad      0x150 ./Src/App/movements.o
 .debug_info    0x000000000000b5fd      0x9fe ./Src/App/servo.o
 .debug_info    0x000000000000bffb      0x95c ./Src/App/settings.o
 .debug_info    0x000000000000c957     0x129a ./Src/main.o
 .debug_info    0x000000000000dbf1      0xfd4 ./Src/stm32f1xx_hal_msp.o
 .debug_info    0x000000000000ebc5      0x9cd ./Src/stm32f1xx_it.o
 .debug_info    0x000000000000f592      0x3f8 ./Src/system_stm32f1xx.o
 .debug_info    0x000000000000f98a       0x22 ./Startup/startup_stm32f103c8tx.o

.debug_abbrev   0x0000000000000000     0x2d38
 .debug_abbrev  0x0000000000000000      0x1fb ./Drivers/STM32F1xx_HAL_Driver/Src/stm32f1xx_hal.o
 .debug_abbrev  0x00000000000001fb      0x2ed ./Drivers/STM32F1xx_HAL_Driver/Src/stm32f1xx_hal_cortex.o
 .debug_abbrev  0x00000000000004e8      0x19e ./Drivers/STM32F1xx_HAL_Driver/Src/stm32f1xx_hal_crc.o
 .debug_abbrev  0x0000000000000686      0x1fe ./Drivers/STM32F1xx_HAL_Driver/Src/stm32f1xx_hal_dma.o
 .debug_abbrev  0x0000000000000884      0x243 ./Drivers/STM32F1xx_HAL_Driver/Src/stm32f1xx_hal_flash.o
 .debug_abbrev  0x0000000000000ac7      0x23b ./Drivers/STM32F1xx_HAL_Driver/Src/stm32f1xx_hal_flash_ex.o
 .debug_abbrev  0x0000000000000d02      0x1bb ./Drivers/STM32F1xx_HAL_Driver/Src/stm32f1xx_hal_gpio.o
 .debug_abbrev  0x0000000000000ebd      0x2a8 ./Drivers/STM32F1xx_HAL_Driver/Src/stm32f1xx_hal_rcc.o
 .debug_abbrev  0x0000000000001165      0x25d ./Drivers/STM32F1xx_HAL_Driver/Src/stm32f1xx_hal_tim.o
 .debug_abbrev  0x00000000000013c2      0x265 ./Drivers/STM32F1xx_HAL_Driver/Src/stm32f1xx_hal_tim_ex.o
 .debug_abbrev  0x0000000000001627      0x278 ./Drivers/STM32F1xx_HAL_Driver/Src/stm32f1xx_hal_uart.o
 .debug_abbrev  0x000000000000189f      0x225 ./Src/App/app.o
 .debug_abbrev  0x0000000000001ac4      0x23b ./Src/App/bluetooth.o
 .debug_abbrev  0x0000000000001cff      0x128 ./Src/App/flash.o
 .debug_abbrev  0x0000000000001e27      0x11e ./Src/App/general.o
 .debug_abbrev  0x0000000000001f45      0x1c9 ./Src/App/led.o
 .debug_abbrev  0x000000000000210e       0x57 ./Src/App/movements.o
 .debug_abbrev  0x0000000000002165      0x1f1 ./Src/App/servo.o
 .debug_abbrev  0x0000000000002356      0x212 ./Src/App/settings.o
 .debug_abbrev  0x0000000000002568      0x2b3 ./Src/main.o
 .debug_abbrev  0x000000000000281b      0x21f ./Src/stm32f1xx_hal_msp.o
 .debug_abbrev  0x0000000000002a3a      0x1b1 ./Src/stm32f1xx_it.o
 .debug_abbrev  0x0000000000002beb      0x13b ./Src/system_stm32f1xx.o
 .debug_abbrev  0x0000000000002d26       0x12 ./Startup/startup_stm32f103c8tx.o

.debug_aranges  0x0000000000000000      0xf98
 .debug_aranges
                0x0000000000000000       0xe0 ./Drivers/STM32F1xx_HAL_Driver/Src/stm32f1xx_hal.o
 .debug_aranges
                0x00000000000000e0      0x100 ./Drivers/STM32F1xx_HAL_Driver/Src/stm32f1xx_hal_cortex.o
 .debug_aranges
                0x00000000000001e0       0x50 ./Drivers/STM32F1xx_HAL_Driver/Src/stm32f1xx_hal_crc.o
 .debug_aranges
                0x0000000000000230       0x80 ./Drivers/STM32F1xx_HAL_Driver/Src/stm32f1xx_hal_dma.o
 .debug_aranges
                0x00000000000002b0       0x88 ./Drivers/STM32F1xx_HAL_Driver/Src/stm32f1xx_hal_flash.o
 .debug_aranges
                0x0000000000000338       0x98 ./Drivers/STM32F1xx_HAL_Driver/Src/stm32f1xx_hal_flash_ex.o
 .debug_aranges
                0x00000000000003d0       0x58 ./Drivers/STM32F1xx_HAL_Driver/Src/stm32f1xx_hal_gpio.o
 .debug_aranges
                0x0000000000000428       0x90 ./Drivers/STM32F1xx_HAL_Driver/Src/stm32f1xx_hal_rcc.o
 .debug_aranges
                0x00000000000004b8      0x3d0 ./Drivers/STM32F1xx_HAL_Driver/Src/stm32f1xx_hal_tim.o
 .debug_aranges
                0x0000000000000888      0x168 ./Drivers/STM32F1xx_HAL_Driver/Src/stm32f1xx_hal_tim_ex.o
 .debug_aranges
                0x00000000000009f0      0x200 ./Drivers/STM32F1xx_HAL_Driver/Src/stm32f1xx_hal_uart.o
 .debug_aranges
                0x0000000000000bf0       0x90 ./Src/App/app.o
 .debug_aranges
                0x0000000000000c80       0x58 ./Src/App/bluetooth.o
 .debug_aranges
                0x0000000000000cd8       0x28 ./Src/App/flash.o
 .debug_aranges
                0x0000000000000d00       0x38 ./Src/App/general.o
 .debug_aranges
                0x0000000000000d38       0x38 ./Src/App/led.o
 .debug_aranges
                0x0000000000000d70       0x18 ./Src/App/movements.o
 .debug_aranges
                0x0000000000000d88       0x50 ./Src/App/servo.o
 .debug_aranges
                0x0000000000000dd8       0x30 ./Src/App/settings.o
 .debug_aranges
                0x0000000000000e08       0x68 ./Src/main.o
 .debug_aranges
                0x0000000000000e70       0x58 ./Src/stm32f1xx_hal_msp.o
 .debug_aranges
                0x0000000000000ec8       0x80 ./Src/stm32f1xx_it.o
 .debug_aranges
                0x0000000000000f48       0x28 ./Src/system_stm32f1xx.o
 .debug_aranges
                0x0000000000000f70       0x28 ./Startup/startup_stm32f103c8tx.o

.debug_ranges   0x0000000000000000      0xe60
 .debug_ranges  0x0000000000000000       0xd0 ./Drivers/STM32F1xx_HAL_Driver/Src/stm32f1xx_hal.o
 .debug_ranges  0x00000000000000d0       0xf0 ./Drivers/STM32F1xx_HAL_Driver/Src/stm32f1xx_hal_cortex.o
 .debug_ranges  0x00000000000001c0       0x40 ./Drivers/STM32F1xx_HAL_Driver/Src/stm32f1xx_hal_crc.o
 .debug_ranges  0x0000000000000200       0x70 ./Drivers/STM32F1xx_HAL_Driver/Src/stm32f1xx_hal_dma.o
 .debug_ranges  0x0000000000000270       0x78 ./Drivers/STM32F1xx_HAL_Driver/Src/stm32f1xx_hal_flash.o
 .debug_ranges  0x00000000000002e8       0x88 ./Drivers/STM32F1xx_HAL_Driver/Src/stm32f1xx_hal_flash_ex.o
 .debug_ranges  0x0000000000000370       0x48 ./Drivers/STM32F1xx_HAL_Driver/Src/stm32f1xx_hal_gpio.o
 .debug_ranges  0x00000000000003b8       0x80 ./Drivers/STM32F1xx_HAL_Driver/Src/stm32f1xx_hal_rcc.o
 .debug_ranges  0x0000000000000438      0x3c0 ./Drivers/STM32F1xx_HAL_Driver/Src/stm32f1xx_hal_tim.o
 .debug_ranges  0x00000000000007f8      0x158 ./Drivers/STM32F1xx_HAL_Driver/Src/stm32f1xx_hal_tim_ex.o
 .debug_ranges  0x0000000000000950      0x220 ./Drivers/STM32F1xx_HAL_Driver/Src/stm32f1xx_hal_uart.o
 .debug_ranges  0x0000000000000b70       0x80 ./Src/App/app.o
 .debug_ranges  0x0000000000000bf0       0x60 ./Src/App/bluetooth.o
 .debug_ranges  0x0000000000000c50       0x18 ./Src/App/flash.o
 .debug_ranges  0x0000000000000c68       0x28 ./Src/App/general.o
 .debug_ranges  0x0000000000000c90       0x28 ./Src/App/led.o
 .debug_ranges  0x0000000000000cb8       0x40 ./Src/App/servo.o
 .debug_ranges  0x0000000000000cf8       0x20 ./Src/App/settings.o
 .debug_ranges  0x0000000000000d18       0x58 ./Src/main.o
 .debug_ranges  0x0000000000000d70       0x48 ./Src/stm32f1xx_hal_msp.o
 .debug_ranges  0x0000000000000db8       0x70 ./Src/stm32f1xx_it.o
 .debug_ranges  0x0000000000000e28       0x18 ./Src/system_stm32f1xx.o
 .debug_ranges  0x0000000000000e40       0x20 ./Startup/startup_stm32f103c8tx.o

.debug_macro    0x0000000000000000    0x1904f
 .debug_macro   0x0000000000000000      0x1d1 ./Drivers/STM32F1xx_HAL_Driver/Src/stm32f1xx_hal.o
 .debug_macro   0x00000000000001d1      0xa6c ./Drivers/STM32F1xx_HAL_Driver/Src/stm32f1xx_hal.o
 .debug_macro   0x0000000000000c3d      0x221 ./Drivers/STM32F1xx_HAL_Driver/Src/stm32f1xx_hal.o
 .debug_macro   0x0000000000000e5e       0x2e ./Drivers/STM32F1xx_HAL_Driver/Src/stm32f1xx_hal.o
 .debug_macro   0x0000000000000e8c       0x22 ./Drivers/STM32F1xx_HAL_Driver/Src/stm32f1xx_hal.o
 .debug_macro   0x0000000000000eae       0x22 ./Drivers/STM32F1xx_HAL_Driver/Src/stm32f1xx_hal.o
 .debug_macro   0x0000000000000ed0       0x8e ./Drivers/STM32F1xx_HAL_Driver/Src/stm32f1xx_hal.o
 .debug_macro   0x0000000000000f5e       0x51 ./Drivers/STM32F1xx_HAL_Driver/Src/stm32f1xx_hal.o
 .debug_macro   0x0000000000000faf      0x103 ./Drivers/STM32F1xx_HAL_Driver/Src/stm32f1xx_hal.o
 .debug_macro   0x00000000000010b2       0x6a ./Drivers/STM32F1xx_HAL_Driver/Src/stm32f1xx_hal.o
 .debug_macro   0x000000000000111c      0x1df ./Drivers/STM32F1xx_HAL_Driver/Src/stm32f1xx_hal.o
 .debug_macro   0x00000000000012fb       0x1c ./Drivers/STM32F1xx_HAL_Driver/Src/stm32f1xx_hal.o
 .debug_macro   0x0000000000001317       0x22 ./Drivers/STM32F1xx_HAL_Driver/Src/stm32f1xx_hal.o
 .debug_macro   0x0000000000001339       0xbd ./Drivers/STM32F1xx_HAL_Driver/Src/stm32f1xx_hal.o
 .debug_macro   0x00000000000013f6      0xd23 ./Drivers/STM32F1xx_HAL_Driver/Src/stm32f1xx_hal.o
 .debug_macro   0x0000000000002119     0xe09e ./Drivers/STM32F1xx_HAL_Driver/Src/stm32f1xx_hal.o
 .debug_macro   0x00000000000101b7       0x6d ./Drivers/STM32F1xx_HAL_Driver/Src/stm32f1xx_hal.o
 .debug_macro   0x0000000000010224     0x3468 ./Drivers/STM32F1xx_HAL_Driver/Src/stm32f1xx_hal.o
 .debug_macro   0x000000000001368c      0x174 ./Drivers/STM32F1xx_HAL_Driver/Src/stm32f1xx_hal.o
 .debug_macro   0x0000000000013800       0x5c ./Drivers/STM32F1xx_HAL_Driver/Src/stm32f1xx_hal.o
 .debug_macro   0x000000000001385c      0x5be ./Drivers/STM32F1xx_HAL_Driver/Src/stm32f1xx_hal.o
 .debug_macro   0x0000000000013e1a      0x289 ./Drivers/STM32F1xx_HAL_Driver/Src/stm32f1xx_hal.o
 .debug_macro   0x00000000000140a3      0x1cb ./Drivers/STM32F1xx_HAL_Driver/Src/stm32f1xx_hal.o
 .debug_macro   0x000000000001426e      0x114 ./Drivers/STM32F1xx_HAL_Driver/Src/stm32f1xx_hal.o
 .debug_macro   0x0000000000014382      0x1b2 ./Drivers/STM32F1xx_HAL_Driver/Src/stm32f1xx_hal.o
 .debug_macro   0x0000000000014534       0x27 ./Drivers/STM32F1xx_HAL_Driver/Src/stm32f1xx_hal.o
 .debug_macro   0x000000000001455b      0x136 ./Drivers/STM32F1xx_HAL_Driver/Src/stm32f1xx_hal.o
 .debug_macro   0x0000000000014691      0x1bc ./Drivers/STM32F1xx_HAL_Driver/Src/stm32f1xx_hal.o
 .debug_macro   0x000000000001484d       0x34 ./Drivers/STM32F1xx_HAL_Driver/Src/stm32f1xx_hal.o
 .debug_macro   0x0000000000014881       0x3c ./Drivers/STM32F1xx_HAL_Driver/Src/stm32f1xx_hal.o
 .debug_macro   0x00000000000148bd       0x57 ./Drivers/STM32F1xx_HAL_Driver/Src/stm32f1xx_hal.o
 .debug_macro   0x0000000000014914       0x22 ./Drivers/STM32F1xx_HAL_Driver/Src/stm32f1xx_hal.o
 .debug_macro   0x0000000000014936       0x88 ./Drivers/STM32F1xx_HAL_Driver/Src/stm32f1xx_hal.o
 .debug_macro   0x00000000000149be      0x241 ./Drivers/STM32F1xx_HAL_Driver/Src/stm32f1xx_hal.o
 .debug_macro   0x0000000000014bff      0x141 ./Drivers/STM32F1xx_HAL_Driver/Src/stm32f1xx_hal.o
 .debug_macro   0x0000000000014d40      0x8d1 ./Drivers/STM32F1xx_HAL_Driver/Src/stm32f1xx_hal.o
 .debug_macro   0x0000000000015611      0x279 ./Drivers/STM32F1xx_HAL_Driver/Src/stm32f1xx_hal.o
 .debug_macro   0x000000000001588a       0x83 ./Drivers/STM32F1xx_HAL_Driver/Src/stm32f1xx_hal.o
 .debug_macro   0x000000000001590d      0x1ad ./Drivers/STM32F1xx_HAL_Driver/Src/stm32f1xx_hal_cortex.o
 .debug_macro   0x0000000000015aba      0x1ad ./Drivers/STM32F1xx_HAL_Driver/Src/stm32f1xx_hal_crc.o
 .debug_macro   0x0000000000015c67      0x1ad ./Drivers/STM32F1xx_HAL_Driver/Src/stm32f1xx_hal_dma.o
 .debug_macro   0x0000000000015e14      0x1ad ./Drivers/STM32F1xx_HAL_Driver/Src/stm32f1xx_hal_flash.o
 .debug_macro   0x0000000000015fc1      0x1bf ./Drivers/STM32F1xx_HAL_Driver/Src/stm32f1xx_hal_flash_ex.o
 .debug_macro   0x0000000000016180      0x218 ./Drivers/STM32F1xx_HAL_Driver/Src/stm32f1xx_hal_gpio.o
 .debug_macro   0x0000000000016398      0x1bf ./Drivers/STM32F1xx_HAL_Driver/Src/stm32f1xx_hal_rcc.o
 .debug_macro   0x0000000000016557      0x1ae ./Drivers/STM32F1xx_HAL_Driver/Src/stm32f1xx_hal_tim.o
 .debug_macro   0x0000000000016705      0x1ad ./Drivers/STM32F1xx_HAL_Driver/Src/stm32f1xx_hal_tim_ex.o
 .debug_macro   0x00000000000168b2      0x1ae ./Drivers/STM32F1xx_HAL_Driver/Src/stm32f1xx_hal_uart.o
 .debug_macro   0x0000000000016a60      0x1f0 ./Src/App/app.o
 .debug_macro   0x0000000000016c50       0xb8 ./Src/App/app.o
 .debug_macro   0x0000000000016d08       0x28 ./Src/App/app.o
 .debug_macro   0x0000000000016d30       0x10 ./Src/App/app.o
 .debug_macro   0x0000000000016d40       0x1c ./Src/App/app.o
 .debug_macro   0x0000000000016d5c      0x16c ./Src/App/app.o
 .debug_macro   0x0000000000016ec8      0x1e3 ./Src/App/bluetooth.o
 .debug_macro   0x00000000000170ab      0x1c0 ./Src/App/flash.o
 .debug_macro   0x000000000001726b      0x349 ./Src/App/general.o
 .debug_macro   0x00000000000175b4       0x4c ./Src/App/general.o
 .debug_macro   0x0000000000017600       0x18 ./Src/App/general.o
 .debug_macro   0x0000000000017618       0x94 ./Src/App/general.o
 .debug_macro   0x00000000000176ac       0x3c ./Src/App/general.o
 .debug_macro   0x00000000000176e8       0x34 ./Src/App/general.o
 .debug_macro   0x000000000001771c       0x16 ./Src/App/general.o
 .debug_macro   0x0000000000017732       0x57 ./Src/App/general.o
 .debug_macro   0x0000000000017789       0x97 ./Src/App/general.o
 .debug_macro   0x0000000000017820      0x341 ./Src/App/general.o
 .debug_macro   0x0000000000017b61       0xfd ./Src/App/general.o
 .debug_macro   0x0000000000017c5e       0x10 ./Src/App/general.o
 .debug_macro   0x0000000000017c6e       0x16 ./Src/App/general.o
 .debug_macro   0x0000000000017c84       0x43 ./Src/App/general.o
 .debug_macro   0x0000000000017cc7       0x34 ./Src/App/general.o
 .debug_macro   0x0000000000017cfb       0x10 ./Src/App/general.o
 .debug_macro   0x0000000000017d0b       0x58 ./Src/App/general.o
 .debug_macro   0x0000000000017d63       0x71 ./Src/App/general.o
 .debug_macro   0x0000000000017dd4       0x1c ./Src/App/general.o
 .debug_macro   0x0000000000017df0      0x12a ./Src/App/general.o
 .debug_macro   0x0000000000017f1a       0x10 ./Src/App/general.o
 .debug_macro   0x0000000000017f2a       0x1c ./Src/App/general.o
 .debug_macro   0x0000000000017f46       0x52 ./Src/App/general.o
 .debug_macro   0x0000000000017f98       0x22 ./Src/App/general.o
 .debug_macro   0x0000000000017fba       0x10 ./Src/App/general.o
 .debug_macro   0x0000000000017fca       0x52 ./Src/App/general.o
 .debug_macro   0x000000000001801c       0xd5 ./Src/App/general.o
 .debug_macro   0x00000000000180f1       0x1c ./Src/App/general.o
 .debug_macro   0x000000000001810d       0x3d ./Src/App/general.o
 .debug_macro   0x000000000001814a       0x16 ./Src/App/general.o
 .debug_macro   0x0000000000018160      0x145 ./Src/App/general.o
 .debug_macro   0x00000000000182a5       0x16 ./Src/App/general.o
 .debug_macro   0x00000000000182bb       0x35 ./Src/App/general.o
 .debug_macro   0x00000000000182f0       0x16 ./Src/App/general.o
 .debug_macro   0x0000000000018306       0x29 ./Src/App/general.o
 .debug_macro   0x000000000001832f       0x56 ./Src/App/general.o
 .debug_macro   0x0000000000018385      0x1c5 ./Src/App/led.o
 .debug_macro   0x000000000001854a       0x6c ./Src/App/movements.o
 .debug_macro   0x00000000000185b6      0x1ce ./Src/App/servo.o
 .debug_macro   0x0000000000018784      0x1c8 ./Src/App/settings.o
 .debug_macro   0x000000000001894c      0x1c5 ./Src/main.o
 .debug_macro   0x0000000000018b11      0x1bc ./Src/stm32f1xx_hal_msp.o
 .debug_macro   0x0000000000018ccd      0x1cf ./Src/stm32f1xx_it.o
 .debug_macro   0x0000000000018e9c      0x1b3 ./Src/system_stm32f1xx.o

.debug_line     0x0000000000000000    0x11e74
 .debug_line    0x0000000000000000      0x947 ./Drivers/STM32F1xx_HAL_Driver/Src/stm32f1xx_hal.o
 .debug_line    0x0000000000000947      0xb2f ./Drivers/STM32F1xx_HAL_Driver/Src/stm32f1xx_hal_cortex.o
 .debug_line    0x0000000000001476      0x7e2 ./Drivers/STM32F1xx_HAL_Driver/Src/stm32f1xx_hal_crc.o
 .debug_line    0x0000000000001c58      0xd9f ./Drivers/STM32F1xx_HAL_Driver/Src/stm32f1xx_hal_dma.o
 .debug_line    0x00000000000029f7      0xa24 ./Drivers/STM32F1xx_HAL_Driver/Src/stm32f1xx_hal_flash.o
 .debug_line    0x000000000000341b      0xb13 ./Drivers/STM32F1xx_HAL_Driver/Src/stm32f1xx_hal_flash_ex.o
 .debug_line    0x0000000000003f2e      0x9de ./Drivers/STM32F1xx_HAL_Driver/Src/stm32f1xx_hal_gpio.o
 .debug_line    0x000000000000490c      0xd55 ./Drivers/STM32F1xx_HAL_Driver/Src/stm32f1xx_hal_rcc.o
 .debug_line    0x0000000000005661     0x32fd ./Drivers/STM32F1xx_HAL_Driver/Src/stm32f1xx_hal_tim.o
 .debug_line    0x000000000000895e     0x186f ./Drivers/STM32F1xx_HAL_Driver/Src/stm32f1xx_hal_tim_ex.o
 .debug_line    0x000000000000a1cd     0x1a22 ./Drivers/STM32F1xx_HAL_Driver/Src/stm32f1xx_hal_uart.o
 .debug_line    0x000000000000bbef      0x9dc ./Src/App/app.o
 .debug_line    0x000000000000c5cb      0x974 ./Src/App/bluetooth.o
 .debug_line    0x000000000000cf3f      0x7f1 ./Src/App/flash.o
 .debug_line    0x000000000000d730      0x93e ./Src/App/general.o
 .debug_line    0x000000000000e06e      0x770 ./Src/App/led.o
 .debug_line    0x000000000000e7de      0x392 ./Src/App/movements.o
 .debug_line    0x000000000000eb70      0xa03 ./Src/App/servo.o
 .debug_line    0x000000000000f573      0x7df ./Src/App/settings.o
 .debug_line    0x000000000000fd52      0x984 ./Src/main.o
 .debug_line    0x00000000000106d6      0x825 ./Src/stm32f1xx_hal_msp.o
 .debug_line    0x0000000000010efb      0x7c8 ./Src/stm32f1xx_it.o
 .debug_line    0x00000000000116c3      0x732 ./Src/system_stm32f1xx.o
 .debug_line    0x0000000000011df5       0x7f ./Startup/startup_stm32f103c8tx.o

.debug_str      0x0000000000000000    0x8bd63
 .debug_str     0x0000000000000000    0x836e3 ./Drivers/STM32F1xx_HAL_Driver/Src/stm32f1xx_hal.o
                                      0x83b79 (size before relaxing)
 .debug_str     0x00000000000836e3      0x2cf ./Drivers/STM32F1xx_HAL_Driver/Src/stm32f1xx_hal_cortex.o
                                      0x83ac5 (size before relaxing)
 .debug_str     0x00000000000839b2      0x1af ./Drivers/STM32F1xx_HAL_Driver/Src/stm32f1xx_hal_crc.o
                                      0x83588 (size before relaxing)
 .debug_str     0x0000000000083b61      0x3a1 ./Drivers/STM32F1xx_HAL_Driver/Src/stm32f1xx_hal_dma.o
                                      0x837ef (size before relaxing)
 .debug_str     0x0000000000083f02      0x290 ./Drivers/STM32F1xx_HAL_Driver/Src/stm32f1xx_hal_flash.o
                                      0x83721 (size before relaxing)
 .debug_str     0x0000000000084192      0x35b ./Drivers/STM32F1xx_HAL_Driver/Src/stm32f1xx_hal_flash_ex.o
                                      0x838cf (size before relaxing)
 .debug_str     0x00000000000844ed      0x399 ./Drivers/STM32F1xx_HAL_Driver/Src/stm32f1xx_hal_gpio.o
                                      0x837cc (size before relaxing)
 .debug_str     0x0000000000084886      0x37b ./Drivers/STM32F1xx_HAL_Driver/Src/stm32f1xx_hal_rcc.o
                                      0x83875 (size before relaxing)
 .debug_str     0x0000000000084c01     0x10fe ./Drivers/STM32F1xx_HAL_Driver/Src/stm32f1xx_hal_tim.o
                                      0x84860 (size before relaxing)
 .debug_str     0x0000000000085cff      0x503 ./Drivers/STM32F1xx_HAL_Driver/Src/stm32f1xx_hal_tim_ex.o
                                      0x8407c (size before relaxing)
 .debug_str     0x0000000000086202      0x7d9 ./Drivers/STM32F1xx_HAL_Driver/Src/stm32f1xx_hal_uart.o
                                      0x83e80 (size before relaxing)
 .debug_str     0x00000000000869db      0xe64 ./Src/App/app.o
                                      0x84951 (size before relaxing)
 .debug_str     0x000000000008783f       0xe1 ./Src/App/bluetooth.o
                                      0x8411b (size before relaxing)
 .debug_str     0x0000000000087920       0x49 ./Src/App/flash.o
                                      0x837ab (size before relaxing)
 .debug_str     0x0000000000087969     0x3e89 ./Src/App/general.o
                                      0x87536 (size before relaxing)
 .debug_str     0x000000000008b7f2       0xfb ./Src/App/led.o
                                      0x83cb7 (size before relaxing)
 .debug_str     0x000000000008b8ed       0x6f ./Src/App/movements.o
                                       0x4384 (size before relaxing)
 .debug_str     0x000000000008b95c      0x11b ./Src/App/servo.o
                                      0x844d8 (size before relaxing)
 .debug_str     0x000000000008ba77       0x7c ./Src/App/settings.o
                                      0x83c21 (size before relaxing)
 .debug_str     0x000000000008baf3       0xc3 ./Src/main.o
                                      0x8462e (size before relaxing)
 .debug_str     0x000000000008bbb6       0x25 ./Src/stm32f1xx_hal_msp.o
                                      0x8425e (size before relaxing)
 .debug_str     0x000000000008bbdb       0xee ./Src/stm32f1xx_it.o
                                      0x83f01 (size before relaxing)
 .debug_str     0x000000000008bcc9       0x69 ./Src/system_stm32f1xx.o
                                      0x834bb (size before relaxing)
 .debug_str     0x000000000008bd32       0x31 ./Startup/startup_stm32f103c8tx.o
                                         0x79 (size before relaxing)

.comment        0x0000000000000000       0x50
 .comment       0x0000000000000000       0x50 ./Drivers/STM32F1xx_HAL_Driver/Src/stm32f1xx_hal.o
                                         0x51 (size before relaxing)
 .comment       0x0000000000000050       0x51 ./Drivers/STM32F1xx_HAL_Driver/Src/stm32f1xx_hal_cortex.o
 .comment       0x0000000000000050       0x51 ./Drivers/STM32F1xx_HAL_Driver/Src/stm32f1xx_hal_crc.o
 .comment       0x0000000000000050       0x51 ./Drivers/STM32F1xx_HAL_Driver/Src/stm32f1xx_hal_dma.o
 .comment       0x0000000000000050       0x51 ./Drivers/STM32F1xx_HAL_Driver/Src/stm32f1xx_hal_flash.o
 .comment       0x0000000000000050       0x51 ./Drivers/STM32F1xx_HAL_Driver/Src/stm32f1xx_hal_flash_ex.o
 .comment       0x0000000000000050       0x51 ./Drivers/STM32F1xx_HAL_Driver/Src/stm32f1xx_hal_gpio.o
 .comment       0x0000000000000050       0x51 ./Drivers/STM32F1xx_HAL_Driver/Src/stm32f1xx_hal_rcc.o
 .comment       0x0000000000000050       0x51 ./Drivers/STM32F1xx_HAL_Driver/Src/stm32f1xx_hal_tim.o
 .comment       0x0000000000000050       0x51 ./Drivers/STM32F1xx_HAL_Driver/Src/stm32f1xx_hal_tim_ex.o
 .comment       0x0000000000000050       0x51 ./Drivers/STM32F1xx_HAL_Driver/Src/stm32f1xx_hal_uart.o
 .comment       0x0000000000000050       0x51 ./Src/App/app.o
 .comment       0x0000000000000050       0x51 ./Src/App/bluetooth.o
 .comment       0x0000000000000050       0x51 ./Src/App/flash.o
 .comment       0x0000000000000050       0x51 ./Src/App/general.o
 .comment       0x0000000000000050       0x51 ./Src/App/led.o
 .comment       0x0000000000000050       0x51 ./Src/App/movements.o
 .comment       0x0000000000000050       0x51 ./Src/App/servo.o
 .comment       0x0000000000000050       0x51 ./Src/App/settings.o
 .comment       0x0000000000000050       0x51 ./Src/main.o
 .comment       0x0000000000000050       0x51 ./Src/stm32f1xx_hal_msp.o
 .comment       0x0000000000000050       0x51 ./Src/stm32f1xx_it.o
 .comment       0x0000000000000050       0x51 ./Src/system_stm32f1xx.o

.debug_frame    0x0000000000000000     0x3eec
 .debug_frame   0x0000000000000000      0x334 ./Drivers/STM32F1xx_HAL_Driver/Src/stm32f1xx_hal.o
 .debug_frame   0x0000000000000334      0x428 ./Drivers/STM32F1xx_HAL_Driver/Src/stm32f1xx_hal_cortex.o
 .debug_frame   0x000000000000075c      0x120 ./Drivers/STM32F1xx_HAL_Driver/Src/stm32f1xx_hal_crc.o
 .debug_frame   0x000000000000087c      0x208 ./Drivers/STM32F1xx_HAL_Driver/Src/stm32f1xx_hal_dma.o
 .debug_frame   0x0000000000000a84      0x20c ./Drivers/STM32F1xx_HAL_Driver/Src/stm32f1xx_hal_flash.o
 .debug_frame   0x0000000000000c90      0x258 ./Drivers/STM32F1xx_HAL_Driver/Src/stm32f1xx_hal_flash_ex.o
 .debug_frame   0x0000000000000ee8      0x14c ./Drivers/STM32F1xx_HAL_Driver/Src/stm32f1xx_hal_gpio.o
 .debug_frame   0x0000000000001034      0x21c ./Drivers/STM32F1xx_HAL_Driver/Src/stm32f1xx_hal_rcc.o
 .debug_frame   0x0000000000001250     0x11b8 ./Drivers/STM32F1xx_HAL_Driver/Src/stm32f1xx_hal_tim.o
 .debug_frame   0x0000000000002408      0x638 ./Drivers/STM32F1xx_HAL_Driver/Src/stm32f1xx_hal_tim_ex.o
 .debug_frame   0x0000000000002a40      0x914 ./Drivers/STM32F1xx_HAL_Driver/Src/stm32f1xx_hal_uart.o
 .debug_frame   0x0000000000003354      0x200 ./Src/App/app.o
 .debug_frame   0x0000000000003554      0x10c ./Src/App/bluetooth.o
 .debug_frame   0x0000000000003660       0x64 ./Src/App/flash.o
 .debug_frame   0x00000000000036c4       0xa8 ./Src/App/general.o
 .debug_frame   0x000000000000376c       0x94 ./Src/App/led.o
 .debug_frame   0x0000000000003800      0x118 ./Src/App/servo.o
 .debug_frame   0x0000000000003918       0x74 ./Src/App/settings.o
 .debug_frame   0x000000000000398c      0x15c ./Src/main.o
 .debug_frame   0x0000000000003ae8      0x13c ./Src/stm32f1xx_hal_msp.o
 .debug_frame   0x0000000000003c24      0x17c ./Src/stm32f1xx_it.o
 .debug_frame   0x0000000000003da0       0x58 ./Src/system_stm32f1xx.o
 .debug_frame   0x0000000000003df8       0x2c c:/direct/st/stm32cubeide_1.9.0/stm32cubeide/plugins/com.st.stm32cube.ide.mcu.externaltools.gnu-tools-for-stm32.10.3-2021.10.win32_1.0.0.202111181127/tools/bin/../lib/gcc/arm-none-eabi/10.3.1/../../../../arm-none-eabi/lib/thumb/v7-m/nofp\libc_nano.a(lib_a-init.o)
 .debug_frame   0x0000000000003e24       0x20 c:/direct/st/stm32cubeide_1.9.0/stm32cubeide/plugins/com.st.stm32cube.ide.mcu.externaltools.gnu-tools-for-stm32.10.3-2021.10.win32_1.0.0.202111181127/tools/bin/../lib/gcc/arm-none-eabi/10.3.1/../../../../arm-none-eabi/lib/thumb/v7-m/nofp\libc_nano.a(lib_a-memset.o)
 .debug_frame   0x0000000000003e44       0x4c c:/direct/st/stm32cubeide_1.9.0/stm32cubeide/plugins/com.st.stm32cube.ide.mcu.externaltools.gnu-tools-for-stm32.10.3-2021.10.win32_1.0.0.202111181127/tools/bin/../lib/gcc/arm-none-eabi/10.3.1/thumb/v7-m/nofp\libgcc.a(_arm_addsubsf3.o)
 .debug_frame   0x0000000000003e90       0x38 c:/direct/st/stm32cubeide_1.9.0/stm32cubeide/plugins/com.st.stm32cube.ide.mcu.externaltools.gnu-tools-for-stm32.10.3-2021.10.win32_1.0.0.202111181127/tools/bin/../lib/gcc/arm-none-eabi/10.3.1/thumb/v7-m/nofp\libgcc.a(_arm_muldivsf3.o)
 .debug_frame   0x0000000000003ec8       0x24 c:/direct/st/stm32cubeide_1.9.0/stm32cubeide/plugins/com.st.stm32cube.ide.mcu.externaltools.gnu-tools-for-stm32.10.3-2021.10.win32_1.0.0.202111181127/tools/bin/../lib/gcc/arm-none-eabi/10.3.1/thumb/v7-m/nofp\libgcc.a(_arm_fixunssfsi.o)
