../Src/App/Device/bluetooth.c:18:9:Bluetooth_Find_Rx_Length	24	static
../Src/App/Device/bluetooth.c:29:9:Bluetooth_Connected_Debounce	16	static
../Src/App/Device/bluetooth.c:48:9:Bluetooth_Connected	8	static
../Src/App/Device/bluetooth.c:54:6:Bluetooth_SysTick	8	static
../Src/App/Device/bluetooth.c:63:6:Bluetooth_Interrupt	24	static
../Src/App/Device/bluetooth.c:98:6:Bluetooth_Listen	8	static
../Src/App/Device/bluetooth.c:106:6:Bluetooth_Transmit	16	static
../Src/App/Device/bluetooth.c:111:10:Bluetooth_Rx_Data	4	static
../Src/App/Device/bluetooth.c:114:9:Bluetooth_Rx_Ready	4	static
../Src/App/Device/bluetooth.c:121:6:Bluetooth_Init	24	static
